[INFO] Scanning for projects...
[INFO] 
[INFO] -----------------< com.epicplayera10:PotionExpansion >------------------
[INFO] Building PotionExpansion WEI - 4 (git b5d0c31c)
[INFO] --------------------------------[ jar ]---------------------------------
[INFO] Downloading from paper-repo: https://repo.destroystokyo.com/repository/maven-public/org/spigotmc/spigot-api/1.17-R0.1-SNAPSHOT/spigot-api-1.17-R0.1-20210706.122143-68.jar
[INFO] Downloaded from paper-repo: https://repo.destroystokyo.com/repository/maven-public/org/spigotmc/spigot-api/1.17-R0.1-SNAPSHOT/spigot-api-1.17-R0.1-20210706.122143-68.jar (0 B at 0 B/s)
[INFO] 
[INFO] --- maven-clean-plugin:2.5:clean (default-clean) @ PotionExpansion ---
[INFO] 
[INFO] --- maven-resources-plugin:2.6:resources (default-resources) @ PotionExpansion ---
[INFO] Using 'UTF-8' encoding to copy filtered resources.
[INFO] Copying 2 resources
[INFO] 
[INFO] --- maven-compiler-plugin:3.1:compile (default-compile) @ PotionExpansion ---
[INFO] Changes detected - recompiling the module!
[INFO] Compiling 18 source files to /home/runner/work/builds/builds/SlimeTraditionalTranslation/PotionExpansion/master/files/target/classes
[INFO] 
[INFO] --- maven-resources-plugin:2.6:testResources (default-testResources) @ PotionExpansion ---
[INFO] Using 'UTF-8' encoding to copy filtered resources.
[INFO] skip non existing resourceDirectory /home/runner/work/builds/builds/SlimeTraditionalTranslation/PotionExpansion/master/files/src/test/resources
[INFO] 
[INFO] --- maven-compiler-plugin:3.1:testCompile (default-testCompile) @ PotionExpansion ---
[INFO] No sources to compile
[INFO] 
[INFO] --- maven-surefire-plugin:2.12.4:test (default-test) @ PotionExpansion ---
[INFO] No tests to run.
[INFO] 
[INFO] --- maven-jar-plugin:2.4:jar (default-jar) @ PotionExpansion ---
[INFO] Building jar: /home/runner/work/builds/builds/SlimeTraditionalTranslation/PotionExpansion/master/files/target/PotionExpansion-4.jar
[INFO] ------------------------------------------------------------------------
[INFO] BUILD SUCCESS
[INFO] ------------------------------------------------------------------------
[INFO] Total time:  3.878 s
[INFO] Finished at: 2021-09-07T15:14:41Z
[INFO] ------------------------------------------------------------------------
