[INFO] Scanning for projects...
[INFO] 
[INFO] -----------< io.github.addoncommunity.galactifun:Galactifun >-----------
[INFO] Building Galactifun EFI - 52 (git e0ad52d1)
[INFO] --------------------------------[ jar ]---------------------------------
[INFO] Downloading from maven-snapshots: https://repository.apache.org/content/repositories/snapshots/org/apache/maven/plugins/maven-compiler-plugin/3.1/maven-compiler-plugin-3.1.pom
[INFO] Downloading from central: https://repo.maven.apache.org/maven2/org/apache/maven/plugins/maven-compiler-plugin/3.1/maven-compiler-plugin-3.1.pom
[INFO] Downloaded from central: https://repo.maven.apache.org/maven2/org/apache/maven/plugins/maven-compiler-plugin/3.1/maven-compiler-plugin-3.1.pom (10 kB at 110 kB/s)
[INFO] Downloading from maven-snapshots: https://repository.apache.org/content/repositories/snapshots/org/apache/maven/plugins/maven-plugins/24/maven-plugins-24.pom
[INFO] Downloading from central: https://repo.maven.apache.org/maven2/org/apache/maven/plugins/maven-plugins/24/maven-plugins-24.pom
[INFO] Downloaded from central: https://repo.maven.apache.org/maven2/org/apache/maven/plugins/maven-plugins/24/maven-plugins-24.pom (11 kB at 450 kB/s)
[INFO] Downloading from maven-snapshots: https://repository.apache.org/content/repositories/snapshots/org/apache/maven/plugins/maven-compiler-plugin/3.1/maven-compiler-plugin-3.1.jar
[INFO] Downloading from central: https://repo.maven.apache.org/maven2/org/apache/maven/plugins/maven-compiler-plugin/3.1/maven-compiler-plugin-3.1.jar
[INFO] Downloaded from central: https://repo.maven.apache.org/maven2/org/apache/maven/plugins/maven-compiler-plugin/3.1/maven-compiler-plugin-3.1.jar (43 kB at 1.2 MB/s)
[INFO] Downloading from maven-snapshots: https://repository.apache.org/content/repositories/snapshots/org/apache/maven/plugins/maven-shade-plugin/3.3.1-SNAPSHOT/maven-metadata.xml
[INFO] Downloaded from maven-snapshots: https://repository.apache.org/content/repositories/snapshots/org/apache/maven/plugins/maven-shade-plugin/3.3.1-SNAPSHOT/maven-metadata.xml (1.0 kB at 3.3 kB/s)
[INFO] Downloading from maven-snapshots: https://repository.apache.org/content/repositories/snapshots/org/apache/maven/plugins/maven-shade-plugin/3.3.1-SNAPSHOT/maven-shade-plugin-3.3.1-20220911.102530-65.pom
[INFO] Downloaded from maven-snapshots: https://repository.apache.org/content/repositories/snapshots/org/apache/maven/plugins/maven-shade-plugin/3.3.1-SNAPSHOT/maven-shade-plugin-3.3.1-20220911.102530-65.pom (13 kB at 43 kB/s)
[INFO] Downloading from maven-snapshots: https://repository.apache.org/content/repositories/snapshots/org/apache/maven/plugins/maven-plugins/37/maven-plugins-37.pom
[INFO] Downloading from central: https://repo.maven.apache.org/maven2/org/apache/maven/plugins/maven-plugins/37/maven-plugins-37.pom
[INFO] Downloaded from central: https://repo.maven.apache.org/maven2/org/apache/maven/plugins/maven-plugins/37/maven-plugins-37.pom (9.9 kB at 450 kB/s)
[INFO] Downloading from maven-snapshots: https://repository.apache.org/content/repositories/snapshots/org/apache/maven/maven-parent/37/maven-parent-37.pom
[INFO] Downloading from central: https://repo.maven.apache.org/maven2/org/apache/maven/maven-parent/37/maven-parent-37.pom
[INFO] Downloaded from central: https://repo.maven.apache.org/maven2/org/apache/maven/maven-parent/37/maven-parent-37.pom (46 kB at 1.2 MB/s)
[INFO] Downloading from maven-snapshots: https://repository.apache.org/content/repositories/snapshots/org/apache/apache/27/apache-27.pom
[INFO] Downloading from central: https://repo.maven.apache.org/maven2/org/apache/apache/27/apache-27.pom
[INFO] Downloaded from central: https://repo.maven.apache.org/maven2/org/apache/apache/27/apache-27.pom (20 kB at 926 kB/s)
[INFO] Downloading from maven-snapshots: https://repository.apache.org/content/repositories/snapshots/org/apache/maven/plugins/maven-shade-plugin/3.3.1-SNAPSHOT/maven-shade-plugin-3.3.1-20220911.102530-65.jar
[INFO] Downloaded from maven-snapshots: https://repository.apache.org/content/repositories/snapshots/org/apache/maven/plugins/maven-shade-plugin/3.3.1-SNAPSHOT/maven-shade-plugin-3.3.1-20220911.102530-65.jar (142 kB at 195 kB/s)
[INFO] Downloading from papermc: https://papermc.io/repo/repository/maven-public/io/papermc/paper/paper-api/1.18-R0.1-SNAPSHOT/maven-metadata.xml
[INFO] Downloading from jitpack.io: https://jitpack.io/io/papermc/paper/paper-api/1.18-R0.1-SNAPSHOT/maven-metadata.xml
[INFO] Downloaded from papermc: https://papermc.io/repo/repository/maven-public/io/papermc/paper/paper-api/1.18-R0.1-SNAPSHOT/maven-metadata.xml (1.4 kB at 2.9 kB/s)
[INFO] Downloading from papermc: https://papermc.io/repo/repository/maven-public/io/papermc/paper/paper-api/1.18-R0.1-SNAPSHOT/paper-api-1.18-R0.1-20211210.020702-61.pom
[INFO] Downloaded from papermc: https://papermc.io/repo/repository/maven-public/io/papermc/paper/paper-api/1.18-R0.1-SNAPSHOT/paper-api-1.18-R0.1-20211210.020702-61.pom (4.0 kB at 9.7 kB/s)
[INFO] Downloading from papermc: https://papermc.io/repo/repository/maven-public/net/kyori/adventure-bom/4.9.3/adventure-bom-4.9.3.pom
[INFO] Downloaded from papermc: https://papermc.io/repo/repository/maven-public/net/kyori/adventure-bom/4.9.3/adventure-bom-4.9.3.pom (4.0 kB at 9.3 kB/s)
[INFO] Downloading from papermc: https://papermc.io/repo/repository/maven-public/commons-lang/commons-lang/2.6/commons-lang-2.6.pom
[INFO] Downloaded from papermc: https://papermc.io/repo/repository/maven-public/commons-lang/commons-lang/2.6/commons-lang-2.6.pom (0 B at 0 B/s)
[INFO] Downloading from papermc: https://papermc.io/repo/repository/maven-public/org/apache/commons/commons-parent/17/commons-parent-17.pom
[INFO] Downloaded from papermc: https://papermc.io/repo/repository/maven-public/org/apache/commons/commons-parent/17/commons-parent-17.pom (0 B at 0 B/s)
[INFO] Downloading from papermc: https://papermc.io/repo/repository/maven-public/org/apache/apache/7/apache-7.pom
[INFO] Downloaded from papermc: https://papermc.io/repo/repository/maven-public/org/apache/apache/7/apache-7.pom (0 B at 0 B/s)
[INFO] Downloading from papermc: https://papermc.io/repo/repository/maven-public/com/google/guava/guava/31.0.1-jre/guava-31.0.1-jre.pom
[INFO] Downloaded from papermc: https://papermc.io/repo/repository/maven-public/com/google/guava/guava/31.0.1-jre/guava-31.0.1-jre.pom (11 kB at 26 kB/s)
[INFO] Downloading from papermc: https://papermc.io/repo/repository/maven-public/com/google/guava/guava-parent/31.0.1-jre/guava-parent-31.0.1-jre.pom
[INFO] Downloaded from papermc: https://papermc.io/repo/repository/maven-public/com/google/guava/guava-parent/31.0.1-jre/guava-parent-31.0.1-jre.pom (14 kB at 23 kB/s)
[INFO] Downloading from papermc: https://papermc.io/repo/repository/maven-public/com/google/guava/failureaccess/1.0.1/failureaccess-1.0.1.pom
[INFO] Downloaded from papermc: https://papermc.io/repo/repository/maven-public/com/google/guava/failureaccess/1.0.1/failureaccess-1.0.1.pom (2.4 kB at 5.7 kB/s)
[INFO] Downloading from papermc: https://papermc.io/repo/repository/maven-public/com/google/guava/guava-parent/26.0-android/guava-parent-26.0-android.pom
[INFO] Downloaded from papermc: https://papermc.io/repo/repository/maven-public/com/google/guava/guava-parent/26.0-android/guava-parent-26.0-android.pom (10 kB at 25 kB/s)
[INFO] Downloading from papermc: https://papermc.io/repo/repository/maven-public/com/google/guava/listenablefuture/9999.0-empty-to-avoid-conflict-with-guava/listenablefuture-9999.0-empty-to-avoid-conflict-with-guava.pom
[INFO] Downloaded from papermc: https://papermc.io/repo/repository/maven-public/com/google/guava/listenablefuture/9999.0-empty-to-avoid-conflict-with-guava/listenablefuture-9999.0-empty-to-avoid-conflict-with-guava.pom (2.3 kB at 5.6 kB/s)
[INFO] Downloading from papermc: https://papermc.io/repo/repository/maven-public/com/google/code/findbugs/jsr305/3.0.2/jsr305-3.0.2.pom
[INFO] Downloaded from papermc: https://papermc.io/repo/repository/maven-public/com/google/code/findbugs/jsr305/3.0.2/jsr305-3.0.2.pom (0 B at 0 B/s)
[INFO] Downloading from papermc: https://papermc.io/repo/repository/maven-public/org/sonatype/oss/oss-parent/7/oss-parent-7.pom
[INFO] Downloaded from papermc: https://papermc.io/repo/repository/maven-public/org/sonatype/oss/oss-parent/7/oss-parent-7.pom (0 B at 0 B/s)
[INFO] Downloading from papermc: https://papermc.io/repo/repository/maven-public/org/checkerframework/checker-qual/3.12.0/checker-qual-3.12.0.pom
[INFO] Downloaded from papermc: https://papermc.io/repo/repository/maven-public/org/checkerframework/checker-qual/3.12.0/checker-qual-3.12.0.pom (2.1 kB at 5.0 kB/s)
[INFO] Downloading from papermc: https://papermc.io/repo/repository/maven-public/com/google/errorprone/error_prone_annotations/2.7.1/error_prone_annotations-2.7.1.pom
[INFO] Downloaded from papermc: https://papermc.io/repo/repository/maven-public/com/google/errorprone/error_prone_annotations/2.7.1/error_prone_annotations-2.7.1.pom (2.1 kB at 5.1 kB/s)
[INFO] Downloading from papermc: https://papermc.io/repo/repository/maven-public/com/google/errorprone/error_prone_parent/2.7.1/error_prone_parent-2.7.1.pom
[INFO] Downloaded from papermc: https://papermc.io/repo/repository/maven-public/com/google/errorprone/error_prone_parent/2.7.1/error_prone_parent-2.7.1.pom (7.0 kB at 17 kB/s)
[INFO] Downloading from papermc: https://papermc.io/repo/repository/maven-public/com/google/j2objc/j2objc-annotations/1.3/j2objc-annotations-1.3.pom
[INFO] Downloaded from papermc: https://papermc.io/repo/repository/maven-public/com/google/j2objc/j2objc-annotations/1.3/j2objc-annotations-1.3.pom (2.8 kB at 6.6 kB/s)
[INFO] Downloading from papermc: https://papermc.io/repo/repository/maven-public/com/google/code/gson/gson/2.8.8/gson-2.8.8.pom
[INFO] Downloaded from papermc: https://papermc.io/repo/repository/maven-public/com/google/code/gson/gson/2.8.8/gson-2.8.8.pom (6.0 kB at 14 kB/s)
[INFO] Downloading from papermc: https://papermc.io/repo/repository/maven-public/com/google/code/gson/gson-parent/2.8.8/gson-parent-2.8.8.pom
[INFO] Downloaded from papermc: https://papermc.io/repo/repository/maven-public/com/google/code/gson/gson-parent/2.8.8/gson-parent-2.8.8.pom (4.6 kB at 11 kB/s)
[INFO] Downloading from papermc: https://papermc.io/repo/repository/maven-public/net/md-5/bungeecord-chat/1.16-R0.4/bungeecord-chat-1.16-R0.4.pom
[INFO] Downloaded from papermc: https://papermc.io/repo/repository/maven-public/net/md-5/bungeecord-chat/1.16-R0.4/bungeecord-chat-1.16-R0.4.pom (0 B at 0 B/s)
[INFO] Downloading from papermc: https://papermc.io/repo/repository/maven-public/net/md-5/bungeecord-parent/1.16-R0.4/bungeecord-parent-1.16-R0.4.pom
[INFO] Downloaded from papermc: https://papermc.io/repo/repository/maven-public/net/md-5/bungeecord-parent/1.16-R0.4/bungeecord-parent-1.16-R0.4.pom (0 B at 0 B/s)
[INFO] Downloading from papermc: https://papermc.io/repo/repository/maven-public/com/google/code/gson/gson/2.8.0/gson-2.8.0.pom
[INFO] Downloaded from papermc: https://papermc.io/repo/repository/maven-public/com/google/code/gson/gson/2.8.0/gson-2.8.0.pom (0 B at 0 B/s)
[INFO] Downloading from papermc: https://papermc.io/repo/repository/maven-public/com/google/code/gson/gson-parent/2.8.0/gson-parent-2.8.0.pom
[INFO] Downloaded from papermc: https://papermc.io/repo/repository/maven-public/com/google/code/gson/gson-parent/2.8.0/gson-parent-2.8.0.pom (0 B at 0 B/s)
[INFO] Downloading from papermc: https://papermc.io/repo/repository/maven-public/com/google/guava/guava/21.0/guava-21.0.pom
[INFO] Downloaded from papermc: https://papermc.io/repo/repository/maven-public/com/google/guava/guava/21.0/guava-21.0.pom (0 B at 0 B/s)
[INFO] Downloading from papermc: https://papermc.io/repo/repository/maven-public/com/google/guava/guava-parent/21.0/guava-parent-21.0.pom
[INFO] Downloaded from papermc: https://papermc.io/repo/repository/maven-public/com/google/guava/guava-parent/21.0/guava-parent-21.0.pom (0 B at 0 B/s)
[INFO] Downloading from papermc: https://papermc.io/repo/repository/maven-public/org/yaml/snakeyaml/1.28/snakeyaml-1.28.pom
[INFO] Downloaded from papermc: https://papermc.io/repo/repository/maven-public/org/yaml/snakeyaml/1.28/snakeyaml-1.28.pom (0 B at 0 B/s)
[INFO] Downloading from papermc: https://papermc.io/repo/repository/maven-public/com/googlecode/json-simple/json-simple/1.1.1/json-simple-1.1.1.pom
[INFO] Downloaded from papermc: https://papermc.io/repo/repository/maven-public/com/googlecode/json-simple/json-simple/1.1.1/json-simple-1.1.1.pom (3.5 kB at 8.2 kB/s)
[INFO] Downloading from papermc: https://papermc.io/repo/repository/maven-public/org/apache/logging/log4j/log4j-api/2.14.1/log4j-api-2.14.1.pom
[INFO] Downloaded from papermc: https://papermc.io/repo/repository/maven-public/org/apache/logging/log4j/log4j-api/2.14.1/log4j-api-2.14.1.pom (14 kB at 23 kB/s)
[INFO] Downloading from papermc: https://papermc.io/repo/repository/maven-public/org/apache/logging/log4j/log4j/2.14.1/log4j-2.14.1.pom
[INFO] Downloaded from papermc: https://papermc.io/repo/repository/maven-public/org/apache/logging/log4j/log4j/2.14.1/log4j-2.14.1.pom (68 kB at 58 kB/s)
[INFO] Downloading from papermc: https://papermc.io/repo/repository/maven-public/org/apache/logging/logging-parent/3/logging-parent-3.pom
[INFO] Downloaded from papermc: https://papermc.io/repo/repository/maven-public/org/apache/logging/logging-parent/3/logging-parent-3.pom (3.1 kB at 7.4 kB/s)
[INFO] Downloading from papermc: https://papermc.io/repo/repository/maven-public/org/slf4j/slf4j-api/1.8.0-beta4/slf4j-api-1.8.0-beta4.pom
[INFO] Downloaded from papermc: https://papermc.io/repo/repository/maven-public/org/slf4j/slf4j-api/1.8.0-beta4/slf4j-api-1.8.0-beta4.pom (1.7 kB at 4.0 kB/s)
[INFO] Downloading from papermc: https://papermc.io/repo/repository/maven-public/org/slf4j/slf4j-parent/1.8.0-beta4/slf4j-parent-1.8.0-beta4.pom
[INFO] Downloaded from papermc: https://papermc.io/repo/repository/maven-public/org/slf4j/slf4j-parent/1.8.0-beta4/slf4j-parent-1.8.0-beta4.pom (17 kB at 29 kB/s)
[INFO] Downloading from papermc: https://papermc.io/repo/repository/maven-public/net/kyori/adventure-api/4.9.3/adventure-api-4.9.3.pom
[INFO] Downloaded from papermc: https://papermc.io/repo/repository/maven-public/net/kyori/adventure-api/4.9.3/adventure-api-4.9.3.pom (3.2 kB at 7.0 kB/s)
[INFO] Downloading from papermc: https://papermc.io/repo/repository/maven-public/net/kyori/adventure-key/4.9.3/adventure-key-4.9.3.pom
[INFO] Downloaded from papermc: https://papermc.io/repo/repository/maven-public/net/kyori/adventure-key/4.9.3/adventure-key-4.9.3.pom (3.0 kB at 7.2 kB/s)
[INFO] Downloading from papermc: https://papermc.io/repo/repository/maven-public/net/kyori/examination-api/1.3.0/examination-api-1.3.0.pom
[INFO] Downloaded from papermc: https://papermc.io/repo/repository/maven-public/net/kyori/examination-api/1.3.0/examination-api-1.3.0.pom (2.1 kB at 4.9 kB/s)
[INFO] Downloading from papermc: https://papermc.io/repo/repository/maven-public/net/kyori/examination-string/1.3.0/examination-string-1.3.0.pom
[INFO] Downloaded from papermc: https://papermc.io/repo/repository/maven-public/net/kyori/examination-string/1.3.0/examination-string-1.3.0.pom (2.1 kB at 4.9 kB/s)
[INFO] Downloading from papermc: https://papermc.io/repo/repository/maven-public/net/kyori/adventure-text-serializer-gson/4.9.3/adventure-text-serializer-gson-4.9.3.pom
[INFO] Downloaded from papermc: https://papermc.io/repo/repository/maven-public/net/kyori/adventure-text-serializer-gson/4.9.3/adventure-text-serializer-gson-4.9.3.pom (2.9 kB at 6.7 kB/s)
[INFO] Downloading from papermc: https://papermc.io/repo/repository/maven-public/net/kyori/adventure-text-serializer-legacy/4.9.3/adventure-text-serializer-legacy-4.9.3.pom
[INFO] Downloaded from papermc: https://papermc.io/repo/repository/maven-public/net/kyori/adventure-text-serializer-legacy/4.9.3/adventure-text-serializer-legacy-4.9.3.pom (2.7 kB at 6.3 kB/s)
[INFO] Downloading from papermc: https://papermc.io/repo/repository/maven-public/net/kyori/adventure-text-serializer-plain/4.9.3/adventure-text-serializer-plain-4.9.3.pom
[INFO] Downloaded from papermc: https://papermc.io/repo/repository/maven-public/net/kyori/adventure-text-serializer-plain/4.9.3/adventure-text-serializer-plain-4.9.3.pom (2.7 kB at 6.5 kB/s)
[INFO] Downloading from papermc: https://papermc.io/repo/repository/maven-public/org/checkerframework/checker-qual/3.19.0/checker-qual-3.19.0.pom
[INFO] Downloaded from papermc: https://papermc.io/repo/repository/maven-public/org/checkerframework/checker-qual/3.19.0/checker-qual-3.19.0.pom (2.1 kB at 5.1 kB/s)
[INFO] Downloading from papermc: https://papermc.io/repo/repository/maven-public/io/github/TheBusyBiscuit/Slimefun4/RC-29/Slimefun4-RC-29.pom
[INFO] Downloading from jitpack.io: https://jitpack.io/io/github/TheBusyBiscuit/Slimefun4/RC-29/Slimefun4-RC-29.pom
[INFO] Downloaded from jitpack.io: https://jitpack.io/io/github/TheBusyBiscuit/Slimefun4/RC-29/Slimefun4-RC-29.pom (14 kB at 26 kB/s)
[INFO] Downloading from papermc: https://papermc.io/repo/repository/maven-public/org/projectlombok/lombok/1.18.22/lombok-1.18.22.pom
[INFO] Downloaded from papermc: https://papermc.io/repo/repository/maven-public/org/projectlombok/lombok/1.18.22/lombok-1.18.22.pom (1.5 kB at 3.5 kB/s)
[INFO] Downloading from papermc: https://papermc.io/repo/repository/maven-public/io/github/SlimeTraditionalTranslation/InfinityLib/c867f68/InfinityLib-c867f68.pom
[INFO] Downloading from jitpack.io: https://jitpack.io/io/github/SlimeTraditionalTranslation/InfinityLib/c867f68/InfinityLib-c867f68.pom
[INFO] Downloaded from jitpack.io: https://jitpack.io/io/github/SlimeTraditionalTranslation/InfinityLib/c867f68/InfinityLib-c867f68.pom (6.0 kB at 14 kB/s)
[INFO] Downloading from papermc: https://papermc.io/repo/repository/maven-public/it/unimi/dsi/fastutil/8.5.6/fastutil-8.5.6.pom
[INFO] Downloaded from papermc: https://papermc.io/repo/repository/maven-public/it/unimi/dsi/fastutil/8.5.6/fastutil-8.5.6.pom (1.5 kB at 3.7 kB/s)
[INFO] Downloading from papermc: https://papermc.io/repo/repository/maven-public/com/github/seeseemelk/MockBukkit-v1.18/1.15.5/MockBukkit-v1.18-1.15.5.pom
[INFO] Downloaded from papermc: https://papermc.io/repo/repository/maven-public/com/github/seeseemelk/MockBukkit-v1.18/1.15.5/MockBukkit-v1.18-1.15.5.pom (2.5 kB at 5.9 kB/s)
[INFO] Downloading from papermc: https://papermc.io/repo/repository/maven-public/org/spigotmc/spigot-api/1.18.1-R0.1-SNAPSHOT/maven-metadata.xml
[INFO] Downloading from jitpack.io: https://jitpack.io/org/spigotmc/spigot-api/1.18.1-R0.1-SNAPSHOT/maven-metadata.xml
[INFO] Downloaded from papermc: https://papermc.io/repo/repository/maven-public/org/spigotmc/spigot-api/1.18.1-R0.1-SNAPSHOT/maven-metadata.xml (1.5 kB at 3.4 kB/s)
[INFO] Downloading from papermc: https://papermc.io/repo/repository/maven-public/org/spigotmc/spigot-api/1.18.1-R0.1-SNAPSHOT/spigot-api-1.18.1-R0.1-20220228.150432-81.pom
[INFO] Downloaded from papermc: https://papermc.io/repo/repository/maven-public/org/spigotmc/spigot-api/1.18.1-R0.1-SNAPSHOT/spigot-api-1.18.1-R0.1-20220228.150432-81.pom (11 kB at 25 kB/s)
[INFO] Downloading from papermc: https://papermc.io/repo/repository/maven-public/org/yaml/snakeyaml/1.30/snakeyaml-1.30.pom
[INFO] Downloaded from papermc: https://papermc.io/repo/repository/maven-public/org/yaml/snakeyaml/1.30/snakeyaml-1.30.pom (37 kB at 48 kB/s)
[INFO] Downloading from papermc: https://papermc.io/repo/repository/maven-public/org/junit/jupiter/junit-jupiter/5.7.2/junit-jupiter-5.7.2.pom
[INFO] Downloaded from papermc: https://papermc.io/repo/repository/maven-public/org/junit/jupiter/junit-jupiter/5.7.2/junit-jupiter-5.7.2.pom (3.2 kB at 7.7 kB/s)
[INFO] Downloading from papermc: https://papermc.io/repo/repository/maven-public/org/junit/junit-bom/5.7.2/junit-bom-5.7.2.pom
[INFO] Downloaded from papermc: https://papermc.io/repo/repository/maven-public/org/junit/junit-bom/5.7.2/junit-bom-5.7.2.pom (5.1 kB at 12 kB/s)
[INFO] Downloading from papermc: https://papermc.io/repo/repository/maven-public/org/junit/jupiter/junit-jupiter-api/5.7.2/junit-jupiter-api-5.7.2.pom
[INFO] Downloaded from papermc: https://papermc.io/repo/repository/maven-public/org/junit/jupiter/junit-jupiter-api/5.7.2/junit-jupiter-api-5.7.2.pom (3.2 kB at 7.7 kB/s)
[INFO] Downloading from papermc: https://papermc.io/repo/repository/maven-public/org/apiguardian/apiguardian-api/1.1.0/apiguardian-api-1.1.0.pom
[INFO] Downloaded from papermc: https://papermc.io/repo/repository/maven-public/org/apiguardian/apiguardian-api/1.1.0/apiguardian-api-1.1.0.pom (1.2 kB at 2.8 kB/s)
[INFO] Downloading from papermc: https://papermc.io/repo/repository/maven-public/org/opentest4j/opentest4j/1.2.0/opentest4j-1.2.0.pom
[INFO] Downloaded from papermc: https://papermc.io/repo/repository/maven-public/org/opentest4j/opentest4j/1.2.0/opentest4j-1.2.0.pom (1.7 kB at 4.0 kB/s)
[INFO] Downloading from papermc: https://papermc.io/repo/repository/maven-public/org/junit/platform/junit-platform-commons/1.7.2/junit-platform-commons-1.7.2.pom
[INFO] Downloaded from papermc: https://papermc.io/repo/repository/maven-public/org/junit/platform/junit-platform-commons/1.7.2/junit-platform-commons-1.7.2.pom (2.8 kB at 6.6 kB/s)
[INFO] Downloading from papermc: https://papermc.io/repo/repository/maven-public/org/junit/jupiter/junit-jupiter-params/5.7.2/junit-jupiter-params-5.7.2.pom
[INFO] Downloaded from papermc: https://papermc.io/repo/repository/maven-public/org/junit/jupiter/junit-jupiter-params/5.7.2/junit-jupiter-params-5.7.2.pom (3.0 kB at 7.1 kB/s)
[INFO] Downloading from papermc: https://papermc.io/repo/repository/maven-public/org/junit/jupiter/junit-jupiter-engine/5.7.2/junit-jupiter-engine-5.7.2.pom
[INFO] Downloaded from papermc: https://papermc.io/repo/repository/maven-public/org/junit/jupiter/junit-jupiter-engine/5.7.2/junit-jupiter-engine-5.7.2.pom (3.2 kB at 7.7 kB/s)
[INFO] Downloading from papermc: https://papermc.io/repo/repository/maven-public/org/junit/platform/junit-platform-engine/1.7.2/junit-platform-engine-1.7.2.pom
[INFO] Downloaded from papermc: https://papermc.io/repo/repository/maven-public/org/junit/platform/junit-platform-engine/1.7.2/junit-platform-engine-1.7.2.pom (3.2 kB at 7.7 kB/s)
[INFO] Downloading from papermc: https://papermc.io/repo/repository/maven-public/org/hamcrest/hamcrest-library/2.2/hamcrest-library-2.2.pom
[INFO] Downloaded from papermc: https://papermc.io/repo/repository/maven-public/org/hamcrest/hamcrest-library/2.2/hamcrest-library-2.2.pom (1.4 kB at 3.2 kB/s)
[INFO] Downloading from papermc: https://papermc.io/repo/repository/maven-public/org/hamcrest/hamcrest-core/2.2/hamcrest-core-2.2.pom
[INFO] Downloaded from papermc: https://papermc.io/repo/repository/maven-public/org/hamcrest/hamcrest-core/2.2/hamcrest-core-2.2.pom (1.4 kB at 3.2 kB/s)
[INFO] Downloading from papermc: https://papermc.io/repo/repository/maven-public/org/hamcrest/hamcrest/2.2/hamcrest-2.2.pom
[INFO] Downloaded from papermc: https://papermc.io/repo/repository/maven-public/org/hamcrest/hamcrest/2.2/hamcrest-2.2.pom (1.1 kB at 2.7 kB/s)
[INFO] Downloading from papermc: https://papermc.io/repo/repository/maven-public/commons-io/commons-io/2.11.0/commons-io-2.11.0.pom
[INFO] Downloaded from papermc: https://papermc.io/repo/repository/maven-public/commons-io/commons-io/2.11.0/commons-io-2.11.0.pom (20 kB at 32 kB/s)
[INFO] Downloading from papermc: https://papermc.io/repo/repository/maven-public/org/apache/commons/commons-parent/52/commons-parent-52.pom
[INFO] Downloaded from papermc: https://papermc.io/repo/repository/maven-public/org/apache/commons/commons-parent/52/commons-parent-52.pom (79 kB at 67 kB/s)
[INFO] Downloading from papermc: https://papermc.io/repo/repository/maven-public/org/jetbrains/annotations/21.0.1/annotations-21.0.1.pom
[INFO] Downloaded from papermc: https://papermc.io/repo/repository/maven-public/org/jetbrains/annotations/21.0.1/annotations-21.0.1.pom (1.3 kB at 3.2 kB/s)
[INFO] Downloading from papermc: https://papermc.io/repo/repository/maven-public/io/papermc/paper/paper-api/1.18-R0.1-SNAPSHOT/paper-api-1.18-R0.1-20211210.020702-61.jar
[INFO] Downloading from papermc: https://papermc.io/repo/repository/maven-public/commons-lang/commons-lang/2.6/commons-lang-2.6.jar
[INFO] Downloading from papermc: https://papermc.io/repo/repository/maven-public/com/google/guava/guava/31.0.1-jre/guava-31.0.1-jre.jar
[INFO] Downloading from papermc: https://papermc.io/repo/repository/maven-public/com/google/guava/failureaccess/1.0.1/failureaccess-1.0.1.jar
[INFO] Downloading from papermc: https://papermc.io/repo/repository/maven-public/com/google/guava/listenablefuture/9999.0-empty-to-avoid-conflict-with-guava/listenablefuture-9999.0-empty-to-avoid-conflict-with-guava.jar
[INFO] Downloaded from papermc: https://papermc.io/repo/repository/maven-public/commons-lang/commons-lang/2.6/commons-lang-2.6.jar (0 B at 0 B/s)
[INFO] Downloading from papermc: https://papermc.io/repo/repository/maven-public/com/google/errorprone/error_prone_annotations/2.7.1/error_prone_annotations-2.7.1.jar
[INFO] Downloaded from papermc: https://papermc.io/repo/repository/maven-public/io/papermc/paper/paper-api/1.18-R0.1-SNAPSHOT/paper-api-1.18-R0.1-20211210.020702-61.jar (1.7 MB at 3.7 MB/s)
[INFO] Downloading from papermc: https://papermc.io/repo/repository/maven-public/com/google/j2objc/j2objc-annotations/1.3/j2objc-annotations-1.3.jar
[INFO] Downloaded from papermc: https://papermc.io/repo/repository/maven-public/com/google/j2objc/j2objc-annotations/1.3/j2objc-annotations-1.3.jar (8.8 kB at 10 kB/s)
[INFO] Downloading from papermc: https://papermc.io/repo/repository/maven-public/com/google/code/gson/gson/2.8.8/gson-2.8.8.jar
[INFO] Downloaded from papermc: https://papermc.io/repo/repository/maven-public/com/google/guava/failureaccess/1.0.1/failureaccess-1.0.1.jar (4.6 kB at 4.6 kB/s)
[INFO] Downloading from papermc: https://papermc.io/repo/repository/maven-public/net/md-5/bungeecord-chat/1.16-R0.4/bungeecord-chat-1.16-R0.4.jar
[INFO] Downloaded from papermc: https://papermc.io/repo/repository/maven-public/com/google/guava/listenablefuture/9999.0-empty-to-avoid-conflict-with-guava/listenablefuture-9999.0-empty-to-avoid-conflict-with-guava.jar (2.2 kB at 2.1 kB/s)
[INFO] Downloading from papermc: https://papermc.io/repo/repository/maven-public/org/yaml/snakeyaml/1.28/snakeyaml-1.28.jar
[INFO] Downloaded from papermc: https://papermc.io/repo/repository/maven-public/net/md-5/bungeecord-chat/1.16-R0.4/bungeecord-chat-1.16-R0.4.jar (0 B at 0 B/s)
[INFO] Downloading from papermc: https://papermc.io/repo/repository/maven-public/com/googlecode/json-simple/json-simple/1.1.1/json-simple-1.1.1.jar
[INFO] Downloaded from papermc: https://papermc.io/repo/repository/maven-public/com/google/errorprone/error_prone_annotations/2.7.1/error_prone_annotations-2.7.1.jar (15 kB at 12 kB/s)
[INFO] Downloading from papermc: https://papermc.io/repo/repository/maven-public/org/apache/logging/log4j/log4j-api/2.14.1/log4j-api-2.14.1.jar
[INFO] Downloaded from papermc: https://papermc.io/repo/repository/maven-public/org/yaml/snakeyaml/1.28/snakeyaml-1.28.jar (0 B at 0 B/s)
[INFO] Downloading from papermc: https://papermc.io/repo/repository/maven-public/org/slf4j/slf4j-api/1.8.0-beta4/slf4j-api-1.8.0-beta4.jar
[INFO] Downloaded from papermc: https://papermc.io/repo/repository/maven-public/com/google/code/gson/gson/2.8.8/gson-2.8.8.jar (242 kB at 192 kB/s)
[INFO] Downloading from papermc: https://papermc.io/repo/repository/maven-public/net/kyori/adventure-api/4.9.3/adventure-api-4.9.3.jar
[INFO] Downloaded from papermc: https://papermc.io/repo/repository/maven-public/com/google/guava/guava/31.0.1-jre/guava-31.0.1-jre.jar (3.0 MB at 1.7 MB/s)
[INFO] Downloading from papermc: https://papermc.io/repo/repository/maven-public/net/kyori/adventure-key/4.9.3/adventure-key-4.9.3.jar
[INFO] Downloaded from papermc: https://papermc.io/repo/repository/maven-public/net/kyori/adventure-api/4.9.3/adventure-api-4.9.3.jar (286 kB at 158 kB/s)
[INFO] Downloading from papermc: https://papermc.io/repo/repository/maven-public/net/kyori/examination-api/1.3.0/examination-api-1.3.0.jar
[INFO] Downloaded from papermc: https://papermc.io/repo/repository/maven-public/com/googlecode/json-simple/json-simple/1.1.1/json-simple-1.1.1.jar (24 kB at 11 kB/s)
[INFO] Downloading from papermc: https://papermc.io/repo/repository/maven-public/net/kyori/examination-string/1.3.0/examination-string-1.3.0.jar
[INFO] Downloaded from papermc: https://papermc.io/repo/repository/maven-public/org/apache/logging/log4j/log4j-api/2.14.1/log4j-api-2.14.1.jar (300 kB at 137 kB/s)
[INFO] Downloading from papermc: https://papermc.io/repo/repository/maven-public/net/kyori/adventure-text-serializer-gson/4.9.3/adventure-text-serializer-gson-4.9.3.jar
[INFO] Downloaded from papermc: https://papermc.io/repo/repository/maven-public/net/kyori/examination-api/1.3.0/examination-api-1.3.0.jar (23 kB at 11 kB/s)
[INFO] Downloading from papermc: https://papermc.io/repo/repository/maven-public/net/kyori/adventure-text-serializer-legacy/4.9.3/adventure-text-serializer-legacy-4.9.3.jar
[INFO] Downloaded from papermc: https://papermc.io/repo/repository/maven-public/org/slf4j/slf4j-api/1.8.0-beta4/slf4j-api-1.8.0-beta4.jar (44 kB at 20 kB/s)
[INFO] Downloading from papermc: https://papermc.io/repo/repository/maven-public/net/kyori/adventure-text-serializer-plain/4.9.3/adventure-text-serializer-plain-4.9.3.jar
[INFO] Downloaded from papermc: https://papermc.io/repo/repository/maven-public/net/kyori/adventure-text-serializer-legacy/4.9.3/adventure-text-serializer-legacy-4.9.3.jar (24 kB at 9.1 kB/s)
[INFO] Downloading from papermc: https://papermc.io/repo/repository/maven-public/org/checkerframework/checker-qual/3.19.0/checker-qual-3.19.0.jar
[INFO] Downloaded from papermc: https://papermc.io/repo/repository/maven-public/net/kyori/adventure-key/4.9.3/adventure-key-4.9.3.jar (8.2 kB at 3.0 kB/s)
[INFO] Downloading from papermc: https://papermc.io/repo/repository/maven-public/io/github/TheBusyBiscuit/Slimefun4/RC-29/Slimefun4-RC-29.jar
[INFO] Downloading from papermc: https://papermc.io/repo/repository/maven-public/org/projectlombok/lombok/1.18.22/lombok-1.18.22.jar
[INFO] Downloaded from papermc: https://papermc.io/repo/repository/maven-public/org/checkerframework/checker-qual/3.19.0/checker-qual-3.19.0.jar (222 kB at 74 kB/s)
[INFO] Downloading from papermc: https://papermc.io/repo/repository/maven-public/com/google/code/findbugs/jsr305/3.0.2/jsr305-3.0.2.jar
[INFO] Downloaded from papermc: https://papermc.io/repo/repository/maven-public/net/kyori/examination-string/1.3.0/examination-string-1.3.0.jar (13 kB at 4.2 kB/s)
[INFO] Downloading from papermc: https://papermc.io/repo/repository/maven-public/io/github/SlimeTraditionalTranslation/InfinityLib/c867f68/InfinityLib-c867f68.jar
[INFO] Downloaded from papermc: https://papermc.io/repo/repository/maven-public/net/kyori/adventure-text-serializer-gson/4.9.3/adventure-text-serializer-gson-4.9.3.jar (38 kB at 12 kB/s)
[INFO] Downloading from papermc: https://papermc.io/repo/repository/maven-public/it/unimi/dsi/fastutil/8.5.6/fastutil-8.5.6.jar
[INFO] Downloaded from papermc: https://papermc.io/repo/repository/maven-public/com/google/code/findbugs/jsr305/3.0.2/jsr305-3.0.2.jar (0 B at 0 B/s)
[INFO] Downloading from papermc: https://papermc.io/repo/repository/maven-public/com/github/seeseemelk/MockBukkit-v1.18/1.15.5/MockBukkit-v1.18-1.15.5.jar
[INFO] Downloaded from papermc: https://papermc.io/repo/repository/maven-public/net/kyori/adventure-text-serializer-plain/4.9.3/adventure-text-serializer-plain-4.9.3.jar (13 kB at 3.9 kB/s)
[INFO] Downloading from papermc: https://papermc.io/repo/repository/maven-public/org/spigotmc/spigot-api/1.18.1-R0.1-SNAPSHOT/spigot-api-1.18.1-R0.1-20220228.150432-81.jar
[INFO] Downloading from papermc: https://papermc.io/repo/repository/maven-public/org/junit/jupiter/junit-jupiter/5.7.2/junit-jupiter-5.7.2.jar
[INFO] Downloaded from papermc: https://papermc.io/repo/repository/maven-public/com/github/seeseemelk/MockBukkit-v1.18/1.15.5/MockBukkit-v1.18-1.15.5.jar (307 kB at 84 kB/s)
[INFO] Downloading from papermc: https://papermc.io/repo/repository/maven-public/org/junit/jupiter/junit-jupiter-api/5.7.2/junit-jupiter-api-5.7.2.jar
[INFO] Downloaded from papermc: https://papermc.io/repo/repository/maven-public/org/projectlombok/lombok/1.18.22/lombok-1.18.22.jar (2.0 MB at 486 kB/s)
[INFO] Downloading from papermc: https://papermc.io/repo/repository/maven-public/org/apiguardian/apiguardian-api/1.1.0/apiguardian-api-1.1.0.jar
[INFO] Downloaded from papermc: https://papermc.io/repo/repository/maven-public/org/junit/jupiter/junit-jupiter-api/5.7.2/junit-jupiter-api-5.7.2.jar (176 kB at 43 kB/s)
[INFO] Downloading from papermc: https://papermc.io/repo/repository/maven-public/org/opentest4j/opentest4j/1.2.0/opentest4j-1.2.0.jar
[INFO] Downloaded from papermc: https://papermc.io/repo/repository/maven-public/org/spigotmc/spigot-api/1.18.1-R0.1-SNAPSHOT/spigot-api-1.18.1-R0.1-20220228.150432-81.jar (1.4 MB at 325 kB/s)
[INFO] Downloading from papermc: https://papermc.io/repo/repository/maven-public/org/junit/platform/junit-platform-commons/1.7.2/junit-platform-commons-1.7.2.jar
[INFO] Downloaded from papermc: https://papermc.io/repo/repository/maven-public/org/junit/jupiter/junit-jupiter/5.7.2/junit-jupiter-5.7.2.jar (6.4 kB at 1.5 kB/s)
[INFO] Downloading from papermc: https://papermc.io/repo/repository/maven-public/org/junit/jupiter/junit-jupiter-params/5.7.2/junit-jupiter-params-5.7.2.jar
[INFO] Downloaded from papermc: https://papermc.io/repo/repository/maven-public/org/opentest4j/opentest4j/1.2.0/opentest4j-1.2.0.jar (7.7 kB at 1.7 kB/s)
[INFO] Downloading from papermc: https://papermc.io/repo/repository/maven-public/org/junit/jupiter/junit-jupiter-engine/5.7.2/junit-jupiter-engine-5.7.2.jar
[INFO] Downloaded from papermc: https://papermc.io/repo/repository/maven-public/it/unimi/dsi/fastutil/8.5.6/fastutil-8.5.6.jar (24 MB at 5.0 MB/s)
[INFO] Downloading from papermc: https://papermc.io/repo/repository/maven-public/org/junit/platform/junit-platform-engine/1.7.2/junit-platform-engine-1.7.2.jar
[INFO] Downloaded from papermc: https://papermc.io/repo/repository/maven-public/org/apiguardian/apiguardian-api/1.1.0/apiguardian-api-1.1.0.jar (2.4 kB at 478 B/s)
[INFO] Downloading from papermc: https://papermc.io/repo/repository/maven-public/org/hamcrest/hamcrest-library/2.2/hamcrest-library-2.2.jar
[INFO] Downloaded from papermc: https://papermc.io/repo/repository/maven-public/org/junit/jupiter/junit-jupiter-engine/5.7.2/junit-jupiter-engine-5.7.2.jar (213 kB at 42 kB/s)
[INFO] Downloading from papermc: https://papermc.io/repo/repository/maven-public/org/hamcrest/hamcrest-core/2.2/hamcrest-core-2.2.jar
[INFO] Downloaded from papermc: https://papermc.io/repo/repository/maven-public/org/junit/platform/junit-platform-commons/1.7.2/junit-platform-commons-1.7.2.jar (100 kB at 18 kB/s)
[INFO] Downloading from papermc: https://papermc.io/repo/repository/maven-public/org/hamcrest/hamcrest/2.2/hamcrest-2.2.jar
[INFO] Downloaded from papermc: https://papermc.io/repo/repository/maven-public/org/junit/jupiter/junit-jupiter-params/5.7.2/junit-jupiter-params-5.7.2.jar (567 kB at 104 kB/s)
[INFO] Downloading from papermc: https://papermc.io/repo/repository/maven-public/commons-io/commons-io/2.11.0/commons-io-2.11.0.jar
[INFO] Downloaded from papermc: https://papermc.io/repo/repository/maven-public/org/hamcrest/hamcrest-core/2.2/hamcrest-core-2.2.jar (1.5 kB at 273 B/s)
[INFO] Downloading from papermc: https://papermc.io/repo/repository/maven-public/org/jetbrains/annotations/21.0.1/annotations-21.0.1.jar
[INFO] Downloaded from papermc: https://papermc.io/repo/repository/maven-public/org/junit/platform/junit-platform-engine/1.7.2/junit-platform-engine-1.7.2.jar (181 kB at 32 kB/s)
[INFO] Downloaded from papermc: https://papermc.io/repo/repository/maven-public/org/jetbrains/annotations/21.0.1/annotations-21.0.1.jar (28 kB at 4.7 kB/s)
[INFO] Downloaded from papermc: https://papermc.io/repo/repository/maven-public/org/hamcrest/hamcrest-library/2.2/hamcrest-library-2.2.jar (1.5 kB at 256 B/s)
[INFO] Downloaded from papermc: https://papermc.io/repo/repository/maven-public/org/hamcrest/hamcrest/2.2/hamcrest-2.2.jar (123 kB at 19 kB/s)
[INFO] Downloaded from papermc: https://papermc.io/repo/repository/maven-public/commons-io/commons-io/2.11.0/commons-io-2.11.0.jar (327 kB at 50 kB/s)
[INFO] Downloading from jitpack.io: https://jitpack.io/io/github/TheBusyBiscuit/Slimefun4/RC-29/Slimefun4-RC-29.jar
[INFO] Downloading from jitpack.io: https://jitpack.io/io/github/SlimeTraditionalTranslation/InfinityLib/c867f68/InfinityLib-c867f68.jar
[INFO] Downloaded from jitpack.io: https://jitpack.io/io/github/SlimeTraditionalTranslation/InfinityLib/c867f68/InfinityLib-c867f68.jar (91 kB at 117 kB/s)
[INFO] Downloaded from jitpack.io: https://jitpack.io/io/github/TheBusyBiscuit/Slimefun4/RC-29/Slimefun4-RC-29.jar (4.3 MB at 3.8 MB/s)
[INFO] 
[INFO] --- maven-clean-plugin:2.5:clean (default-clean) @ Galactifun ---
[INFO] 
[INFO] --- maven-resources-plugin:2.6:resources (default-resources) @ Galactifun ---
[INFO] Using 'UTF-8' encoding to copy filtered resources.
[INFO] Copying 3 resources
[INFO] Copying 1 resource
[INFO] 
[INFO] --- maven-compiler-plugin:3.1:compile (default-compile) @ Galactifun ---
[INFO] Downloading from maven-snapshots: https://repository.apache.org/content/repositories/snapshots/org/codehaus/plexus/plexus-utils/1.5.1/plexus-utils-1.5.1.pom
[INFO] Downloading from central: https://repo.maven.apache.org/maven2/org/codehaus/plexus/plexus-utils/1.5.1/plexus-utils-1.5.1.pom
[INFO] Downloaded from central: https://repo.maven.apache.org/maven2/org/codehaus/plexus/plexus-utils/1.5.1/plexus-utils-1.5.1.pom (2.3 kB at 104 kB/s)
[INFO] Downloading from maven-snapshots: https://repository.apache.org/content/repositories/snapshots/org/apache/maven/maven-toolchain/1.0/maven-toolchain-1.0.pom
[INFO] Downloading from central: https://repo.maven.apache.org/maven2/org/apache/maven/maven-toolchain/1.0/maven-toolchain-1.0.pom
[INFO] Downloaded from central: https://repo.maven.apache.org/maven2/org/apache/maven/maven-toolchain/1.0/maven-toolchain-1.0.pom (3.4 kB at 171 kB/s)
[INFO] Downloading from maven-snapshots: https://repository.apache.org/content/repositories/snapshots/org/codehaus/plexus/plexus-component-annotations/1.5.5/plexus-component-annotations-1.5.5.pom
[INFO] Downloading from central: https://repo.maven.apache.org/maven2/org/codehaus/plexus/plexus-component-annotations/1.5.5/plexus-component-annotations-1.5.5.pom
[INFO] Downloaded from central: https://repo.maven.apache.org/maven2/org/codehaus/plexus/plexus-component-annotations/1.5.5/plexus-component-annotations-1.5.5.pom (815 B at 43 kB/s)
[INFO] Downloading from maven-snapshots: https://repository.apache.org/content/repositories/snapshots/org/codehaus/plexus/plexus-containers/1.5.5/plexus-containers-1.5.5.pom
[INFO] Downloading from central: https://repo.maven.apache.org/maven2/org/codehaus/plexus/plexus-containers/1.5.5/plexus-containers-1.5.5.pom
[INFO] Downloaded from central: https://repo.maven.apache.org/maven2/org/codehaus/plexus/plexus-containers/1.5.5/plexus-containers-1.5.5.pom (4.2 kB at 223 kB/s)
[INFO] Downloading from maven-snapshots: https://repository.apache.org/content/repositories/snapshots/org/codehaus/plexus/plexus-compiler-api/2.2/plexus-compiler-api-2.2.pom
[INFO] Downloading from central: https://repo.maven.apache.org/maven2/org/codehaus/plexus/plexus-compiler-api/2.2/plexus-compiler-api-2.2.pom
[INFO] Downloaded from central: https://repo.maven.apache.org/maven2/org/codehaus/plexus/plexus-compiler-api/2.2/plexus-compiler-api-2.2.pom (865 B at 46 kB/s)
[INFO] Downloading from maven-snapshots: https://repository.apache.org/content/repositories/snapshots/org/codehaus/plexus/plexus-compiler/2.2/plexus-compiler-2.2.pom
[INFO] Downloading from central: https://repo.maven.apache.org/maven2/org/codehaus/plexus/plexus-compiler/2.2/plexus-compiler-2.2.pom
[INFO] Downloaded from central: https://repo.maven.apache.org/maven2/org/codehaus/plexus/plexus-compiler/2.2/plexus-compiler-2.2.pom (3.6 kB at 190 kB/s)
[INFO] Downloading from maven-snapshots: https://repository.apache.org/content/repositories/snapshots/org/codehaus/plexus/plexus-components/1.3.1/plexus-components-1.3.1.pom
[INFO] Downloading from central: https://repo.maven.apache.org/maven2/org/codehaus/plexus/plexus-components/1.3.1/plexus-components-1.3.1.pom
[INFO] Downloaded from central: https://repo.maven.apache.org/maven2/org/codehaus/plexus/plexus-components/1.3.1/plexus-components-1.3.1.pom (3.1 kB at 161 kB/s)
[INFO] Downloading from maven-snapshots: https://repository.apache.org/content/repositories/snapshots/org/codehaus/plexus/plexus-compiler-manager/2.2/plexus-compiler-manager-2.2.pom
[INFO] Downloading from central: https://repo.maven.apache.org/maven2/org/codehaus/plexus/plexus-compiler-manager/2.2/plexus-compiler-manager-2.2.pom
[INFO] Downloaded from central: https://repo.maven.apache.org/maven2/org/codehaus/plexus/plexus-compiler-manager/2.2/plexus-compiler-manager-2.2.pom (690 B at 38 kB/s)
[INFO] Downloading from maven-snapshots: https://repository.apache.org/content/repositories/snapshots/org/codehaus/plexus/plexus-compiler-javac/2.2/plexus-compiler-javac-2.2.pom
[INFO] Downloading from central: https://repo.maven.apache.org/maven2/org/codehaus/plexus/plexus-compiler-javac/2.2/plexus-compiler-javac-2.2.pom
[INFO] Downloaded from central: https://repo.maven.apache.org/maven2/org/codehaus/plexus/plexus-compiler-javac/2.2/plexus-compiler-javac-2.2.pom (769 B at 40 kB/s)
[INFO] Downloading from maven-snapshots: https://repository.apache.org/content/repositories/snapshots/org/codehaus/plexus/plexus-compilers/2.2/plexus-compilers-2.2.pom
[INFO] Downloading from central: https://repo.maven.apache.org/maven2/org/codehaus/plexus/plexus-compilers/2.2/plexus-compilers-2.2.pom
[INFO] Downloaded from central: https://repo.maven.apache.org/maven2/org/codehaus/plexus/plexus-compilers/2.2/plexus-compilers-2.2.pom (1.2 kB at 65 kB/s)
[INFO] Downloading from maven-snapshots: https://repository.apache.org/content/repositories/snapshots/org/codehaus/plexus/plexus-container-default/1.5.5/plexus-container-default-1.5.5.pom
[INFO] Downloading from central: https://repo.maven.apache.org/maven2/org/codehaus/plexus/plexus-container-default/1.5.5/plexus-container-default-1.5.5.pom
[INFO] Downloaded from central: https://repo.maven.apache.org/maven2/org/codehaus/plexus/plexus-container-default/1.5.5/plexus-container-default-1.5.5.pom (2.8 kB at 145 kB/s)
[INFO] Downloading from maven-snapshots: https://repository.apache.org/content/repositories/snapshots/org/codehaus/plexus/plexus-utils/1.4.5/plexus-utils-1.4.5.pom
[INFO] Downloading from central: https://repo.maven.apache.org/maven2/org/codehaus/plexus/plexus-utils/1.4.5/plexus-utils-1.4.5.pom
[INFO] Downloaded from central: https://repo.maven.apache.org/maven2/org/codehaus/plexus/plexus-utils/1.4.5/plexus-utils-1.4.5.pom (2.3 kB at 113 kB/s)
[INFO] Downloading from maven-snapshots: https://repository.apache.org/content/repositories/snapshots/org/codehaus/plexus/plexus-classworlds/2.2.2/plexus-classworlds-2.2.2.pom
[INFO] Downloading from central: https://repo.maven.apache.org/maven2/org/codehaus/plexus/plexus-classworlds/2.2.2/plexus-classworlds-2.2.2.pom
[INFO] Downloaded from central: https://repo.maven.apache.org/maven2/org/codehaus/plexus/plexus-classworlds/2.2.2/plexus-classworlds-2.2.2.pom (4.0 kB at 212 kB/s)
[INFO] Downloading from maven-snapshots: https://repository.apache.org/content/repositories/snapshots/org/apache/xbean/xbean-reflect/3.4/xbean-reflect-3.4.pom
[INFO] Downloading from central: https://repo.maven.apache.org/maven2/org/apache/xbean/xbean-reflect/3.4/xbean-reflect-3.4.pom
[INFO] Downloaded from central: https://repo.maven.apache.org/maven2/org/apache/xbean/xbean-reflect/3.4/xbean-reflect-3.4.pom (2.8 kB at 148 kB/s)
[INFO] Downloading from maven-snapshots: https://repository.apache.org/content/repositories/snapshots/org/apache/xbean/xbean/3.4/xbean-3.4.pom
[INFO] Downloading from central: https://repo.maven.apache.org/maven2/org/apache/xbean/xbean/3.4/xbean-3.4.pom
[INFO] Downloaded from central: https://repo.maven.apache.org/maven2/org/apache/xbean/xbean/3.4/xbean-3.4.pom (19 kB at 975 kB/s)
[INFO] Downloading from maven-snapshots: https://repository.apache.org/content/repositories/snapshots/log4j/log4j/1.2.12/log4j-1.2.12.pom
[INFO] Downloading from central: https://repo.maven.apache.org/maven2/log4j/log4j/1.2.12/log4j-1.2.12.pom
[INFO] Downloaded from central: https://repo.maven.apache.org/maven2/log4j/log4j/1.2.12/log4j-1.2.12.pom (145 B at 7.6 kB/s)
[INFO] Downloading from maven-snapshots: https://repository.apache.org/content/repositories/snapshots/commons-logging/commons-logging-api/1.1/commons-logging-api-1.1.pom
[INFO] Downloading from central: https://repo.maven.apache.org/maven2/commons-logging/commons-logging-api/1.1/commons-logging-api-1.1.pom
[INFO] Downloaded from central: https://repo.maven.apache.org/maven2/commons-logging/commons-logging-api/1.1/commons-logging-api-1.1.pom (5.3 kB at 243 kB/s)
[INFO] Downloading from maven-snapshots: https://repository.apache.org/content/repositories/snapshots/com/google/collections/google-collections/1.0/google-collections-1.0.pom
[INFO] Downloading from central: https://repo.maven.apache.org/maven2/com/google/collections/google-collections/1.0/google-collections-1.0.pom
[INFO] Downloaded from central: https://repo.maven.apache.org/maven2/com/google/collections/google-collections/1.0/google-collections-1.0.pom (2.5 kB at 130 kB/s)
[INFO] Downloading from maven-snapshots: https://repository.apache.org/content/repositories/snapshots/com/google/google/1/google-1.pom
[INFO] Downloading from central: https://repo.maven.apache.org/maven2/com/google/google/1/google-1.pom
[INFO] Downloaded from central: https://repo.maven.apache.org/maven2/com/google/google/1/google-1.pom (1.6 kB at 82 kB/s)
[INFO] Downloading from maven-snapshots: https://repository.apache.org/content/repositories/snapshots/junit/junit/3.8.2/junit-3.8.2.pom
[INFO] Downloading from central: https://repo.maven.apache.org/maven2/junit/junit/3.8.2/junit-3.8.2.pom
[INFO] Downloaded from central: https://repo.maven.apache.org/maven2/junit/junit/3.8.2/junit-3.8.2.pom (747 B at 42 kB/s)
[INFO] Downloading from maven-snapshots: https://repository.apache.org/content/repositories/snapshots/org/codehaus/plexus/plexus-utils/1.5.1/plexus-utils-1.5.1.jar
[INFO] Downloading from maven-snapshots: https://repository.apache.org/content/repositories/snapshots/org/apache/maven/maven-toolchain/1.0/maven-toolchain-1.0.jar
[INFO] Downloading from maven-snapshots: https://repository.apache.org/content/repositories/snapshots/org/apache/maven/shared/maven-shared-utils/0.1/maven-shared-utils-0.1.jar
[INFO] Downloading from maven-snapshots: https://repository.apache.org/content/repositories/snapshots/com/google/code/findbugs/jsr305/2.0.1/jsr305-2.0.1.jar
[INFO] Downloading from maven-snapshots: https://repository.apache.org/content/repositories/snapshots/org/codehaus/plexus/plexus-component-annotations/1.5.5/plexus-component-annotations-1.5.5.jar
[INFO] Downloading from maven-snapshots: https://repository.apache.org/content/repositories/snapshots/org/codehaus/plexus/plexus-compiler-api/2.2/plexus-compiler-api-2.2.jar
[INFO] Downloading from maven-snapshots: https://repository.apache.org/content/repositories/snapshots/org/codehaus/plexus/plexus-compiler-manager/2.2/plexus-compiler-manager-2.2.jar
[INFO] Downloading from maven-snapshots: https://repository.apache.org/content/repositories/snapshots/org/codehaus/plexus/plexus-compiler-javac/2.2/plexus-compiler-javac-2.2.jar
[INFO] Downloading from maven-snapshots: https://repository.apache.org/content/repositories/snapshots/org/codehaus/plexus/plexus-container-default/1.5.5/plexus-container-default-1.5.5.jar
[INFO] Downloading from maven-snapshots: https://repository.apache.org/content/repositories/snapshots/org/codehaus/plexus/plexus-classworlds/2.2.2/plexus-classworlds-2.2.2.jar
[INFO] Downloading from maven-snapshots: https://repository.apache.org/content/repositories/snapshots/org/apache/xbean/xbean-reflect/3.4/xbean-reflect-3.4.jar
[INFO] Downloading from maven-snapshots: https://repository.apache.org/content/repositories/snapshots/log4j/log4j/1.2.12/log4j-1.2.12.jar
[INFO] Downloading from maven-snapshots: https://repository.apache.org/content/repositories/snapshots/commons-logging/commons-logging-api/1.1/commons-logging-api-1.1.jar
[INFO] Downloading from maven-snapshots: https://repository.apache.org/content/repositories/snapshots/com/google/collections/google-collections/1.0/google-collections-1.0.jar
[INFO] Downloading from maven-snapshots: https://repository.apache.org/content/repositories/snapshots/junit/junit/3.8.2/junit-3.8.2.jar
[INFO] Downloading from central: https://repo.maven.apache.org/maven2/org/codehaus/plexus/plexus-utils/1.5.1/plexus-utils-1.5.1.jar
[INFO] Downloading from central: https://repo.maven.apache.org/maven2/org/apache/maven/maven-toolchain/1.0/maven-toolchain-1.0.jar
[INFO] Downloading from central: https://repo.maven.apache.org/maven2/org/apache/maven/shared/maven-shared-utils/0.1/maven-shared-utils-0.1.jar
[INFO] Downloading from central: https://repo.maven.apache.org/maven2/com/google/code/findbugs/jsr305/2.0.1/jsr305-2.0.1.jar
[INFO] Downloading from central: https://repo.maven.apache.org/maven2/org/codehaus/plexus/plexus-component-annotations/1.5.5/plexus-component-annotations-1.5.5.jar
[INFO] Downloaded from central: https://repo.maven.apache.org/maven2/org/codehaus/plexus/plexus-utils/1.5.1/plexus-utils-1.5.1.jar (211 kB at 7.0 MB/s)
[INFO] Downloading from central: https://repo.maven.apache.org/maven2/org/codehaus/plexus/plexus-compiler-api/2.2/plexus-compiler-api-2.2.jar
[INFO] Downloaded from central: https://repo.maven.apache.org/maven2/org/apache/maven/maven-toolchain/1.0/maven-toolchain-1.0.jar (33 kB at 715 kB/s)
[INFO] Downloading from central: https://repo.maven.apache.org/maven2/org/codehaus/plexus/plexus-compiler-manager/2.2/plexus-compiler-manager-2.2.jar
[INFO] Downloaded from central: https://repo.maven.apache.org/maven2/org/codehaus/plexus/plexus-compiler-api/2.2/plexus-compiler-api-2.2.jar (25 kB at 568 kB/s)
[INFO] Downloading from central: https://repo.maven.apache.org/maven2/org/codehaus/plexus/plexus-compiler-javac/2.2/plexus-compiler-javac-2.2.jar
[INFO] Downloaded from central: https://repo.maven.apache.org/maven2/com/google/code/findbugs/jsr305/2.0.1/jsr305-2.0.1.jar (32 kB at 650 kB/s)
[INFO] Downloading from central: https://repo.maven.apache.org/maven2/org/codehaus/plexus/plexus-container-default/1.5.5/plexus-container-default-1.5.5.jar
[INFO] Downloaded from central: https://repo.maven.apache.org/maven2/org/codehaus/plexus/plexus-component-annotations/1.5.5/plexus-component-annotations-1.5.5.jar (4.2 kB at 86 kB/s)
[INFO] Downloading from central: https://repo.maven.apache.org/maven2/org/codehaus/plexus/plexus-classworlds/2.2.2/plexus-classworlds-2.2.2.jar
[INFO] Downloaded from central: https://repo.maven.apache.org/maven2/org/apache/maven/shared/maven-shared-utils/0.1/maven-shared-utils-0.1.jar (155 kB at 2.6 MB/s)
[INFO] Downloading from central: https://repo.maven.apache.org/maven2/org/apache/xbean/xbean-reflect/3.4/xbean-reflect-3.4.jar
[INFO] Downloaded from central: https://repo.maven.apache.org/maven2/org/codehaus/plexus/plexus-compiler-manager/2.2/plexus-compiler-manager-2.2.jar (4.6 kB at 77 kB/s)
[INFO] Downloading from central: https://repo.maven.apache.org/maven2/log4j/log4j/1.2.12/log4j-1.2.12.jar
[INFO] Downloaded from central: https://repo.maven.apache.org/maven2/org/codehaus/plexus/plexus-compiler-javac/2.2/plexus-compiler-javac-2.2.jar (19 kB at 306 kB/s)
[INFO] Downloading from central: https://repo.maven.apache.org/maven2/commons-logging/commons-logging-api/1.1/commons-logging-api-1.1.jar
[INFO] Downloaded from central: https://repo.maven.apache.org/maven2/org/codehaus/plexus/plexus-classworlds/2.2.2/plexus-classworlds-2.2.2.jar (46 kB at 623 kB/s)
[INFO] Downloading from central: https://repo.maven.apache.org/maven2/com/google/collections/google-collections/1.0/google-collections-1.0.jar
[INFO] Downloaded from central: https://repo.maven.apache.org/maven2/commons-logging/commons-logging-api/1.1/commons-logging-api-1.1.jar (45 kB at 551 kB/s)
[INFO] Downloading from central: https://repo.maven.apache.org/maven2/junit/junit/3.8.2/junit-3.8.2.jar
[INFO] Downloaded from central: https://repo.maven.apache.org/maven2/org/apache/xbean/xbean-reflect/3.4/xbean-reflect-3.4.jar (134 kB at 1.6 MB/s)
[INFO] Downloaded from central: https://repo.maven.apache.org/maven2/org/codehaus/plexus/plexus-container-default/1.5.5/plexus-container-default-1.5.5.jar (217 kB at 2.3 MB/s)
[INFO] Downloaded from central: https://repo.maven.apache.org/maven2/log4j/log4j/1.2.12/log4j-1.2.12.jar (358 kB at 3.7 MB/s)
[INFO] Downloaded from central: https://repo.maven.apache.org/maven2/junit/junit/3.8.2/junit-3.8.2.jar (121 kB at 1.2 MB/s)
[INFO] Downloaded from central: https://repo.maven.apache.org/maven2/com/google/collections/google-collections/1.0/google-collections-1.0.jar (640 kB at 5.4 MB/s)
[INFO] Changes detected - recompiling the module!
[INFO] Compiling 115 source files to /home/runner/work/builds/builds/SlimeTraditionalTranslation/Galactifun/master/files/target/classes
[WARNING] /home/runner/work/builds/builds/SlimeTraditionalTranslation/Galactifun/master/files/src/main/java/io/github/addoncommunity/galactifun/api/items/ProtectingBlock.java: Some input files use or override a deprecated API.
[WARNING] /home/runner/work/builds/builds/SlimeTraditionalTranslation/Galactifun/master/files/src/main/java/io/github/addoncommunity/galactifun/api/items/ProtectingBlock.java: Recompile with -Xlint:deprecation for details.
[WARNING] /home/runner/work/builds/builds/SlimeTraditionalTranslation/Galactifun/master/files/src/main/java/io/github/addoncommunity/galactifun/Galactifun.java: /home/runner/work/builds/builds/SlimeTraditionalTranslation/Galactifun/master/files/src/main/java/io/github/addoncommunity/galactifun/Galactifun.java uses unchecked or unsafe operations.
[WARNING] /home/runner/work/builds/builds/SlimeTraditionalTranslation/Galactifun/master/files/src/main/java/io/github/addoncommunity/galactifun/Galactifun.java: Recompile with -Xlint:unchecked for details.
[INFO] 
[INFO] --- maven-resources-plugin:2.6:testResources (default-testResources) @ Galactifun ---
[INFO] Using 'UTF-8' encoding to copy filtered resources.
[INFO] skip non existing resourceDirectory /home/runner/work/builds/builds/SlimeTraditionalTranslation/Galactifun/master/files/src/test/resources
[INFO] 
[INFO] --- maven-compiler-plugin:3.1:testCompile (default-testCompile) @ Galactifun ---
[INFO] No sources to compile
[INFO] 
[INFO] --- maven-surefire-plugin:2.12.4:test (default-test) @ Galactifun ---
[INFO] No tests to run.
[INFO] 
[INFO] --- maven-jar-plugin:2.4:jar (default-jar) @ Galactifun ---
[INFO] Building jar: /home/runner/work/builds/builds/SlimeTraditionalTranslation/Galactifun/master/files/target/Galactifun-52.jar
[INFO] 
[INFO] --- maven-shade-plugin:3.3.1-SNAPSHOT:shade (default) @ Galactifun ---
[INFO] Downloading from maven-snapshots: https://repository.apache.org/content/repositories/snapshots/org/codehaus/plexus/plexus-component-annotations/2.1.1/plexus-component-annotations-2.1.1.pom
[INFO] Downloading from central: https://repo.maven.apache.org/maven2/org/codehaus/plexus/plexus-component-annotations/2.1.1/plexus-component-annotations-2.1.1.pom
[INFO] Downloaded from central: https://repo.maven.apache.org/maven2/org/codehaus/plexus/plexus-component-annotations/2.1.1/plexus-component-annotations-2.1.1.pom (770 B at 37 kB/s)
[INFO] Downloading from maven-snapshots: https://repository.apache.org/content/repositories/snapshots/org/codehaus/plexus/plexus-containers/2.1.1/plexus-containers-2.1.1.pom
[INFO] Downloading from central: https://repo.maven.apache.org/maven2/org/codehaus/plexus/plexus-containers/2.1.1/plexus-containers-2.1.1.pom
[INFO] Downloaded from central: https://repo.maven.apache.org/maven2/org/codehaus/plexus/plexus-containers/2.1.1/plexus-containers-2.1.1.pom (6.0 kB at 318 kB/s)
[INFO] Downloading from maven-snapshots: https://repository.apache.org/content/repositories/snapshots/org/codehaus/plexus/plexus/6.5/plexus-6.5.pom
[INFO] Downloading from central: https://repo.maven.apache.org/maven2/org/codehaus/plexus/plexus/6.5/plexus-6.5.pom
[INFO] Downloaded from central: https://repo.maven.apache.org/maven2/org/codehaus/plexus/plexus/6.5/plexus-6.5.pom (26 kB at 1.4 MB/s)
[INFO] Downloading from maven-snapshots: https://repository.apache.org/content/repositories/snapshots/org/ow2/asm/asm/9.3/asm-9.3.pom
[INFO] Downloading from central: https://repo.maven.apache.org/maven2/org/ow2/asm/asm/9.3/asm-9.3.pom
[INFO] Downloaded from central: https://repo.maven.apache.org/maven2/org/ow2/asm/asm/9.3/asm-9.3.pom (2.4 kB at 118 kB/s)
[INFO] Downloading from maven-snapshots: https://repository.apache.org/content/repositories/snapshots/org/ow2/asm/asm-commons/9.3/asm-commons-9.3.pom
[INFO] Downloading from central: https://repo.maven.apache.org/maven2/org/ow2/asm/asm-commons/9.3/asm-commons-9.3.pom
[INFO] Downloaded from central: https://repo.maven.apache.org/maven2/org/ow2/asm/asm-commons/9.3/asm-commons-9.3.pom (3.0 kB at 148 kB/s)
[INFO] Downloading from maven-snapshots: https://repository.apache.org/content/repositories/snapshots/org/ow2/asm/asm-tree/9.3/asm-tree-9.3.pom
[INFO] Downloading from central: https://repo.maven.apache.org/maven2/org/ow2/asm/asm-tree/9.3/asm-tree-9.3.pom
[INFO] Downloaded from central: https://repo.maven.apache.org/maven2/org/ow2/asm/asm-tree/9.3/asm-tree-9.3.pom (2.6 kB at 130 kB/s)
[INFO] Downloading from maven-snapshots: https://repository.apache.org/content/repositories/snapshots/org/ow2/asm/asm-analysis/9.3/asm-analysis-9.3.pom
[INFO] Downloading from central: https://repo.maven.apache.org/maven2/org/ow2/asm/asm-analysis/9.3/asm-analysis-9.3.pom
[INFO] Downloaded from central: https://repo.maven.apache.org/maven2/org/ow2/asm/asm-analysis/9.3/asm-analysis-9.3.pom (2.6 kB at 125 kB/s)
[INFO] Downloading from maven-snapshots: https://repository.apache.org/content/repositories/snapshots/org/vafer/jdependency/2.8.0/jdependency-2.8.0.pom
[INFO] Downloading from central: https://repo.maven.apache.org/maven2/org/vafer/jdependency/2.8.0/jdependency-2.8.0.pom
[INFO] Downloaded from central: https://repo.maven.apache.org/maven2/org/vafer/jdependency/2.8.0/jdependency-2.8.0.pom (14 kB at 604 kB/s)
[INFO] Downloading from maven-snapshots: https://repository.apache.org/content/repositories/snapshots/org/codehaus/plexus/plexus-component-annotations/2.1.1/plexus-component-annotations-2.1.1.jar
[INFO] Downloading from maven-snapshots: https://repository.apache.org/content/repositories/snapshots/org/ow2/asm/asm/9.3/asm-9.3.jar
[INFO] Downloading from maven-snapshots: https://repository.apache.org/content/repositories/snapshots/org/ow2/asm/asm-commons/9.3/asm-commons-9.3.jar
[INFO] Downloading from maven-snapshots: https://repository.apache.org/content/repositories/snapshots/org/ow2/asm/asm-tree/9.3/asm-tree-9.3.jar
[INFO] Downloading from maven-snapshots: https://repository.apache.org/content/repositories/snapshots/org/ow2/asm/asm-analysis/9.3/asm-analysis-9.3.jar
[INFO] Downloading from maven-snapshots: https://repository.apache.org/content/repositories/snapshots/org/vafer/jdependency/2.8.0/jdependency-2.8.0.jar
[INFO] Downloading from central: https://repo.maven.apache.org/maven2/org/codehaus/plexus/plexus-component-annotations/2.1.1/plexus-component-annotations-2.1.1.jar
[INFO] Downloading from central: https://repo.maven.apache.org/maven2/org/ow2/asm/asm/9.3/asm-9.3.jar
[INFO] Downloading from central: https://repo.maven.apache.org/maven2/org/ow2/asm/asm-commons/9.3/asm-commons-9.3.jar
[INFO] Downloading from central: https://repo.maven.apache.org/maven2/org/ow2/asm/asm-tree/9.3/asm-tree-9.3.jar
[INFO] Downloading from central: https://repo.maven.apache.org/maven2/org/ow2/asm/asm-analysis/9.3/asm-analysis-9.3.jar
[INFO] Downloaded from central: https://repo.maven.apache.org/maven2/org/codehaus/plexus/plexus-component-annotations/2.1.1/plexus-component-annotations-2.1.1.jar (4.1 kB at 205 kB/s)
[INFO] Downloading from central: https://repo.maven.apache.org/maven2/org/vafer/jdependency/2.8.0/jdependency-2.8.0.jar
[INFO] Downloaded from central: https://repo.maven.apache.org/maven2/org/ow2/asm/asm/9.3/asm-9.3.jar (122 kB at 4.9 MB/s)
[INFO] Downloaded from central: https://repo.maven.apache.org/maven2/org/ow2/asm/asm-commons/9.3/asm-commons-9.3.jar (73 kB at 3.0 MB/s)
[INFO] Downloaded from central: https://repo.maven.apache.org/maven2/org/ow2/asm/asm-tree/9.3/asm-tree-9.3.jar (53 kB at 2.4 MB/s)
[INFO] Downloaded from central: https://repo.maven.apache.org/maven2/org/ow2/asm/asm-analysis/9.3/asm-analysis-9.3.jar (34 kB at 1.3 MB/s)
[INFO] Downloaded from central: https://repo.maven.apache.org/maven2/org/vafer/jdependency/2.8.0/jdependency-2.8.0.jar (233 kB at 7.1 MB/s)
[INFO] Including io.github.SlimeTraditionalTranslation:InfinityLib:jar:c867f68 in the shaded jar.
[INFO] Including it.unimi.dsi:fastutil:jar:8.5.6 in the shaded jar.
[INFO] Minimizing jar io.github.addoncommunity.galactifun:Galactifun:jar:EFI - 52 (git e0ad52d1)
[WARNING] /home/runner/work/builds/builds/SlimeTraditionalTranslation/Galactifun/master/files/target/classes (Is a directory)
[INFO] Dependency-reduced POM written at: /home/runner/work/builds/builds/SlimeTraditionalTranslation/Galactifun/master/files/dependency-reduced-pom.xml
[INFO] Minimized 12993 -> 732 (5%)
[INFO] Replacing original artifact with shaded artifact.
[INFO] Replacing /home/runner/work/builds/builds/SlimeTraditionalTranslation/Galactifun/master/files/target/Galactifun-52.jar with /home/runner/work/builds/builds/SlimeTraditionalTranslation/Galactifun/master/files/target/Galactifun-EFI - 52 (git e0ad52d1)-shaded.jar
[INFO] ------------------------------------------------------------------------
[INFO] BUILD SUCCESS
[INFO] ------------------------------------------------------------------------
[INFO] Total time:  56.415 s
[INFO] Finished at: 2023-02-06T17:44:42Z
[INFO] ------------------------------------------------------------------------
