[INFO] Scanning for projects...
[INFO] 
[INFO] -----------< io.github.addoncommunity.galactifun:Galactifun >-----------
[INFO] Building Galactifun EFI - 17 (git 070875a7)
[INFO] --------------------------------[ jar ]---------------------------------
[INFO] Downloading from maven-snapshots: https://repository.apache.org/content/repositories/snapshots/org/apache/maven/plugins/maven-shade-plugin/3.3.1-SNAPSHOT/maven-metadata.xml
[INFO] Downloaded from maven-snapshots: https://repository.apache.org/content/repositories/snapshots/org/apache/maven/plugins/maven-shade-plugin/3.3.1-SNAPSHOT/maven-metadata.xml (1.0 kB at 1.5 kB/s)
[INFO] Downloading from maven-snapshots: https://repository.apache.org/content/repositories/snapshots/org/apache/maven/plugins/maven-shade-plugin/3.3.1-SNAPSHOT/maven-shade-plugin-3.3.1-20211114.100939-30.pom
[INFO] Downloaded from maven-snapshots: https://repository.apache.org/content/repositories/snapshots/org/apache/maven/plugins/maven-shade-plugin/3.3.1-SNAPSHOT/maven-shade-plugin-3.3.1-20211114.100939-30.pom (13 kB at 63 kB/s)
[INFO] Downloading from maven-snapshots: https://repository.apache.org/content/repositories/snapshots/org/apache/maven/plugins/maven-shade-plugin/3.3.1-SNAPSHOT/maven-shade-plugin-3.3.1-20211114.100939-30.jar
[INFO] Downloaded from maven-snapshots: https://repository.apache.org/content/repositories/snapshots/org/apache/maven/plugins/maven-shade-plugin/3.3.1-SNAPSHOT/maven-shade-plugin-3.3.1-20211114.100939-30.jar (142 kB at 290 kB/s)
[INFO] Downloading from papermc: https://papermc.io/repo/repository/maven-public/io/papermc/paper/paper-api/1.17-R0.1-SNAPSHOT/maven-metadata.xml
[INFO] Downloading from jitpack.io: https://jitpack.io/io/papermc/paper/paper-api/1.17-R0.1-SNAPSHOT/maven-metadata.xml
[INFO] Downloaded from papermc: https://papermc.io/repo/repository/maven-public/io/papermc/paper/paper-api/1.17-R0.1-SNAPSHOT/maven-metadata.xml (1.4 kB at 1.9 kB/s)
[INFO] Downloading from papermc: https://papermc.io/repo/repository/maven-public/io/papermc/paper/paper-api/1.17-R0.1-SNAPSHOT/paper-api-1.17-R0.1-20210706.043534-75.pom
[INFO] Downloaded from papermc: https://papermc.io/repo/repository/maven-public/io/papermc/paper/paper-api/1.17-R0.1-SNAPSHOT/paper-api-1.17-R0.1-20210706.043534-75.pom (3.5 kB at 9.1 kB/s)
[INFO] Downloading from papermc: https://papermc.io/repo/repository/maven-public/net/kyori/adventure-bom/4.8.1/adventure-bom-4.8.1.pom
[INFO] Downloaded from papermc: https://papermc.io/repo/repository/maven-public/net/kyori/adventure-bom/4.8.1/adventure-bom-4.8.1.pom (4.0 kB at 10 kB/s)
[INFO] Downloading from papermc: https://papermc.io/repo/repository/maven-public/com/googlecode/json-simple/json-simple/1.1.1/json-simple-1.1.1.pom
[INFO] Downloaded from papermc: https://papermc.io/repo/repository/maven-public/com/googlecode/json-simple/json-simple/1.1.1/json-simple-1.1.1.pom (3.5 kB at 12 kB/s)
[INFO] Downloading from papermc: https://papermc.io/repo/repository/maven-public/junit/junit/4.10/junit-4.10.pom
[INFO] Downloaded from papermc: https://papermc.io/repo/repository/maven-public/junit/junit/4.10/junit-4.10.pom (2.3 kB at 8.4 kB/s)
[INFO] Downloading from papermc: https://papermc.io/repo/repository/maven-public/org/hamcrest/hamcrest-core/1.1/hamcrest-core-1.1.pom
[INFO] Downloaded from papermc: https://papermc.io/repo/repository/maven-public/org/hamcrest/hamcrest-core/1.1/hamcrest-core-1.1.pom (481 B at 1.2 kB/s)
[INFO] Downloading from papermc: https://papermc.io/repo/repository/maven-public/org/hamcrest/hamcrest-parent/1.1/hamcrest-parent-1.1.pom
[INFO] Downloaded from papermc: https://papermc.io/repo/repository/maven-public/org/hamcrest/hamcrest-parent/1.1/hamcrest-parent-1.1.pom (5.9 kB at 15 kB/s)
[INFO] Downloading from papermc: https://papermc.io/repo/repository/maven-public/it/unimi/dsi/fastutil/8.2.2/fastutil-8.2.2.pom
[INFO] Downloaded from papermc: https://papermc.io/repo/repository/maven-public/it/unimi/dsi/fastutil/8.2.2/fastutil-8.2.2.pom (1.4 kB at 5.0 kB/s)
[INFO] Downloading from papermc: https://papermc.io/repo/repository/maven-public/net/kyori/adventure-api/4.8.1/adventure-api-4.8.1.pom
[INFO] Downloaded from papermc: https://papermc.io/repo/repository/maven-public/net/kyori/adventure-api/4.8.1/adventure-api-4.8.1.pom (3.2 kB at 8.2 kB/s)
[INFO] Downloading from papermc: https://papermc.io/repo/repository/maven-public/net/kyori/adventure-key/4.8.1/adventure-key-4.8.1.pom
[INFO] Downloaded from papermc: https://papermc.io/repo/repository/maven-public/net/kyori/adventure-key/4.8.1/adventure-key-4.8.1.pom (3.0 kB at 7.4 kB/s)
[INFO] Downloading from papermc: https://papermc.io/repo/repository/maven-public/net/kyori/examination-api/1.1.0/examination-api-1.1.0.pom
[INFO] Downloaded from papermc: https://papermc.io/repo/repository/maven-public/net/kyori/examination-api/1.1.0/examination-api-1.1.0.pom (2.0 kB at 7.0 kB/s)
[INFO] Downloading from papermc: https://papermc.io/repo/repository/maven-public/org/checkerframework/checker-qual/3.10.0/checker-qual-3.10.0.pom
[INFO] Downloaded from papermc: https://papermc.io/repo/repository/maven-public/org/checkerframework/checker-qual/3.10.0/checker-qual-3.10.0.pom (2.1 kB at 5.4 kB/s)
[INFO] Downloading from papermc: https://papermc.io/repo/repository/maven-public/net/kyori/examination-string/1.1.0/examination-string-1.1.0.pom
[INFO] Downloaded from papermc: https://papermc.io/repo/repository/maven-public/net/kyori/examination-string/1.1.0/examination-string-1.1.0.pom (2.0 kB at 7.2 kB/s)
[INFO] Downloading from papermc: https://papermc.io/repo/repository/maven-public/net/kyori/adventure-text-serializer-gson/4.8.1/adventure-text-serializer-gson-4.8.1.pom
[INFO] Downloaded from papermc: https://papermc.io/repo/repository/maven-public/net/kyori/adventure-text-serializer-gson/4.8.1/adventure-text-serializer-gson-4.8.1.pom (2.9 kB at 7.3 kB/s)
[INFO] Downloading from papermc: https://papermc.io/repo/repository/maven-public/net/kyori/adventure-text-serializer-legacy/4.8.1/adventure-text-serializer-legacy-4.8.1.pom
[INFO] Downloaded from papermc: https://papermc.io/repo/repository/maven-public/net/kyori/adventure-text-serializer-legacy/4.8.1/adventure-text-serializer-legacy-4.8.1.pom (2.7 kB at 9.1 kB/s)
[INFO] Downloading from papermc: https://papermc.io/repo/repository/maven-public/net/kyori/adventure-text-serializer-plain/4.8.1/adventure-text-serializer-plain-4.8.1.pom
[INFO] Downloaded from papermc: https://papermc.io/repo/repository/maven-public/net/kyori/adventure-text-serializer-plain/4.8.1/adventure-text-serializer-plain-4.8.1.pom (2.7 kB at 8.8 kB/s)
[INFO] Downloading from papermc: https://papermc.io/repo/repository/maven-public/org/ow2/asm/asm/9.0/asm-9.0.pom
[INFO] Downloaded from papermc: https://papermc.io/repo/repository/maven-public/org/ow2/asm/asm/9.0/asm-9.0.pom (2.7 kB at 9.7 kB/s)
[INFO] Downloading from papermc: https://papermc.io/repo/repository/maven-public/org/ow2/asm/asm-commons/9.0/asm-commons-9.0.pom
[INFO] Downloaded from papermc: https://papermc.io/repo/repository/maven-public/org/ow2/asm/asm-commons/9.0/asm-commons-9.0.pom (3.3 kB at 11 kB/s)
[INFO] Downloading from papermc: https://papermc.io/repo/repository/maven-public/org/ow2/asm/asm-tree/9.0/asm-tree-9.0.pom
[INFO] Downloaded from papermc: https://papermc.io/repo/repository/maven-public/org/ow2/asm/asm-tree/9.0/asm-tree-9.0.pom (2.9 kB at 10 kB/s)
[INFO] Downloading from papermc: https://papermc.io/repo/repository/maven-public/org/ow2/asm/asm-analysis/9.0/asm-analysis-9.0.pom
[INFO] Downloaded from papermc: https://papermc.io/repo/repository/maven-public/org/ow2/asm/asm-analysis/9.0/asm-analysis-9.0.pom (3.0 kB at 7.8 kB/s)
[INFO] Downloading from papermc: https://papermc.io/repo/repository/maven-public/org/apache/logging/log4j/log4j-api/2.14.1/log4j-api-2.14.1.pom
[INFO] Downloaded from papermc: https://papermc.io/repo/repository/maven-public/org/apache/logging/log4j/log4j-api/2.14.1/log4j-api-2.14.1.pom (14 kB at 43 kB/s)
[INFO] Downloading from papermc: https://papermc.io/repo/repository/maven-public/org/apache/logging/log4j/log4j/2.14.1/log4j-2.14.1.pom
[INFO] Downloaded from papermc: https://papermc.io/repo/repository/maven-public/org/apache/logging/log4j/log4j/2.14.1/log4j-2.14.1.pom (68 kB at 195 kB/s)
[INFO] Downloading from papermc: https://papermc.io/repo/repository/maven-public/org/apache/logging/logging-parent/3/logging-parent-3.pom
[INFO] Downloaded from papermc: https://papermc.io/repo/repository/maven-public/org/apache/logging/logging-parent/3/logging-parent-3.pom (3.1 kB at 11 kB/s)
[INFO] Downloading from papermc: https://papermc.io/repo/repository/maven-public/io/github/TheBusyBiscuit/Slimefun4/RC-28/Slimefun4-RC-28.pom
[INFO] Downloading from jitpack.io: https://jitpack.io/io/github/TheBusyBiscuit/Slimefun4/RC-28/Slimefun4-RC-28.pom
[INFO] Downloaded from jitpack.io: https://jitpack.io/io/github/TheBusyBiscuit/Slimefun4/RC-28/Slimefun4-RC-28.pom (0 B at 0 B/s)
[INFO] Downloading from papermc: https://papermc.io/repo/repository/maven-public/io/github/SlimeTraditionalTranslation/InfinityLib/c867f68/InfinityLib-c867f68.pom
[INFO] Downloading from jitpack.io: https://jitpack.io/io/github/SlimeTraditionalTranslation/InfinityLib/c867f68/InfinityLib-c867f68.pom
[INFO] Downloaded from jitpack.io: https://jitpack.io/io/github/SlimeTraditionalTranslation/InfinityLib/c867f68/InfinityLib-c867f68.pom (6.0 kB at 6.5 kB/s)
[INFO] Downloading from papermc: https://papermc.io/repo/repository/maven-public/io/papermc/paper/paper-api/1.17-R0.1-SNAPSHOT/paper-api-1.17-R0.1-20210706.043534-75.jar
[INFO] Downloading from papermc: https://papermc.io/repo/repository/maven-public/com/googlecode/json-simple/json-simple/1.1.1/json-simple-1.1.1.jar
[INFO] Downloading from papermc: https://papermc.io/repo/repository/maven-public/junit/junit/4.10/junit-4.10.jar
[INFO] Downloading from papermc: https://papermc.io/repo/repository/maven-public/org/hamcrest/hamcrest-core/1.1/hamcrest-core-1.1.jar
[INFO] Downloading from papermc: https://papermc.io/repo/repository/maven-public/it/unimi/dsi/fastutil/8.2.2/fastutil-8.2.2.jar
[INFO] Downloaded from papermc: https://papermc.io/repo/repository/maven-public/com/googlecode/json-simple/json-simple/1.1.1/json-simple-1.1.1.jar (24 kB at 31 kB/s)
[INFO] Downloading from papermc: https://papermc.io/repo/repository/maven-public/net/kyori/adventure-api/4.8.1/adventure-api-4.8.1.jar
[INFO] Downloaded from papermc: https://papermc.io/repo/repository/maven-public/org/hamcrest/hamcrest-core/1.1/hamcrest-core-1.1.jar (77 kB at 90 kB/s)
[INFO] Downloading from papermc: https://papermc.io/repo/repository/maven-public/net/kyori/adventure-key/4.8.1/adventure-key-4.8.1.jar
[INFO] Downloaded from papermc: https://papermc.io/repo/repository/maven-public/junit/junit/4.10/junit-4.10.jar (253 kB at 291 kB/s)
[INFO] Downloading from papermc: https://papermc.io/repo/repository/maven-public/net/kyori/examination-api/1.1.0/examination-api-1.1.0.jar
[INFO] Downloaded from papermc: https://papermc.io/repo/repository/maven-public/io/papermc/paper/paper-api/1.17-R0.1-SNAPSHOT/paper-api-1.17-R0.1-20210706.043534-75.jar (1.7 MB at 1.7 MB/s)
[INFO] Downloading from papermc: https://papermc.io/repo/repository/maven-public/org/checkerframework/checker-qual/3.10.0/checker-qual-3.10.0.jar
[INFO] Downloaded from papermc: https://papermc.io/repo/repository/maven-public/net/kyori/examination-api/1.1.0/examination-api-1.1.0.jar (22 kB at 17 kB/s)
[INFO] Downloading from papermc: https://papermc.io/repo/repository/maven-public/net/kyori/examination-string/1.1.0/examination-string-1.1.0.jar
[INFO] Downloaded from papermc: https://papermc.io/repo/repository/maven-public/net/kyori/adventure-key/4.8.1/adventure-key-4.8.1.jar (8.2 kB at 6.0 kB/s)
[INFO] Downloading from papermc: https://papermc.io/repo/repository/maven-public/net/kyori/adventure-text-serializer-gson/4.8.1/adventure-text-serializer-gson-4.8.1.jar
[INFO] Downloaded from papermc: https://papermc.io/repo/repository/maven-public/org/checkerframework/checker-qual/3.10.0/checker-qual-3.10.0.jar (207 kB at 140 kB/s)
[INFO] Downloading from papermc: https://papermc.io/repo/repository/maven-public/net/kyori/adventure-text-serializer-legacy/4.8.1/adventure-text-serializer-legacy-4.8.1.jar
[INFO] Downloaded from papermc: https://papermc.io/repo/repository/maven-public/net/kyori/adventure-api/4.8.1/adventure-api-4.8.1.jar (264 kB at 172 kB/s)
[INFO] Downloading from papermc: https://papermc.io/repo/repository/maven-public/net/kyori/adventure-text-serializer-plain/4.8.1/adventure-text-serializer-plain-4.8.1.jar
[INFO] Downloaded from papermc: https://papermc.io/repo/repository/maven-public/net/kyori/examination-string/1.1.0/examination-string-1.1.0.jar (5.9 kB at 3.5 kB/s)
[INFO] Downloading from papermc: https://papermc.io/repo/repository/maven-public/org/ow2/asm/asm/9.0/asm-9.0.jar
[INFO] Downloaded from papermc: https://papermc.io/repo/repository/maven-public/it/unimi/dsi/fastutil/8.2.2/fastutil-8.2.2.jar (19 MB at 11 MB/s)
[INFO] Downloading from papermc: https://papermc.io/repo/repository/maven-public/org/ow2/asm/asm-commons/9.0/asm-commons-9.0.jar
[INFO] Downloaded from papermc: https://papermc.io/repo/repository/maven-public/net/kyori/adventure-text-serializer-legacy/4.8.1/adventure-text-serializer-legacy-4.8.1.jar (24 kB at 12 kB/s)
[INFO] Downloading from papermc: https://papermc.io/repo/repository/maven-public/org/ow2/asm/asm-tree/9.0/asm-tree-9.0.jar
[INFO] Downloaded from papermc: https://papermc.io/repo/repository/maven-public/net/kyori/adventure-text-serializer-gson/4.8.1/adventure-text-serializer-gson-4.8.1.jar (33 kB at 17 kB/s)
[INFO] Downloading from papermc: https://papermc.io/repo/repository/maven-public/org/ow2/asm/asm-analysis/9.0/asm-analysis-9.0.jar
[INFO] Downloaded from papermc: https://papermc.io/repo/repository/maven-public/net/kyori/adventure-text-serializer-plain/4.8.1/adventure-text-serializer-plain-4.8.1.jar (13 kB at 6.5 kB/s)
[INFO] Downloading from papermc: https://papermc.io/repo/repository/maven-public/org/apache/logging/log4j/log4j-api/2.14.1/log4j-api-2.14.1.jar
[INFO] Downloaded from papermc: https://papermc.io/repo/repository/maven-public/org/ow2/asm/asm/9.0/asm-9.0.jar (122 kB at 57 kB/s)
[INFO] Downloading from papermc: https://papermc.io/repo/repository/maven-public/io/github/TheBusyBiscuit/Slimefun4/RC-28/Slimefun4-RC-28.jar
[INFO] Downloaded from papermc: https://papermc.io/repo/repository/maven-public/org/ow2/asm/asm-commons/9.0/asm-commons-9.0.jar (72 kB at 33 kB/s)
[INFO] Downloading from papermc: https://papermc.io/repo/repository/maven-public/io/github/SlimeTraditionalTranslation/InfinityLib/c867f68/InfinityLib-c867f68.jar
[INFO] Downloaded from papermc: https://papermc.io/repo/repository/maven-public/org/ow2/asm/asm-tree/9.0/asm-tree-9.0.jar (53 kB at 22 kB/s)
[INFO] Downloaded from papermc: https://papermc.io/repo/repository/maven-public/org/apache/logging/log4j/log4j-api/2.14.1/log4j-api-2.14.1.jar (300 kB at 123 kB/s)
[INFO] Downloaded from papermc: https://papermc.io/repo/repository/maven-public/org/ow2/asm/asm-analysis/9.0/asm-analysis-9.0.jar (33 kB at 13 kB/s)
[INFO] Downloading from jitpack.io: https://jitpack.io/io/github/TheBusyBiscuit/Slimefun4/RC-28/Slimefun4-RC-28.jar
[INFO] Downloading from jitpack.io: https://jitpack.io/io/github/SlimeTraditionalTranslation/InfinityLib/c867f68/InfinityLib-c867f68.jar
[INFO] Downloaded from jitpack.io: https://jitpack.io/io/github/TheBusyBiscuit/Slimefun4/RC-28/Slimefun4-RC-28.jar (0 B at 0 B/s)
[INFO] Downloaded from jitpack.io: https://jitpack.io/io/github/SlimeTraditionalTranslation/InfinityLib/c867f68/InfinityLib-c867f68.jar (91 kB at 65 kB/s)
[INFO] 
[INFO] --- maven-clean-plugin:2.5:clean (default-clean) @ Galactifun ---
[INFO] 
[INFO] --- maven-resources-plugin:2.6:resources (default-resources) @ Galactifun ---
[INFO] Using 'UTF-8' encoding to copy filtered resources.
[INFO] Copying 3 resources
[INFO] Copying 1 resource
[INFO] 
[INFO] --- maven-compiler-plugin:3.1:compile (default-compile) @ Galactifun ---
[INFO] Changes detected - recompiling the module!
[INFO] Compiling 108 source files to /home/runner/work/builds/builds/SlimeTraditionalTranslation/Galactifun/master/files/target/classes
[WARNING] /home/runner/work/builds/builds/SlimeTraditionalTranslation/Galactifun/master/files/src/main/java/io/github/addoncommunity/galactifun/api/items/ProtectingBlock.java: Some input files use or override a deprecated API.
[WARNING] /home/runner/work/builds/builds/SlimeTraditionalTranslation/Galactifun/master/files/src/main/java/io/github/addoncommunity/galactifun/api/items/ProtectingBlock.java: Recompile with -Xlint:deprecation for details.
[WARNING] /home/runner/work/builds/builds/SlimeTraditionalTranslation/Galactifun/master/files/src/main/java/io/github/addoncommunity/galactifun/Galactifun.java: /home/runner/work/builds/builds/SlimeTraditionalTranslation/Galactifun/master/files/src/main/java/io/github/addoncommunity/galactifun/Galactifun.java uses unchecked or unsafe operations.
[WARNING] /home/runner/work/builds/builds/SlimeTraditionalTranslation/Galactifun/master/files/src/main/java/io/github/addoncommunity/galactifun/Galactifun.java: Recompile with -Xlint:unchecked for details.
[INFO] 
[INFO] --- maven-resources-plugin:2.6:testResources (default-testResources) @ Galactifun ---
[INFO] Using 'UTF-8' encoding to copy filtered resources.
[INFO] skip non existing resourceDirectory /home/runner/work/builds/builds/SlimeTraditionalTranslation/Galactifun/master/files/src/test/resources
[INFO] 
[INFO] --- maven-compiler-plugin:3.1:testCompile (default-testCompile) @ Galactifun ---
[INFO] No sources to compile
[INFO] 
[INFO] --- maven-surefire-plugin:2.12.4:test (default-test) @ Galactifun ---
[INFO] No tests to run.
[INFO] 
[INFO] --- maven-jar-plugin:2.4:jar (default-jar) @ Galactifun ---
[INFO] Building jar: /home/runner/work/builds/builds/SlimeTraditionalTranslation/Galactifun/master/files/target/Galactifun-17.jar
[INFO] 
[INFO] --- maven-shade-plugin:3.3.1-SNAPSHOT:shade (default) @ Galactifun ---
[INFO] Downloading from maven-snapshots: https://repository.apache.org/content/repositories/snapshots/org/apache/maven/shared/maven-artifact-transfer/0.13.1/maven-artifact-transfer-0.13.1.pom
[INFO] Downloading from central: https://repo.maven.apache.org/maven2/org/apache/maven/shared/maven-artifact-transfer/0.13.1/maven-artifact-transfer-0.13.1.pom
[INFO] Downloaded from central: https://repo.maven.apache.org/maven2/org/apache/maven/shared/maven-artifact-transfer/0.13.1/maven-artifact-transfer-0.13.1.pom (11 kB at 114 kB/s)
[INFO] Downloading from maven-snapshots: https://repository.apache.org/content/repositories/snapshots/org/apache/maven/shared/maven-shared-components/34/maven-shared-components-34.pom
[INFO] Downloading from central: https://repo.maven.apache.org/maven2/org/apache/maven/shared/maven-shared-components/34/maven-shared-components-34.pom
[INFO] Downloaded from central: https://repo.maven.apache.org/maven2/org/apache/maven/shared/maven-shared-components/34/maven-shared-components-34.pom (5.1 kB at 189 kB/s)
[INFO] Downloading from maven-snapshots: https://repository.apache.org/content/repositories/snapshots/org/apache/maven/shared/maven-common-artifact-filters/3.1.0/maven-common-artifact-filters-3.1.0.pom
[INFO] Downloading from central: https://repo.maven.apache.org/maven2/org/apache/maven/shared/maven-common-artifact-filters/3.1.0/maven-common-artifact-filters-3.1.0.pom
[INFO] Downloaded from central: https://repo.maven.apache.org/maven2/org/apache/maven/shared/maven-common-artifact-filters/3.1.0/maven-common-artifact-filters-3.1.0.pom (5.3 kB at 106 kB/s)
[INFO] Downloading from maven-snapshots: https://repository.apache.org/content/repositories/snapshots/org/slf4j/slf4j-api/1.7.32/slf4j-api-1.7.32.pom
[INFO] Downloading from central: https://repo.maven.apache.org/maven2/org/slf4j/slf4j-api/1.7.32/slf4j-api-1.7.32.pom
[INFO] Downloaded from central: https://repo.maven.apache.org/maven2/org/slf4j/slf4j-api/1.7.32/slf4j-api-1.7.32.pom (3.8 kB at 142 kB/s)
[INFO] Downloading from maven-snapshots: https://repository.apache.org/content/repositories/snapshots/org/slf4j/slf4j-parent/1.7.32/slf4j-parent-1.7.32.pom
[INFO] Downloading from central: https://repo.maven.apache.org/maven2/org/slf4j/slf4j-parent/1.7.32/slf4j-parent-1.7.32.pom
[INFO] Downloaded from central: https://repo.maven.apache.org/maven2/org/slf4j/slf4j-parent/1.7.32/slf4j-parent-1.7.32.pom (14 kB at 345 kB/s)
[INFO] Downloading from maven-snapshots: https://repository.apache.org/content/repositories/snapshots/org/ow2/asm/asm/9.2/asm-9.2.pom
[INFO] Downloading from central: https://repo.maven.apache.org/maven2/org/ow2/asm/asm/9.2/asm-9.2.pom
[INFO] Downloaded from central: https://repo.maven.apache.org/maven2/org/ow2/asm/asm/9.2/asm-9.2.pom (2.4 kB at 85 kB/s)
[INFO] Downloading from maven-snapshots: https://repository.apache.org/content/repositories/snapshots/org/ow2/asm/asm-commons/9.2/asm-commons-9.2.pom
[INFO] Downloading from central: https://repo.maven.apache.org/maven2/org/ow2/asm/asm-commons/9.2/asm-commons-9.2.pom
[INFO] Downloaded from central: https://repo.maven.apache.org/maven2/org/ow2/asm/asm-commons/9.2/asm-commons-9.2.pom (3.0 kB at 106 kB/s)
[INFO] Downloading from maven-snapshots: https://repository.apache.org/content/repositories/snapshots/org/ow2/asm/asm-tree/9.2/asm-tree-9.2.pom
[INFO] Downloading from central: https://repo.maven.apache.org/maven2/org/ow2/asm/asm-tree/9.2/asm-tree-9.2.pom
[INFO] Downloaded from central: https://repo.maven.apache.org/maven2/org/ow2/asm/asm-tree/9.2/asm-tree-9.2.pom (2.6 kB at 76 kB/s)
[INFO] Downloading from maven-snapshots: https://repository.apache.org/content/repositories/snapshots/org/ow2/asm/asm-analysis/9.2/asm-analysis-9.2.pom
[INFO] Downloading from central: https://repo.maven.apache.org/maven2/org/ow2/asm/asm-analysis/9.2/asm-analysis-9.2.pom
[INFO] Downloaded from central: https://repo.maven.apache.org/maven2/org/ow2/asm/asm-analysis/9.2/asm-analysis-9.2.pom (2.6 kB at 101 kB/s)
[INFO] Downloading from maven-snapshots: https://repository.apache.org/content/repositories/snapshots/org/vafer/jdependency/2.7.0/jdependency-2.7.0.pom
[INFO] Downloading from central: https://repo.maven.apache.org/maven2/org/vafer/jdependency/2.7.0/jdependency-2.7.0.pom
[INFO] Downloaded from central: https://repo.maven.apache.org/maven2/org/vafer/jdependency/2.7.0/jdependency-2.7.0.pom (14 kB at 479 kB/s)
[INFO] Downloading from maven-snapshots: https://repository.apache.org/content/repositories/snapshots/org/apache/commons/commons-lang3/3.8.1/commons-lang3-3.8.1.pom
[INFO] Downloading from central: https://repo.maven.apache.org/maven2/org/apache/commons/commons-lang3/3.8.1/commons-lang3-3.8.1.pom
[INFO] Downloaded from central: https://repo.maven.apache.org/maven2/org/apache/commons/commons-lang3/3.8.1/commons-lang3-3.8.1.pom (28 kB at 715 kB/s)
[INFO] Downloading from maven-snapshots: https://repository.apache.org/content/repositories/snapshots/org/apache/commons/commons-parent/47/commons-parent-47.pom
[INFO] Downloading from central: https://repo.maven.apache.org/maven2/org/apache/commons/commons-parent/47/commons-parent-47.pom
[INFO] Downloaded from central: https://repo.maven.apache.org/maven2/org/apache/commons/commons-parent/47/commons-parent-47.pom (78 kB at 2.2 MB/s)
[INFO] Downloading from maven-snapshots: https://repository.apache.org/content/repositories/snapshots/org/apache/apache/19/apache-19.pom
[INFO] Downloading from central: https://repo.maven.apache.org/maven2/org/apache/apache/19/apache-19.pom
[INFO] Downloaded from central: https://repo.maven.apache.org/maven2/org/apache/apache/19/apache-19.pom (15 kB at 620 kB/s)
[INFO] Downloading from maven-snapshots: https://repository.apache.org/content/repositories/snapshots/org/apache/commons/commons-collections4/4.2/commons-collections4-4.2.pom
[INFO] Downloading from central: https://repo.maven.apache.org/maven2/org/apache/commons/commons-collections4/4.2/commons-collections4-4.2.pom
[INFO] Downloaded from central: https://repo.maven.apache.org/maven2/org/apache/commons/commons-collections4/4.2/commons-collections4-4.2.pom (23 kB at 772 kB/s)
[INFO] Downloading from maven-snapshots: https://repository.apache.org/content/repositories/snapshots/org/apache/maven/shared/maven-artifact-transfer/0.13.1/maven-artifact-transfer-0.13.1.jar
[INFO] Downloading from maven-snapshots: https://repository.apache.org/content/repositories/snapshots/org/apache/maven/shared/maven-common-artifact-filters/3.1.0/maven-common-artifact-filters-3.1.0.jar
[INFO] Downloading from maven-snapshots: https://repository.apache.org/content/repositories/snapshots/org/slf4j/slf4j-api/1.7.32/slf4j-api-1.7.32.jar
[INFO] Downloading from maven-snapshots: https://repository.apache.org/content/repositories/snapshots/org/ow2/asm/asm/9.2/asm-9.2.jar
[INFO] Downloading from maven-snapshots: https://repository.apache.org/content/repositories/snapshots/org/ow2/asm/asm-commons/9.2/asm-commons-9.2.jar
[INFO] Downloading from maven-snapshots: https://repository.apache.org/content/repositories/snapshots/org/ow2/asm/asm-tree/9.2/asm-tree-9.2.jar
[INFO] Downloading from maven-snapshots: https://repository.apache.org/content/repositories/snapshots/org/ow2/asm/asm-analysis/9.2/asm-analysis-9.2.jar
[INFO] Downloading from maven-snapshots: https://repository.apache.org/content/repositories/snapshots/org/vafer/jdependency/2.7.0/jdependency-2.7.0.jar
[INFO] Downloading from maven-snapshots: https://repository.apache.org/content/repositories/snapshots/org/apache/commons/commons-lang3/3.8.1/commons-lang3-3.8.1.jar
[INFO] Downloading from maven-snapshots: https://repository.apache.org/content/repositories/snapshots/org/apache/commons/commons-collections4/4.2/commons-collections4-4.2.jar
[INFO] Downloading from central: https://repo.maven.apache.org/maven2/org/apache/maven/shared/maven-artifact-transfer/0.13.1/maven-artifact-transfer-0.13.1.jar
[INFO] Downloading from central: https://repo.maven.apache.org/maven2/org/apache/maven/shared/maven-common-artifact-filters/3.1.0/maven-common-artifact-filters-3.1.0.jar
[INFO] Downloading from central: https://repo.maven.apache.org/maven2/org/slf4j/slf4j-api/1.7.32/slf4j-api-1.7.32.jar
[INFO] Downloading from central: https://repo.maven.apache.org/maven2/org/ow2/asm/asm/9.2/asm-9.2.jar
[INFO] Downloading from central: https://repo.maven.apache.org/maven2/org/ow2/asm/asm-commons/9.2/asm-commons-9.2.jar
[INFO] Downloaded from central: https://repo.maven.apache.org/maven2/org/apache/maven/shared/maven-artifact-transfer/0.13.1/maven-artifact-transfer-0.13.1.jar (159 kB at 4.2 MB/s)
[INFO] Downloading from central: https://repo.maven.apache.org/maven2/org/ow2/asm/asm-tree/9.2/asm-tree-9.2.jar
[INFO] Downloaded from central: https://repo.maven.apache.org/maven2/org/slf4j/slf4j-api/1.7.32/slf4j-api-1.7.32.jar (42 kB at 593 kB/s)
[INFO] Downloading from central: https://repo.maven.apache.org/maven2/org/ow2/asm/asm-analysis/9.2/asm-analysis-9.2.jar
[INFO] Downloaded from central: https://repo.maven.apache.org/maven2/org/apache/maven/shared/maven-common-artifact-filters/3.1.0/maven-common-artifact-filters-3.1.0.jar (61 kB at 766 kB/s)
[INFO] Downloading from central: https://repo.maven.apache.org/maven2/org/vafer/jdependency/2.7.0/jdependency-2.7.0.jar
[INFO] Downloaded from central: https://repo.maven.apache.org/maven2/org/ow2/asm/asm-commons/9.2/asm-commons-9.2.jar (73 kB at 956 kB/s)
[INFO] Downloading from central: https://repo.maven.apache.org/maven2/org/apache/commons/commons-lang3/3.8.1/commons-lang3-3.8.1.jar
[INFO] Downloaded from central: https://repo.maven.apache.org/maven2/org/ow2/asm/asm-tree/9.2/asm-tree-9.2.jar (53 kB at 650 kB/s)
[INFO] Downloading from central: https://repo.maven.apache.org/maven2/org/apache/commons/commons-collections4/4.2/commons-collections4-4.2.jar
[INFO] Downloaded from central: https://repo.maven.apache.org/maven2/org/ow2/asm/asm/9.2/asm-9.2.jar (122 kB at 1.4 MB/s)
[INFO] Downloaded from central: https://repo.maven.apache.org/maven2/org/ow2/asm/asm-analysis/9.2/asm-analysis-9.2.jar (34 kB at 361 kB/s)
[INFO] Downloaded from central: https://repo.maven.apache.org/maven2/org/vafer/jdependency/2.7.0/jdependency-2.7.0.jar (233 kB at 1.8 MB/s)
[INFO] Downloaded from central: https://repo.maven.apache.org/maven2/org/apache/commons/commons-lang3/3.8.1/commons-lang3-3.8.1.jar (502 kB at 3.4 MB/s)
[INFO] Downloaded from central: https://repo.maven.apache.org/maven2/org/apache/commons/commons-collections4/4.2/commons-collections4-4.2.jar (753 kB at 5.0 MB/s)
[INFO] Including io.github.SlimeTraditionalTranslation:InfinityLib:jar:c867f68 in the shaded jar.
[INFO] Minimizing jar io.github.addoncommunity.galactifun:Galactifun:jar:EFI - 17 (git 070875a7)
[WARNING] /home/runner/work/builds/builds/SlimeTraditionalTranslation/Galactifun/master/files/target/classes (Is a directory)
[INFO] Dependency-reduced POM written at: /home/runner/work/builds/builds/SlimeTraditionalTranslation/Galactifun/master/files/dependency-reduced-pom.xml
[INFO] Minimized 196 -> 180 (91%)
[INFO] Replacing original artifact with shaded artifact.
[INFO] Replacing /home/runner/work/builds/builds/SlimeTraditionalTranslation/Galactifun/master/files/target/Galactifun-17.jar with /home/runner/work/builds/builds/SlimeTraditionalTranslation/Galactifun/master/files/target/Galactifun-EFI - 17 (git 070875a7)-shaded.jar
[INFO] ------------------------------------------------------------------------
[INFO] BUILD SUCCESS
[INFO] ------------------------------------------------------------------------
[INFO] Total time:  25.314 s
[INFO] Finished at: 2021-11-15T18:52:42Z
[INFO] ------------------------------------------------------------------------
