[INFO] Scanning for projects...
[INFO] 
[INFO] --------------------< io.github.mooy1:SimpleUtils >---------------------
[INFO] Building SimpleUtils EFI - 10 (git 5f048d7a)
[INFO] --------------------------------[ jar ]---------------------------------
[INFO] 
[INFO] --- maven-clean-plugin:2.5:clean (default-clean) @ SimpleUtils ---
[INFO] 
[INFO] --- maven-resources-plugin:2.6:resources (default-resources) @ SimpleUtils ---
[INFO] Using 'UTF-8' encoding to copy filtered resources.
[INFO] Copying 2 resources
[INFO] Copying 1 resource
[INFO] 
[INFO] --- maven-compiler-plugin:3.1:compile (default-compile) @ SimpleUtils ---
[INFO] Changes detected - recompiling the module!
[INFO] Compiling 7 source files to /home/runner/work/builds/builds/SlimeTraditionalTranslation/SimpleUtils/master/files/target/classes
[WARNING] /home/runner/work/builds/builds/SlimeTraditionalTranslation/SimpleUtils/master/files/src/main/java/io/github/mooy1/simpleutils/implementation/blocks/Workbench.java: /home/runner/work/builds/builds/SlimeTraditionalTranslation/SimpleUtils/master/files/src/main/java/io/github/mooy1/simpleutils/implementation/blocks/Workbench.java uses or overrides a deprecated API.
[WARNING] /home/runner/work/builds/builds/SlimeTraditionalTranslation/SimpleUtils/master/files/src/main/java/io/github/mooy1/simpleutils/implementation/blocks/Workbench.java: Recompile with -Xlint:deprecation for details.
[INFO] 
[INFO] --- maven-resources-plugin:2.6:testResources (default-testResources) @ SimpleUtils ---
[INFO] Using 'UTF-8' encoding to copy filtered resources.
[INFO] skip non existing resourceDirectory /home/runner/work/builds/builds/SlimeTraditionalTranslation/SimpleUtils/master/files/src/test/resources
[INFO] 
[INFO] --- maven-compiler-plugin:3.1:testCompile (default-testCompile) @ SimpleUtils ---
[INFO] Changes detected - recompiling the module!
[INFO] Compiling 1 source file to /home/runner/work/builds/builds/SlimeTraditionalTranslation/SimpleUtils/master/files/target/test-classes
[INFO] 
[INFO] --- maven-surefire-plugin:3.0.0-M5:test (default-test) @ SimpleUtils ---
[INFO] 
[INFO] -------------------------------------------------------
[INFO]  T E S T S
[INFO] -------------------------------------------------------
[INFO] Running io.github.mooy1.simpleutils.TestSimpleUtils
Sep 07, 2021 3:13:14 PM org.bukkit.plugin.java.JavaPluginLoader <init>
WARNING: Could not initialize LibraryLoader (missing dependencies?)
[INFO] Tests run: 1, Failures: 0, Errors: 0, Skipped: 0, Time elapsed: 1.355 s - in io.github.mooy1.simpleutils.TestSimpleUtils
[INFO] 
[INFO] Results:
[INFO] 
[INFO] Tests run: 1, Failures: 0, Errors: 0, Skipped: 0
[INFO] 
[INFO] 
[INFO] --- maven-jar-plugin:2.4:jar (default-jar) @ SimpleUtils ---
[INFO] Building jar: /home/runner/work/builds/builds/SlimeTraditionalTranslation/SimpleUtils/master/files/target/SimpleUtils-10.jar
[INFO] 
[INFO] --- maven-shade-plugin:3.2.4:shade (default) @ SimpleUtils ---
[INFO] Including io.github.SlimeTraditionalTranslation:InfinityLib:jar:5a58ea4 in the shaded jar.
[INFO] Minimizing jar io.github.mooy1:SimpleUtils:jar:EFI - 10 (git 5f048d7a)
[WARNING] /home/runner/work/builds/builds/SlimeTraditionalTranslation/SimpleUtils/master/files/target/classes (Is a directory)
[INFO] Minimized 65 -> 38 (58%)
[INFO] Replacing original artifact with shaded artifact.
[INFO] Replacing /home/runner/work/builds/builds/SlimeTraditionalTranslation/SimpleUtils/master/files/target/SimpleUtils-10.jar with /home/runner/work/builds/builds/SlimeTraditionalTranslation/SimpleUtils/master/files/target/SimpleUtils-EFI - 10 (git 5f048d7a)-shaded.jar
[INFO] Dependency-reduced POM written at: /home/runner/work/builds/builds/SlimeTraditionalTranslation/SimpleUtils/master/files/dependency-reduced-pom.xml
[INFO] ------------------------------------------------------------------------
[INFO] BUILD SUCCESS
[INFO] ------------------------------------------------------------------------
[INFO] Total time:  6.372 s
[INFO] Finished at: 2021-09-07T15:13:16Z
[INFO] ------------------------------------------------------------------------
