[INFO] Scanning for projects...
[INFO] 
[INFO] --------------------< com.github.slimefun:Slimefun >--------------------
[INFO] Building Slimefun TEA - 216 (git 254bc6f4)
[INFO] --------------------------------[ jar ]---------------------------------
[INFO] Downloading from central: https://repo.maven.apache.org/maven2/org/apache/maven/plugins/maven-source-plugin/3.2.1/maven-source-plugin-3.2.1.pom
[INFO] Downloaded from central: https://repo.maven.apache.org/maven2/org/apache/maven/plugins/maven-source-plugin/3.2.1/maven-source-plugin-3.2.1.pom (6.9 kB at 27 kB/s)
[INFO] Downloading from central: https://repo.maven.apache.org/maven2/org/apache/maven/plugins/maven-plugins/33/maven-plugins-33.pom
[INFO] Downloaded from central: https://repo.maven.apache.org/maven2/org/apache/maven/plugins/maven-plugins/33/maven-plugins-33.pom (11 kB at 382 kB/s)
[INFO] Downloading from central: https://repo.maven.apache.org/maven2/org/apache/maven/maven-parent/33/maven-parent-33.pom
[INFO] Downloaded from central: https://repo.maven.apache.org/maven2/org/apache/maven/maven-parent/33/maven-parent-33.pom (44 kB at 1.1 MB/s)
[INFO] Downloading from central: https://repo.maven.apache.org/maven2/org/apache/apache/21/apache-21.pom
[INFO] Downloaded from central: https://repo.maven.apache.org/maven2/org/apache/apache/21/apache-21.pom (17 kB at 684 kB/s)
[INFO] Downloading from central: https://repo.maven.apache.org/maven2/org/apache/maven/plugins/maven-source-plugin/3.2.1/maven-source-plugin-3.2.1.jar
[INFO] Downloaded from central: https://repo.maven.apache.org/maven2/org/apache/maven/plugins/maven-source-plugin/3.2.1/maven-source-plugin-3.2.1.jar (32 kB at 946 kB/s)
[INFO] Downloading from central: https://repo.maven.apache.org/maven2/org/jacoco/jacoco-maven-plugin/0.8.7/jacoco-maven-plugin-0.8.7.pom
[INFO] Downloaded from central: https://repo.maven.apache.org/maven2/org/jacoco/jacoco-maven-plugin/0.8.7/jacoco-maven-plugin-0.8.7.pom (3.7 kB at 186 kB/s)
[INFO] Downloading from central: https://repo.maven.apache.org/maven2/org/jacoco/org.jacoco.build/0.8.7/org.jacoco.build-0.8.7.pom
[INFO] Downloaded from central: https://repo.maven.apache.org/maven2/org/jacoco/org.jacoco.build/0.8.7/org.jacoco.build-0.8.7.pom (43 kB at 1.4 MB/s)
[INFO] Downloading from central: https://repo.maven.apache.org/maven2/org/jacoco/jacoco-maven-plugin/0.8.7/jacoco-maven-plugin-0.8.7.jar
[INFO] Downloaded from central: https://repo.maven.apache.org/maven2/org/jacoco/jacoco-maven-plugin/0.8.7/jacoco-maven-plugin-0.8.7.jar (56 kB at 2.0 MB/s)
[INFO] Downloading from central: https://repo.maven.apache.org/maven2/org/apache/maven/plugins/maven-clean-plugin/2.5/maven-clean-plugin-2.5.pom
[INFO] Downloaded from central: https://repo.maven.apache.org/maven2/org/apache/maven/plugins/maven-clean-plugin/2.5/maven-clean-plugin-2.5.pom (3.9 kB at 187 kB/s)
[INFO] Downloading from central: https://repo.maven.apache.org/maven2/org/apache/maven/plugins/maven-plugins/22/maven-plugins-22.pom
[INFO] Downloaded from central: https://repo.maven.apache.org/maven2/org/apache/maven/plugins/maven-plugins/22/maven-plugins-22.pom (13 kB at 621 kB/s)
[INFO] Downloading from central: https://repo.maven.apache.org/maven2/org/apache/maven/maven-parent/21/maven-parent-21.pom
[INFO] Downloaded from central: https://repo.maven.apache.org/maven2/org/apache/maven/maven-parent/21/maven-parent-21.pom (26 kB at 1.2 MB/s)
[INFO] Downloading from central: https://repo.maven.apache.org/maven2/org/apache/apache/10/apache-10.pom
[INFO] Downloaded from central: https://repo.maven.apache.org/maven2/org/apache/apache/10/apache-10.pom (15 kB at 569 kB/s)
[INFO] Downloading from central: https://repo.maven.apache.org/maven2/org/apache/maven/plugins/maven-clean-plugin/2.5/maven-clean-plugin-2.5.jar
[INFO] Downloaded from central: https://repo.maven.apache.org/maven2/org/apache/maven/plugins/maven-clean-plugin/2.5/maven-clean-plugin-2.5.jar (25 kB at 1.2 MB/s)
[INFO] Downloading from central: https://repo.maven.apache.org/maven2/org/apache/maven/plugins/maven-resources-plugin/2.6/maven-resources-plugin-2.6.pom
[INFO] Downloaded from central: https://repo.maven.apache.org/maven2/org/apache/maven/plugins/maven-resources-plugin/2.6/maven-resources-plugin-2.6.pom (8.1 kB at 406 kB/s)
[INFO] Downloading from central: https://repo.maven.apache.org/maven2/org/apache/maven/plugins/maven-plugins/23/maven-plugins-23.pom
[INFO] Downloaded from central: https://repo.maven.apache.org/maven2/org/apache/maven/plugins/maven-plugins/23/maven-plugins-23.pom (9.2 kB at 460 kB/s)
[INFO] Downloading from central: https://repo.maven.apache.org/maven2/org/apache/maven/maven-parent/22/maven-parent-22.pom
[INFO] Downloaded from central: https://repo.maven.apache.org/maven2/org/apache/maven/maven-parent/22/maven-parent-22.pom (30 kB at 1.5 MB/s)
[INFO] Downloading from central: https://repo.maven.apache.org/maven2/org/apache/apache/11/apache-11.pom
[INFO] Downloaded from central: https://repo.maven.apache.org/maven2/org/apache/apache/11/apache-11.pom (15 kB at 741 kB/s)
[INFO] Downloading from central: https://repo.maven.apache.org/maven2/org/apache/maven/plugins/maven-resources-plugin/2.6/maven-resources-plugin-2.6.jar
[INFO] Downloaded from central: https://repo.maven.apache.org/maven2/org/apache/maven/plugins/maven-resources-plugin/2.6/maven-resources-plugin-2.6.jar (30 kB at 1.3 MB/s)
[INFO] Downloading from central: https://repo.maven.apache.org/maven2/org/apache/maven/plugins/maven-compiler-plugin/3.9.0/maven-compiler-plugin-3.9.0.pom
[INFO] Downloaded from central: https://repo.maven.apache.org/maven2/org/apache/maven/plugins/maven-compiler-plugin/3.9.0/maven-compiler-plugin-3.9.0.pom (12 kB at 567 kB/s)
[INFO] Downloading from central: https://repo.maven.apache.org/maven2/org/apache/maven/plugins/maven-plugins/34/maven-plugins-34.pom
[INFO] Downloaded from central: https://repo.maven.apache.org/maven2/org/apache/maven/plugins/maven-plugins/34/maven-plugins-34.pom (11 kB at 445 kB/s)
[INFO] Downloading from central: https://repo.maven.apache.org/maven2/org/apache/maven/maven-parent/34/maven-parent-34.pom
[INFO] Downloaded from central: https://repo.maven.apache.org/maven2/org/apache/maven/maven-parent/34/maven-parent-34.pom (43 kB at 2.0 MB/s)
[INFO] Downloading from central: https://repo.maven.apache.org/maven2/org/apache/apache/23/apache-23.pom
[INFO] Downloaded from central: https://repo.maven.apache.org/maven2/org/apache/apache/23/apache-23.pom (18 kB at 877 kB/s)
[INFO] Downloading from central: https://repo.maven.apache.org/maven2/org/apache/maven/plugins/maven-compiler-plugin/3.9.0/maven-compiler-plugin-3.9.0.jar
[INFO] Downloaded from central: https://repo.maven.apache.org/maven2/org/apache/maven/plugins/maven-compiler-plugin/3.9.0/maven-compiler-plugin-3.9.0.jar (62 kB at 2.8 MB/s)
[INFO] Downloading from central: https://repo.maven.apache.org/maven2/org/apache/maven/plugins/maven-surefire-plugin/3.0.0-M5/maven-surefire-plugin-3.0.0-M5.pom
[INFO] Downloaded from central: https://repo.maven.apache.org/maven2/org/apache/maven/plugins/maven-surefire-plugin/3.0.0-M5/maven-surefire-plugin-3.0.0-M5.pom (8.0 kB at 383 kB/s)
[INFO] Downloading from central: https://repo.maven.apache.org/maven2/org/apache/maven/surefire/surefire/3.0.0-M5/surefire-3.0.0-M5.pom
[INFO] Downloaded from central: https://repo.maven.apache.org/maven2/org/apache/maven/surefire/surefire/3.0.0-M5/surefire-3.0.0-M5.pom (27 kB at 806 kB/s)
[INFO] Downloading from central: https://repo.maven.apache.org/maven2/org/apache/maven/plugins/maven-surefire-plugin/3.0.0-M5/maven-surefire-plugin-3.0.0-M5.jar
[INFO] Downloaded from central: https://repo.maven.apache.org/maven2/org/apache/maven/plugins/maven-surefire-plugin/3.0.0-M5/maven-surefire-plugin-3.0.0-M5.jar (43 kB at 1.1 MB/s)
[INFO] Downloading from central: https://repo.maven.apache.org/maven2/org/apache/maven/plugins/maven-jar-plugin/2.4/maven-jar-plugin-2.4.pom
[INFO] Downloaded from central: https://repo.maven.apache.org/maven2/org/apache/maven/plugins/maven-jar-plugin/2.4/maven-jar-plugin-2.4.pom (5.8 kB at 265 kB/s)
[INFO] Downloading from central: https://repo.maven.apache.org/maven2/org/apache/maven/plugins/maven-jar-plugin/2.4/maven-jar-plugin-2.4.jar
[INFO] Downloaded from central: https://repo.maven.apache.org/maven2/org/apache/maven/plugins/maven-jar-plugin/2.4/maven-jar-plugin-2.4.jar (34 kB at 1.5 MB/s)
[INFO] Downloading from central: https://repo.maven.apache.org/maven2/org/apache/maven/plugins/maven-shade-plugin/3.2.4/maven-shade-plugin-3.2.4.pom
[INFO] Downloaded from central: https://repo.maven.apache.org/maven2/org/apache/maven/plugins/maven-shade-plugin/3.2.4/maven-shade-plugin-3.2.4.pom (11 kB at 538 kB/s)
[INFO] Downloading from central: https://repo.maven.apache.org/maven2/org/apache/maven/plugins/maven-shade-plugin/3.2.4/maven-shade-plugin-3.2.4.jar
[INFO] Downloaded from central: https://repo.maven.apache.org/maven2/org/apache/maven/plugins/maven-shade-plugin/3.2.4/maven-shade-plugin-3.2.4.jar (134 kB at 3.4 MB/s)
[INFO] Downloading from spigot-repo: https://hub.spigotmc.org/nexus/content/repositories/snapshots/org/spigotmc/spigot-api/1.18.1-R0.1-SNAPSHOT/maven-metadata.xml
[INFO] Downloading from paper-repo: https://papermc.io/repo/repository/maven-public/org/spigotmc/spigot-api/1.18.1-R0.1-SNAPSHOT/maven-metadata.xml
[INFO] Downloading from jitpack.io: https://jitpack.io/org/spigotmc/spigot-api/1.18.1-R0.1-SNAPSHOT/maven-metadata.xml
[INFO] Downloading from worldedit-repo: https://maven.sk89q.com/repo/org/spigotmc/spigot-api/1.18.1-R0.1-SNAPSHOT/maven-metadata.xml
[INFO] Downloading from placeholderapi-repo: https://repo.extendedclip.com/content/repositories/placeholderapi/org/spigotmc/spigot-api/1.18.1-R0.1-SNAPSHOT/maven-metadata.xml
[INFO] Downloading from mcmmo-repo: https://nexus.neetgames.com/repository/maven-public/org/spigotmc/spigot-api/1.18.1-R0.1-SNAPSHOT/maven-metadata.xml
[INFO] Downloading from walshy-public: https://repo.walshy.dev/public/org/spigotmc/spigot-api/1.18.1-R0.1-SNAPSHOT/maven-metadata.xml
[INFO] Downloaded from spigot-repo: https://hub.spigotmc.org/nexus/content/repositories/snapshots/org/spigotmc/spigot-api/1.18.1-R0.1-SNAPSHOT/maven-metadata.xml (1.5 kB at 2.7 kB/s)
[INFO] Downloading from imprex-repo: https://imprex.ingrim4.me/repository/maven-public/org/spigotmc/spigot-api/1.18.1-R0.1-SNAPSHOT/maven-metadata.xml
[INFO] Downloaded from paper-repo: https://papermc.io/repo/repository/maven-public/org/spigotmc/spigot-api/1.18.1-R0.1-SNAPSHOT/maven-metadata.xml (1.5 kB at 890 B/s)
[WARNING] Could not transfer metadata org.spigotmc:spigot-api:1.18.1-R0.1-SNAPSHOT/maven-metadata.xml from/to worldedit-repo (https://maven.sk89q.com/repo): transfer failed for https://maven.sk89q.com/repo/org/spigotmc/spigot-api/1.18.1-R0.1-SNAPSHOT/maven-metadata.xml, status: 503 Service Unavailable
[WARNING] org.spigotmc:spigot-api:1.18.1-R0.1-SNAPSHOT/maven-metadata.xmlfailed to transfer from https://maven.sk89q.com/repo during a previous attempt. This failure was cached in the local repository and resolution will not be reattempted until the update interval of worldedit-repo has elapsed or updates are forced. Original error: Could not transfer metadata org.spigotmc:spigot-api:1.18.1-R0.1-SNAPSHOT/maven-metadata.xml from/to worldedit-repo (https://maven.sk89q.com/repo): transfer failed for https://maven.sk89q.com/repo/org/spigotmc/spigot-api/1.18.1-R0.1-SNAPSHOT/maven-metadata.xml, status: 503 Service Unavailable
[INFO] Downloading from spigot-repo: https://hub.spigotmc.org/nexus/content/repositories/snapshots/org/spigotmc/spigot-api/1.18.1-R0.1-SNAPSHOT/spigot-api-1.18.1-R0.1-20220116.232048-45.pom
[INFO] Downloaded from spigot-repo: https://hub.spigotmc.org/nexus/content/repositories/snapshots/org/spigotmc/spigot-api/1.18.1-R0.1-SNAPSHOT/spigot-api-1.18.1-R0.1-20220116.232048-45.pom (10 kB at 26 kB/s)
[INFO] Downloading from spigot-repo: https://hub.spigotmc.org/nexus/content/repositories/snapshots/commons-lang/commons-lang/2.6/commons-lang-2.6.pom
[INFO] Downloading from paper-repo: https://papermc.io/repo/repository/maven-public/commons-lang/commons-lang/2.6/commons-lang-2.6.pom
[INFO] Downloaded from paper-repo: https://papermc.io/repo/repository/maven-public/commons-lang/commons-lang/2.6/commons-lang-2.6.pom (17 kB at 10 kB/s)
[INFO] Downloading from spigot-repo: https://hub.spigotmc.org/nexus/content/repositories/snapshots/org/apache/commons/commons-parent/17/commons-parent-17.pom
[INFO] Downloading from paper-repo: https://papermc.io/repo/repository/maven-public/org/apache/commons/commons-parent/17/commons-parent-17.pom
[INFO] Downloaded from paper-repo: https://papermc.io/repo/repository/maven-public/org/apache/commons/commons-parent/17/commons-parent-17.pom (31 kB at 29 kB/s)
[INFO] Downloading from spigot-repo: https://hub.spigotmc.org/nexus/content/repositories/snapshots/org/apache/apache/7/apache-7.pom
[INFO] Downloading from paper-repo: https://papermc.io/repo/repository/maven-public/org/apache/apache/7/apache-7.pom
[INFO] Downloaded from paper-repo: https://papermc.io/repo/repository/maven-public/org/apache/apache/7/apache-7.pom (14 kB at 12 kB/s)
[INFO] Downloading from spigot-repo: https://hub.spigotmc.org/nexus/content/repositories/snapshots/com/google/guava/guava/31.0.1-jre/guava-31.0.1-jre.pom
[INFO] Downloading from paper-repo: https://papermc.io/repo/repository/maven-public/com/google/guava/guava/31.0.1-jre/guava-31.0.1-jre.pom
[INFO] Downloaded from paper-repo: https://papermc.io/repo/repository/maven-public/com/google/guava/guava/31.0.1-jre/guava-31.0.1-jre.pom (11 kB at 7.1 kB/s)
[INFO] Downloading from spigot-repo: https://hub.spigotmc.org/nexus/content/repositories/snapshots/com/google/guava/guava-parent/31.0.1-jre/guava-parent-31.0.1-jre.pom
[INFO] Downloading from paper-repo: https://papermc.io/repo/repository/maven-public/com/google/guava/guava-parent/31.0.1-jre/guava-parent-31.0.1-jre.pom
[INFO] Downloaded from paper-repo: https://papermc.io/repo/repository/maven-public/com/google/guava/guava-parent/31.0.1-jre/guava-parent-31.0.1-jre.pom (14 kB at 12 kB/s)
[INFO] Downloading from spigot-repo: https://hub.spigotmc.org/nexus/content/repositories/snapshots/com/google/guava/failureaccess/1.0.1/failureaccess-1.0.1.pom
[INFO] Downloading from paper-repo: https://papermc.io/repo/repository/maven-public/com/google/guava/failureaccess/1.0.1/failureaccess-1.0.1.pom
[INFO] Downloaded from paper-repo: https://papermc.io/repo/repository/maven-public/com/google/guava/failureaccess/1.0.1/failureaccess-1.0.1.pom (2.4 kB at 5.4 kB/s)
[INFO] Downloading from spigot-repo: https://hub.spigotmc.org/nexus/content/repositories/snapshots/com/google/guava/guava-parent/26.0-android/guava-parent-26.0-android.pom
[INFO] Downloading from paper-repo: https://papermc.io/repo/repository/maven-public/com/google/guava/guava-parent/26.0-android/guava-parent-26.0-android.pom
[INFO] Downloaded from paper-repo: https://papermc.io/repo/repository/maven-public/com/google/guava/guava-parent/26.0-android/guava-parent-26.0-android.pom (10 kB at 11 kB/s)
[INFO] Downloading from spigot-repo: https://hub.spigotmc.org/nexus/content/repositories/snapshots/org/sonatype/oss/oss-parent/9/oss-parent-9.pom
[INFO] Downloading from paper-repo: https://papermc.io/repo/repository/maven-public/org/sonatype/oss/oss-parent/9/oss-parent-9.pom
[INFO] Downloaded from paper-repo: https://papermc.io/repo/repository/maven-public/org/sonatype/oss/oss-parent/9/oss-parent-9.pom (6.6 kB at 16 kB/s)
[INFO] Downloading from spigot-repo: https://hub.spigotmc.org/nexus/content/repositories/snapshots/com/google/guava/listenablefuture/9999.0-empty-to-avoid-conflict-with-guava/listenablefuture-9999.0-empty-to-avoid-conflict-with-guava.pom
[INFO] Downloading from paper-repo: https://papermc.io/repo/repository/maven-public/com/google/guava/listenablefuture/9999.0-empty-to-avoid-conflict-with-guava/listenablefuture-9999.0-empty-to-avoid-conflict-with-guava.pom
[INFO] Downloaded from paper-repo: https://papermc.io/repo/repository/maven-public/com/google/guava/listenablefuture/9999.0-empty-to-avoid-conflict-with-guava/listenablefuture-9999.0-empty-to-avoid-conflict-with-guava.pom (2.3 kB at 2.4 kB/s)
[INFO] Downloading from spigot-repo: https://hub.spigotmc.org/nexus/content/repositories/snapshots/com/google/code/findbugs/jsr305/3.0.2/jsr305-3.0.2.pom
[INFO] Downloading from paper-repo: https://papermc.io/repo/repository/maven-public/com/google/code/findbugs/jsr305/3.0.2/jsr305-3.0.2.pom
[INFO] Downloaded from paper-repo: https://papermc.io/repo/repository/maven-public/com/google/code/findbugs/jsr305/3.0.2/jsr305-3.0.2.pom (4.3 kB at 9.7 kB/s)
[INFO] Downloading from spigot-repo: https://hub.spigotmc.org/nexus/content/repositories/snapshots/org/sonatype/oss/oss-parent/7/oss-parent-7.pom
[INFO] Downloading from paper-repo: https://papermc.io/repo/repository/maven-public/org/sonatype/oss/oss-parent/7/oss-parent-7.pom
[INFO] Downloaded from paper-repo: https://papermc.io/repo/repository/maven-public/org/sonatype/oss/oss-parent/7/oss-parent-7.pom (4.8 kB at 5.1 kB/s)
[INFO] Downloading from spigot-repo: https://hub.spigotmc.org/nexus/content/repositories/snapshots/org/checkerframework/checker-qual/3.12.0/checker-qual-3.12.0.pom
[INFO] Downloading from paper-repo: https://papermc.io/repo/repository/maven-public/org/checkerframework/checker-qual/3.12.0/checker-qual-3.12.0.pom
[INFO] Downloaded from paper-repo: https://papermc.io/repo/repository/maven-public/org/checkerframework/checker-qual/3.12.0/checker-qual-3.12.0.pom (2.1 kB at 4.9 kB/s)
[INFO] Downloading from spigot-repo: https://hub.spigotmc.org/nexus/content/repositories/snapshots/com/google/errorprone/error_prone_annotations/2.7.1/error_prone_annotations-2.7.1.pom
[INFO] Downloading from paper-repo: https://papermc.io/repo/repository/maven-public/com/google/errorprone/error_prone_annotations/2.7.1/error_prone_annotations-2.7.1.pom
[INFO] Downloaded from paper-repo: https://papermc.io/repo/repository/maven-public/com/google/errorprone/error_prone_annotations/2.7.1/error_prone_annotations-2.7.1.pom (2.1 kB at 4.9 kB/s)
[INFO] Downloading from spigot-repo: https://hub.spigotmc.org/nexus/content/repositories/snapshots/com/google/errorprone/error_prone_parent/2.7.1/error_prone_parent-2.7.1.pom
[INFO] Downloading from paper-repo: https://papermc.io/repo/repository/maven-public/com/google/errorprone/error_prone_parent/2.7.1/error_prone_parent-2.7.1.pom
[INFO] Downloaded from paper-repo: https://papermc.io/repo/repository/maven-public/com/google/errorprone/error_prone_parent/2.7.1/error_prone_parent-2.7.1.pom (7.0 kB at 16 kB/s)
[INFO] Downloading from spigot-repo: https://hub.spigotmc.org/nexus/content/repositories/snapshots/com/google/j2objc/j2objc-annotations/1.3/j2objc-annotations-1.3.pom
[INFO] Downloading from paper-repo: https://papermc.io/repo/repository/maven-public/com/google/j2objc/j2objc-annotations/1.3/j2objc-annotations-1.3.pom
[INFO] Downloaded from paper-repo: https://papermc.io/repo/repository/maven-public/com/google/j2objc/j2objc-annotations/1.3/j2objc-annotations-1.3.pom (2.8 kB at 6.3 kB/s)
[INFO] Downloading from spigot-repo: https://hub.spigotmc.org/nexus/content/repositories/snapshots/com/google/code/gson/gson/2.8.8/gson-2.8.8.pom
[INFO] Downloading from paper-repo: https://papermc.io/repo/repository/maven-public/com/google/code/gson/gson/2.8.8/gson-2.8.8.pom
[INFO] Downloaded from paper-repo: https://papermc.io/repo/repository/maven-public/com/google/code/gson/gson/2.8.8/gson-2.8.8.pom (6.0 kB at 14 kB/s)
[INFO] Downloading from spigot-repo: https://hub.spigotmc.org/nexus/content/repositories/snapshots/com/google/code/gson/gson-parent/2.8.8/gson-parent-2.8.8.pom
[INFO] Downloading from paper-repo: https://papermc.io/repo/repository/maven-public/com/google/code/gson/gson-parent/2.8.8/gson-parent-2.8.8.pom
[INFO] Downloaded from paper-repo: https://papermc.io/repo/repository/maven-public/com/google/code/gson/gson-parent/2.8.8/gson-parent-2.8.8.pom (4.6 kB at 11 kB/s)
[INFO] Downloading from spigot-repo: https://hub.spigotmc.org/nexus/content/repositories/snapshots/net/md-5/bungeecord-chat/1.16-R0.4/bungeecord-chat-1.16-R0.4.pom
[INFO] Downloading from paper-repo: https://papermc.io/repo/repository/maven-public/net/md-5/bungeecord-chat/1.16-R0.4/bungeecord-chat-1.16-R0.4.pom
[INFO] Downloaded from paper-repo: https://papermc.io/repo/repository/maven-public/net/md-5/bungeecord-chat/1.16-R0.4/bungeecord-chat-1.16-R0.4.pom (978 B at 2.3 kB/s)
[INFO] Downloading from spigot-repo: https://hub.spigotmc.org/nexus/content/repositories/snapshots/net/md-5/bungeecord-parent/1.16-R0.4/bungeecord-parent-1.16-R0.4.pom
[INFO] Downloading from paper-repo: https://papermc.io/repo/repository/maven-public/net/md-5/bungeecord-parent/1.16-R0.4/bungeecord-parent-1.16-R0.4.pom
[INFO] Downloaded from paper-repo: https://papermc.io/repo/repository/maven-public/net/md-5/bungeecord-parent/1.16-R0.4/bungeecord-parent-1.16-R0.4.pom (10 kB at 24 kB/s)
[INFO] Downloading from spigot-repo: https://hub.spigotmc.org/nexus/content/repositories/snapshots/com/google/code/gson/gson/2.8.0/gson-2.8.0.pom
[INFO] Downloading from paper-repo: https://papermc.io/repo/repository/maven-public/com/google/code/gson/gson/2.8.0/gson-2.8.0.pom
[INFO] Downloaded from paper-repo: https://papermc.io/repo/repository/maven-public/com/google/code/gson/gson/2.8.0/gson-2.8.0.pom (1.4 kB at 3.5 kB/s)
[INFO] Downloading from spigot-repo: https://hub.spigotmc.org/nexus/content/repositories/snapshots/com/google/code/gson/gson-parent/2.8.0/gson-parent-2.8.0.pom
[INFO] Downloading from paper-repo: https://papermc.io/repo/repository/maven-public/com/google/code/gson/gson-parent/2.8.0/gson-parent-2.8.0.pom
[INFO] Downloaded from paper-repo: https://papermc.io/repo/repository/maven-public/com/google/code/gson/gson-parent/2.8.0/gson-parent-2.8.0.pom (3.5 kB at 7.9 kB/s)
[INFO] Downloading from spigot-repo: https://hub.spigotmc.org/nexus/content/repositories/snapshots/com/google/guava/guava/21.0/guava-21.0.pom
[INFO] Downloading from paper-repo: https://papermc.io/repo/repository/maven-public/com/google/guava/guava/21.0/guava-21.0.pom
[INFO] Downloaded from paper-repo: https://papermc.io/repo/repository/maven-public/com/google/guava/guava/21.0/guava-21.0.pom (7.0 kB at 17 kB/s)
[INFO] Downloading from spigot-repo: https://hub.spigotmc.org/nexus/content/repositories/snapshots/com/google/guava/guava-parent/21.0/guava-parent-21.0.pom
[INFO] Downloading from paper-repo: https://papermc.io/repo/repository/maven-public/com/google/guava/guava-parent/21.0/guava-parent-21.0.pom
[INFO] Downloaded from paper-repo: https://papermc.io/repo/repository/maven-public/com/google/guava/guava-parent/21.0/guava-parent-21.0.pom (9.7 kB at 22 kB/s)
[INFO] Downloading from spigot-repo: https://hub.spigotmc.org/nexus/content/repositories/snapshots/org/yaml/snakeyaml/1.30/snakeyaml-1.30.pom
[INFO] Downloading from paper-repo: https://papermc.io/repo/repository/maven-public/org/yaml/snakeyaml/1.30/snakeyaml-1.30.pom
[INFO] Downloaded from paper-repo: https://papermc.io/repo/repository/maven-public/org/yaml/snakeyaml/1.30/snakeyaml-1.30.pom (37 kB at 62 kB/s)
[INFO] Downloading from spigot-repo: https://hub.spigotmc.org/nexus/content/repositories/snapshots/io/github/baked-libs/dough-api/1.1.1/dough-api-1.1.1.pom
[INFO] Downloading from paper-repo: https://papermc.io/repo/repository/maven-public/io/github/baked-libs/dough-api/1.1.1/dough-api-1.1.1.pom
[INFO] Downloaded from paper-repo: https://papermc.io/repo/repository/maven-public/io/github/baked-libs/dough-api/1.1.1/dough-api-1.1.1.pom (16 kB at 26 kB/s)
[INFO] Downloading from spigot-repo: https://hub.spigotmc.org/nexus/content/repositories/snapshots/io/github/baked-libs/dough/1.1.1/dough-1.1.1.pom
[INFO] Downloading from paper-repo: https://papermc.io/repo/repository/maven-public/io/github/baked-libs/dough/1.1.1/dough-1.1.1.pom
[INFO] Downloaded from paper-repo: https://papermc.io/repo/repository/maven-public/io/github/baked-libs/dough/1.1.1/dough-1.1.1.pom (11 kB at 24 kB/s)
[INFO] Downloading from spigot-repo: https://hub.spigotmc.org/nexus/content/repositories/snapshots/io/papermc/paperlib/1.0.7/paperlib-1.0.7.pom
[INFO] Downloading from paper-repo: https://papermc.io/repo/repository/maven-public/io/papermc/paperlib/1.0.7/paperlib-1.0.7.pom
[INFO] Downloaded from paper-repo: https://papermc.io/repo/repository/maven-public/io/papermc/paperlib/1.0.7/paperlib-1.0.7.pom (1.3 kB at 3.1 kB/s)
[INFO] Downloading from spigot-repo: https://hub.spigotmc.org/nexus/content/repositories/snapshots/com/konghq/unirest-java/3.13.6/unirest-java-3.13.6.pom
[INFO] Downloading from paper-repo: https://papermc.io/repo/repository/maven-public/com/konghq/unirest-java/3.13.6/unirest-java-3.13.6.pom
[INFO] Downloaded from paper-repo: https://papermc.io/repo/repository/maven-public/com/konghq/unirest-java/3.13.6/unirest-java-3.13.6.pom (3.7 kB at 8.5 kB/s)
[INFO] Downloading from spigot-repo: https://hub.spigotmc.org/nexus/content/repositories/snapshots/com/konghq/unirest-java-parent/3.13.6/unirest-java-parent-3.13.6.pom
[INFO] Downloading from paper-repo: https://papermc.io/repo/repository/maven-public/com/konghq/unirest-java-parent/3.13.6/unirest-java-parent-3.13.6.pom
[INFO] Downloaded from paper-repo: https://papermc.io/repo/repository/maven-public/com/konghq/unirest-java-parent/3.13.6/unirest-java-parent-3.13.6.pom (19 kB at 33 kB/s)
[INFO] Downloading from spigot-repo: https://hub.spigotmc.org/nexus/content/repositories/snapshots/org/apache/httpcomponents/httpclient/4.5.13/httpclient-4.5.13.pom
[INFO] Downloading from paper-repo: https://papermc.io/repo/repository/maven-public/org/apache/httpcomponents/httpclient/4.5.13/httpclient-4.5.13.pom
[INFO] Downloaded from paper-repo: https://papermc.io/repo/repository/maven-public/org/apache/httpcomponents/httpclient/4.5.13/httpclient-4.5.13.pom (6.6 kB at 16 kB/s)
[INFO] Downloading from spigot-repo: https://hub.spigotmc.org/nexus/content/repositories/snapshots/org/apache/httpcomponents/httpcomponents-client/4.5.13/httpcomponents-client-4.5.13.pom
[INFO] Downloading from paper-repo: https://papermc.io/repo/repository/maven-public/org/apache/httpcomponents/httpcomponents-client/4.5.13/httpcomponents-client-4.5.13.pom
[INFO] Downloaded from paper-repo: https://papermc.io/repo/repository/maven-public/org/apache/httpcomponents/httpcomponents-client/4.5.13/httpcomponents-client-4.5.13.pom (16 kB at 27 kB/s)
[INFO] Downloading from spigot-repo: https://hub.spigotmc.org/nexus/content/repositories/snapshots/org/apache/httpcomponents/httpcomponents-parent/11/httpcomponents-parent-11.pom
[INFO] Downloading from paper-repo: https://papermc.io/repo/repository/maven-public/org/apache/httpcomponents/httpcomponents-parent/11/httpcomponents-parent-11.pom
[INFO] Downloaded from paper-repo: https://papermc.io/repo/repository/maven-public/org/apache/httpcomponents/httpcomponents-parent/11/httpcomponents-parent-11.pom (35 kB at 59 kB/s)
[INFO] Downloading from spigot-repo: https://hub.spigotmc.org/nexus/content/repositories/snapshots/org/apache/httpcomponents/httpcore/4.4.13/httpcore-4.4.13.pom
[INFO] Downloading from paper-repo: https://papermc.io/repo/repository/maven-public/org/apache/httpcomponents/httpcore/4.4.13/httpcore-4.4.13.pom
[INFO] Downloaded from paper-repo: https://papermc.io/repo/repository/maven-public/org/apache/httpcomponents/httpcore/4.4.13/httpcore-4.4.13.pom (5.0 kB at 12 kB/s)
[INFO] Downloading from spigot-repo: https://hub.spigotmc.org/nexus/content/repositories/snapshots/org/apache/httpcomponents/httpcomponents-core/4.4.13/httpcomponents-core-4.4.13.pom
[INFO] Downloading from paper-repo: https://papermc.io/repo/repository/maven-public/org/apache/httpcomponents/httpcomponents-core/4.4.13/httpcomponents-core-4.4.13.pom
[INFO] Downloaded from paper-repo: https://papermc.io/repo/repository/maven-public/org/apache/httpcomponents/httpcomponents-core/4.4.13/httpcomponents-core-4.4.13.pom (13 kB at 31 kB/s)
[INFO] Downloading from spigot-repo: https://hub.spigotmc.org/nexus/content/repositories/snapshots/commons-logging/commons-logging/1.2/commons-logging-1.2.pom
[INFO] Downloading from paper-repo: https://papermc.io/repo/repository/maven-public/commons-logging/commons-logging/1.2/commons-logging-1.2.pom
[INFO] Downloaded from paper-repo: https://papermc.io/repo/repository/maven-public/commons-logging/commons-logging/1.2/commons-logging-1.2.pom (19 kB at 31 kB/s)
[INFO] Downloading from spigot-repo: https://hub.spigotmc.org/nexus/content/repositories/snapshots/org/apache/commons/commons-parent/34/commons-parent-34.pom
[INFO] Downloading from paper-repo: https://papermc.io/repo/repository/maven-public/org/apache/commons/commons-parent/34/commons-parent-34.pom
[INFO] Downloaded from paper-repo: https://papermc.io/repo/repository/maven-public/org/apache/commons/commons-parent/34/commons-parent-34.pom (56 kB at 74 kB/s)
[INFO] Downloading from spigot-repo: https://hub.spigotmc.org/nexus/content/repositories/snapshots/org/apache/apache/13/apache-13.pom
[INFO] Downloading from paper-repo: https://papermc.io/repo/repository/maven-public/org/apache/apache/13/apache-13.pom
[INFO] Downloaded from paper-repo: https://papermc.io/repo/repository/maven-public/org/apache/apache/13/apache-13.pom (14 kB at 23 kB/s)
[INFO] Downloading from spigot-repo: https://hub.spigotmc.org/nexus/content/repositories/snapshots/commons-codec/commons-codec/1.11/commons-codec-1.11.pom
[INFO] Downloading from paper-repo: https://papermc.io/repo/repository/maven-public/commons-codec/commons-codec/1.11/commons-codec-1.11.pom
[INFO] Downloaded from paper-repo: https://papermc.io/repo/repository/maven-public/commons-codec/commons-codec/1.11/commons-codec-1.11.pom (14 kB at 23 kB/s)
[INFO] Downloading from spigot-repo: https://hub.spigotmc.org/nexus/content/repositories/snapshots/org/apache/commons/commons-parent/42/commons-parent-42.pom
[INFO] Downloading from paper-repo: https://papermc.io/repo/repository/maven-public/org/apache/commons/commons-parent/42/commons-parent-42.pom
[INFO] Downloaded from paper-repo: https://papermc.io/repo/repository/maven-public/org/apache/commons/commons-parent/42/commons-parent-42.pom (68 kB at 93 kB/s)
[INFO] Downloading from spigot-repo: https://hub.spigotmc.org/nexus/content/repositories/snapshots/org/apache/apache/18/apache-18.pom
[INFO] Downloading from paper-repo: https://papermc.io/repo/repository/maven-public/org/apache/apache/18/apache-18.pom
[INFO] Downloaded from paper-repo: https://papermc.io/repo/repository/maven-public/org/apache/apache/18/apache-18.pom (16 kB at 25 kB/s)
[INFO] Downloading from spigot-repo: https://hub.spigotmc.org/nexus/content/repositories/snapshots/org/apache/httpcomponents/httpmime/4.5.13/httpmime-4.5.13.pom
[INFO] Downloading from paper-repo: https://papermc.io/repo/repository/maven-public/org/apache/httpcomponents/httpmime/4.5.13/httpmime-4.5.13.pom
[INFO] Downloaded from paper-repo: https://papermc.io/repo/repository/maven-public/org/apache/httpcomponents/httpmime/4.5.13/httpmime-4.5.13.pom (5.2 kB at 12 kB/s)
[INFO] Downloading from spigot-repo: https://hub.spigotmc.org/nexus/content/repositories/snapshots/org/apache/httpcomponents/httpcore-nio/4.4.13/httpcore-nio-4.4.13.pom
[INFO] Downloading from paper-repo: https://papermc.io/repo/repository/maven-public/org/apache/httpcomponents/httpcore-nio/4.4.13/httpcore-nio-4.4.13.pom
[INFO] Downloaded from paper-repo: https://papermc.io/repo/repository/maven-public/org/apache/httpcomponents/httpcore-nio/4.4.13/httpcore-nio-4.4.13.pom (5.5 kB at 13 kB/s)
[INFO] Downloading from spigot-repo: https://hub.spigotmc.org/nexus/content/repositories/snapshots/org/apache/httpcomponents/httpasyncclient/4.1.5/httpasyncclient-4.1.5.pom
[INFO] Downloading from paper-repo: https://papermc.io/repo/repository/maven-public/org/apache/httpcomponents/httpasyncclient/4.1.5/httpasyncclient-4.1.5.pom
[INFO] Downloaded from paper-repo: https://papermc.io/repo/repository/maven-public/org/apache/httpcomponents/httpasyncclient/4.1.5/httpasyncclient-4.1.5.pom (5.9 kB at 15 kB/s)
[INFO] Downloading from spigot-repo: https://hub.spigotmc.org/nexus/content/repositories/snapshots/org/apache/httpcomponents/httpcomponents-asyncclient/4.1.5/httpcomponents-asyncclient-4.1.5.pom
[INFO] Downloading from paper-repo: https://papermc.io/repo/repository/maven-public/org/apache/httpcomponents/httpcomponents-asyncclient/4.1.5/httpcomponents-asyncclient-4.1.5.pom
[INFO] Downloaded from paper-repo: https://papermc.io/repo/repository/maven-public/org/apache/httpcomponents/httpcomponents-asyncclient/4.1.5/httpcomponents-asyncclient-4.1.5.pom (10 kB at 23 kB/s)
[INFO] Downloading from spigot-repo: https://hub.spigotmc.org/nexus/content/repositories/snapshots/org/junit/jupiter/junit-jupiter/5.8.2/junit-jupiter-5.8.2.pom
[INFO] Downloading from paper-repo: https://papermc.io/repo/repository/maven-public/org/junit/jupiter/junit-jupiter/5.8.2/junit-jupiter-5.8.2.pom
[INFO] Downloaded from paper-repo: https://papermc.io/repo/repository/maven-public/org/junit/jupiter/junit-jupiter/5.8.2/junit-jupiter-5.8.2.pom (3.2 kB at 7.6 kB/s)
[INFO] Downloading from spigot-repo: https://hub.spigotmc.org/nexus/content/repositories/snapshots/org/junit/junit-bom/5.8.2/junit-bom-5.8.2.pom
[INFO] Downloading from paper-repo: https://papermc.io/repo/repository/maven-public/org/junit/junit-bom/5.8.2/junit-bom-5.8.2.pom
[INFO] Downloaded from paper-repo: https://papermc.io/repo/repository/maven-public/org/junit/junit-bom/5.8.2/junit-bom-5.8.2.pom (5.6 kB at 13 kB/s)
[INFO] Downloading from spigot-repo: https://hub.spigotmc.org/nexus/content/repositories/snapshots/org/junit/jupiter/junit-jupiter-api/5.8.2/junit-jupiter-api-5.8.2.pom
[INFO] Downloading from paper-repo: https://papermc.io/repo/repository/maven-public/org/junit/jupiter/junit-jupiter-api/5.8.2/junit-jupiter-api-5.8.2.pom
[INFO] Downloaded from paper-repo: https://papermc.io/repo/repository/maven-public/org/junit/jupiter/junit-jupiter-api/5.8.2/junit-jupiter-api-5.8.2.pom (3.2 kB at 7.1 kB/s)
[INFO] Downloading from spigot-repo: https://hub.spigotmc.org/nexus/content/repositories/snapshots/org/opentest4j/opentest4j/1.2.0/opentest4j-1.2.0.pom
[INFO] Downloading from paper-repo: https://papermc.io/repo/repository/maven-public/org/opentest4j/opentest4j/1.2.0/opentest4j-1.2.0.pom
[INFO] Downloaded from paper-repo: https://papermc.io/repo/repository/maven-public/org/opentest4j/opentest4j/1.2.0/opentest4j-1.2.0.pom (1.7 kB at 3.9 kB/s)
[INFO] Downloading from spigot-repo: https://hub.spigotmc.org/nexus/content/repositories/snapshots/org/junit/platform/junit-platform-commons/1.8.2/junit-platform-commons-1.8.2.pom
[INFO] Downloading from paper-repo: https://papermc.io/repo/repository/maven-public/org/junit/platform/junit-platform-commons/1.8.2/junit-platform-commons-1.8.2.pom
[INFO] Downloaded from paper-repo: https://papermc.io/repo/repository/maven-public/org/junit/platform/junit-platform-commons/1.8.2/junit-platform-commons-1.8.2.pom (2.8 kB at 6.5 kB/s)
[INFO] Downloading from spigot-repo: https://hub.spigotmc.org/nexus/content/repositories/snapshots/org/apiguardian/apiguardian-api/1.1.2/apiguardian-api-1.1.2.pom
[INFO] Downloading from paper-repo: https://papermc.io/repo/repository/maven-public/org/apiguardian/apiguardian-api/1.1.2/apiguardian-api-1.1.2.pom
[INFO] Downloaded from paper-repo: https://papermc.io/repo/repository/maven-public/org/apiguardian/apiguardian-api/1.1.2/apiguardian-api-1.1.2.pom (1.5 kB at 3.6 kB/s)
[INFO] Downloading from spigot-repo: https://hub.spigotmc.org/nexus/content/repositories/snapshots/org/junit/jupiter/junit-jupiter-params/5.8.2/junit-jupiter-params-5.8.2.pom
[INFO] Downloading from paper-repo: https://papermc.io/repo/repository/maven-public/org/junit/jupiter/junit-jupiter-params/5.8.2/junit-jupiter-params-5.8.2.pom
[INFO] Downloaded from paper-repo: https://papermc.io/repo/repository/maven-public/org/junit/jupiter/junit-jupiter-params/5.8.2/junit-jupiter-params-5.8.2.pom (3.0 kB at 6.9 kB/s)
[INFO] Downloading from spigot-repo: https://hub.spigotmc.org/nexus/content/repositories/snapshots/org/junit/jupiter/junit-jupiter-engine/5.8.2/junit-jupiter-engine-5.8.2.pom
[INFO] Downloading from paper-repo: https://papermc.io/repo/repository/maven-public/org/junit/jupiter/junit-jupiter-engine/5.8.2/junit-jupiter-engine-5.8.2.pom
[INFO] Downloaded from paper-repo: https://papermc.io/repo/repository/maven-public/org/junit/jupiter/junit-jupiter-engine/5.8.2/junit-jupiter-engine-5.8.2.pom (3.2 kB at 7.4 kB/s)
[INFO] Downloading from spigot-repo: https://hub.spigotmc.org/nexus/content/repositories/snapshots/org/junit/platform/junit-platform-engine/1.8.2/junit-platform-engine-1.8.2.pom
[INFO] Downloading from paper-repo: https://papermc.io/repo/repository/maven-public/org/junit/platform/junit-platform-engine/1.8.2/junit-platform-engine-1.8.2.pom
[INFO] Downloaded from paper-repo: https://papermc.io/repo/repository/maven-public/org/junit/platform/junit-platform-engine/1.8.2/junit-platform-engine-1.8.2.pom (3.2 kB at 7.3 kB/s)
[INFO] Downloading from spigot-repo: https://hub.spigotmc.org/nexus/content/repositories/snapshots/org/mockito/mockito-core/4.2.0/mockito-core-4.2.0.pom
[INFO] Downloading from paper-repo: https://papermc.io/repo/repository/maven-public/org/mockito/mockito-core/4.2.0/mockito-core-4.2.0.pom
[INFO] Downloaded from paper-repo: https://papermc.io/repo/repository/maven-public/org/mockito/mockito-core/4.2.0/mockito-core-4.2.0.pom (2.5 kB at 5.9 kB/s)
[INFO] Downloading from spigot-repo: https://hub.spigotmc.org/nexus/content/repositories/snapshots/net/bytebuddy/byte-buddy/1.12.4/byte-buddy-1.12.4.pom
[INFO] Downloading from paper-repo: https://papermc.io/repo/repository/maven-public/net/bytebuddy/byte-buddy/1.12.4/byte-buddy-1.12.4.pom
[INFO] Downloaded from paper-repo: https://papermc.io/repo/repository/maven-public/net/bytebuddy/byte-buddy/1.12.4/byte-buddy-1.12.4.pom (12 kB at 28 kB/s)
[INFO] Downloading from spigot-repo: https://hub.spigotmc.org/nexus/content/repositories/snapshots/net/bytebuddy/byte-buddy-parent/1.12.4/byte-buddy-parent-1.12.4.pom
[INFO] Downloading from paper-repo: https://papermc.io/repo/repository/maven-public/net/bytebuddy/byte-buddy-parent/1.12.4/byte-buddy-parent-1.12.4.pom
[INFO] Downloaded from paper-repo: https://papermc.io/repo/repository/maven-public/net/bytebuddy/byte-buddy-parent/1.12.4/byte-buddy-parent-1.12.4.pom (44 kB at 57 kB/s)
[INFO] Downloading from spigot-repo: https://hub.spigotmc.org/nexus/content/repositories/snapshots/net/bytebuddy/byte-buddy-agent/1.12.4/byte-buddy-agent-1.12.4.pom
[INFO] Downloading from paper-repo: https://papermc.io/repo/repository/maven-public/net/bytebuddy/byte-buddy-agent/1.12.4/byte-buddy-agent-1.12.4.pom
[INFO] Downloaded from paper-repo: https://papermc.io/repo/repository/maven-public/net/bytebuddy/byte-buddy-agent/1.12.4/byte-buddy-agent-1.12.4.pom (11 kB at 26 kB/s)
[INFO] Downloading from spigot-repo: https://hub.spigotmc.org/nexus/content/repositories/snapshots/org/objenesis/objenesis/3.2/objenesis-3.2.pom
[INFO] Downloading from paper-repo: https://papermc.io/repo/repository/maven-public/org/objenesis/objenesis/3.2/objenesis-3.2.pom
[INFO] Downloaded from paper-repo: https://papermc.io/repo/repository/maven-public/org/objenesis/objenesis/3.2/objenesis-3.2.pom (3.0 kB at 7.3 kB/s)
[INFO] Downloading from spigot-repo: https://hub.spigotmc.org/nexus/content/repositories/snapshots/org/objenesis/objenesis-parent/3.2/objenesis-parent-3.2.pom
[INFO] Downloading from paper-repo: https://papermc.io/repo/repository/maven-public/org/objenesis/objenesis-parent/3.2/objenesis-parent-3.2.pom
[INFO] Downloaded from paper-repo: https://papermc.io/repo/repository/maven-public/org/objenesis/objenesis-parent/3.2/objenesis-parent-3.2.pom (18 kB at 31 kB/s)
[INFO] Downloading from spigot-repo: https://hub.spigotmc.org/nexus/content/repositories/snapshots/com/github/seeseemelk/MockBukkit-v1.18/1.15.5/MockBukkit-v1.18-1.15.5.pom
[INFO] Downloading from paper-repo: https://papermc.io/repo/repository/maven-public/com/github/seeseemelk/MockBukkit-v1.18/1.15.5/MockBukkit-v1.18-1.15.5.pom
[INFO] Downloaded from paper-repo: https://papermc.io/repo/repository/maven-public/com/github/seeseemelk/MockBukkit-v1.18/1.15.5/MockBukkit-v1.18-1.15.5.pom (2.5 kB at 6.1 kB/s)
[INFO] Downloading from spigot-repo: https://hub.spigotmc.org/nexus/content/repositories/snapshots/org/junit/jupiter/junit-jupiter/5.7.2/junit-jupiter-5.7.2.pom
[INFO] Downloading from paper-repo: https://papermc.io/repo/repository/maven-public/org/junit/jupiter/junit-jupiter/5.7.2/junit-jupiter-5.7.2.pom
[INFO] Downloaded from paper-repo: https://papermc.io/repo/repository/maven-public/org/junit/jupiter/junit-jupiter/5.7.2/junit-jupiter-5.7.2.pom (3.2 kB at 7.5 kB/s)
[INFO] Downloading from spigot-repo: https://hub.spigotmc.org/nexus/content/repositories/snapshots/org/junit/junit-bom/5.7.2/junit-bom-5.7.2.pom
[INFO] Downloading from paper-repo: https://papermc.io/repo/repository/maven-public/org/junit/junit-bom/5.7.2/junit-bom-5.7.2.pom
[INFO] Downloaded from paper-repo: https://papermc.io/repo/repository/maven-public/org/junit/junit-bom/5.7.2/junit-bom-5.7.2.pom (5.1 kB at 12 kB/s)
[INFO] Downloading from spigot-repo: https://hub.spigotmc.org/nexus/content/repositories/snapshots/org/junit/jupiter/junit-jupiter-api/5.7.2/junit-jupiter-api-5.7.2.pom
[INFO] Downloading from paper-repo: https://papermc.io/repo/repository/maven-public/org/junit/jupiter/junit-jupiter-api/5.7.2/junit-jupiter-api-5.7.2.pom
[INFO] Downloaded from paper-repo: https://papermc.io/repo/repository/maven-public/org/junit/jupiter/junit-jupiter-api/5.7.2/junit-jupiter-api-5.7.2.pom (3.2 kB at 7.4 kB/s)
[INFO] Downloading from spigot-repo: https://hub.spigotmc.org/nexus/content/repositories/snapshots/org/apiguardian/apiguardian-api/1.1.0/apiguardian-api-1.1.0.pom
[INFO] Downloading from paper-repo: https://papermc.io/repo/repository/maven-public/org/apiguardian/apiguardian-api/1.1.0/apiguardian-api-1.1.0.pom
[INFO] Downloaded from paper-repo: https://papermc.io/repo/repository/maven-public/org/apiguardian/apiguardian-api/1.1.0/apiguardian-api-1.1.0.pom (1.2 kB at 2.8 kB/s)
[INFO] Downloading from spigot-repo: https://hub.spigotmc.org/nexus/content/repositories/snapshots/org/junit/platform/junit-platform-commons/1.7.2/junit-platform-commons-1.7.2.pom
[INFO] Downloading from paper-repo: https://papermc.io/repo/repository/maven-public/org/junit/platform/junit-platform-commons/1.7.2/junit-platform-commons-1.7.2.pom
[INFO] Downloaded from paper-repo: https://papermc.io/repo/repository/maven-public/org/junit/platform/junit-platform-commons/1.7.2/junit-platform-commons-1.7.2.pom (2.8 kB at 6.5 kB/s)
[INFO] Downloading from spigot-repo: https://hub.spigotmc.org/nexus/content/repositories/snapshots/org/junit/jupiter/junit-jupiter-params/5.7.2/junit-jupiter-params-5.7.2.pom
[INFO] Downloading from paper-repo: https://papermc.io/repo/repository/maven-public/org/junit/jupiter/junit-jupiter-params/5.7.2/junit-jupiter-params-5.7.2.pom
[INFO] Downloaded from paper-repo: https://papermc.io/repo/repository/maven-public/org/junit/jupiter/junit-jupiter-params/5.7.2/junit-jupiter-params-5.7.2.pom (3.0 kB at 7.0 kB/s)
[INFO] Downloading from spigot-repo: https://hub.spigotmc.org/nexus/content/repositories/snapshots/org/junit/jupiter/junit-jupiter-engine/5.7.2/junit-jupiter-engine-5.7.2.pom
[INFO] Downloading from paper-repo: https://papermc.io/repo/repository/maven-public/org/junit/jupiter/junit-jupiter-engine/5.7.2/junit-jupiter-engine-5.7.2.pom
[INFO] Downloaded from paper-repo: https://papermc.io/repo/repository/maven-public/org/junit/jupiter/junit-jupiter-engine/5.7.2/junit-jupiter-engine-5.7.2.pom (3.2 kB at 7.7 kB/s)
[INFO] Downloading from spigot-repo: https://hub.spigotmc.org/nexus/content/repositories/snapshots/org/junit/platform/junit-platform-engine/1.7.2/junit-platform-engine-1.7.2.pom
[INFO] Downloading from paper-repo: https://papermc.io/repo/repository/maven-public/org/junit/platform/junit-platform-engine/1.7.2/junit-platform-engine-1.7.2.pom
[INFO] Downloaded from paper-repo: https://papermc.io/repo/repository/maven-public/org/junit/platform/junit-platform-engine/1.7.2/junit-platform-engine-1.7.2.pom (3.2 kB at 7.4 kB/s)
[INFO] Downloading from spigot-repo: https://hub.spigotmc.org/nexus/content/repositories/snapshots/org/hamcrest/hamcrest-library/2.2/hamcrest-library-2.2.pom
[INFO] Downloading from paper-repo: https://papermc.io/repo/repository/maven-public/org/hamcrest/hamcrest-library/2.2/hamcrest-library-2.2.pom
[INFO] Downloaded from paper-repo: https://papermc.io/repo/repository/maven-public/org/hamcrest/hamcrest-library/2.2/hamcrest-library-2.2.pom (1.4 kB at 3.3 kB/s)
[INFO] Downloading from spigot-repo: https://hub.spigotmc.org/nexus/content/repositories/snapshots/org/hamcrest/hamcrest-core/2.2/hamcrest-core-2.2.pom
[INFO] Downloading from paper-repo: https://papermc.io/repo/repository/maven-public/org/hamcrest/hamcrest-core/2.2/hamcrest-core-2.2.pom
[INFO] Downloaded from paper-repo: https://papermc.io/repo/repository/maven-public/org/hamcrest/hamcrest-core/2.2/hamcrest-core-2.2.pom (1.4 kB at 3.2 kB/s)
[INFO] Downloading from spigot-repo: https://hub.spigotmc.org/nexus/content/repositories/snapshots/org/hamcrest/hamcrest/2.2/hamcrest-2.2.pom
[INFO] Downloading from paper-repo: https://papermc.io/repo/repository/maven-public/org/hamcrest/hamcrest/2.2/hamcrest-2.2.pom
[INFO] Downloaded from paper-repo: https://papermc.io/repo/repository/maven-public/org/hamcrest/hamcrest/2.2/hamcrest-2.2.pom (1.1 kB at 2.6 kB/s)
[INFO] Downloading from spigot-repo: https://hub.spigotmc.org/nexus/content/repositories/snapshots/commons-io/commons-io/2.11.0/commons-io-2.11.0.pom
[INFO] Downloading from paper-repo: https://papermc.io/repo/repository/maven-public/commons-io/commons-io/2.11.0/commons-io-2.11.0.pom
[INFO] Downloaded from paper-repo: https://papermc.io/repo/repository/maven-public/commons-io/commons-io/2.11.0/commons-io-2.11.0.pom (20 kB at 33 kB/s)
[INFO] Downloading from spigot-repo: https://hub.spigotmc.org/nexus/content/repositories/snapshots/org/apache/commons/commons-parent/52/commons-parent-52.pom
[INFO] Downloading from paper-repo: https://papermc.io/repo/repository/maven-public/org/apache/commons/commons-parent/52/commons-parent-52.pom
[INFO] Downloaded from paper-repo: https://papermc.io/repo/repository/maven-public/org/apache/commons/commons-parent/52/commons-parent-52.pom (79 kB at 101 kB/s)
[INFO] Downloading from spigot-repo: https://hub.spigotmc.org/nexus/content/repositories/snapshots/com/sk89q/worldedit/worldedit-core/7.2.8/worldedit-core-7.2.8.pom
[INFO] Downloading from paper-repo: https://papermc.io/repo/repository/maven-public/com/sk89q/worldedit/worldedit-core/7.2.8/worldedit-core-7.2.8.pom
[INFO] Downloading from jitpack.io: https://jitpack.io/com/sk89q/worldedit/worldedit-core/7.2.8/worldedit-core-7.2.8.pom
[INFO] Downloading from worldedit-repo: https://maven.sk89q.com/repo/com/sk89q/worldedit/worldedit-core/7.2.8/worldedit-core-7.2.8.pom
[INFO] Downloading from placeholderapi-repo: https://repo.extendedclip.com/content/repositories/placeholderapi/com/sk89q/worldedit/worldedit-core/7.2.8/worldedit-core-7.2.8.pom
[INFO] Downloading from mcmmo-repo: https://nexus.neetgames.com/repository/maven-public/com/sk89q/worldedit/worldedit-core/7.2.8/worldedit-core-7.2.8.pom
[INFO] Downloading from walshy-public: https://repo.walshy.dev/public/com/sk89q/worldedit/worldedit-core/7.2.8/worldedit-core-7.2.8.pom
[INFO] Downloading from imprex-repo: https://imprex.ingrim4.me/repository/maven-public/com/sk89q/worldedit/worldedit-core/7.2.8/worldedit-core-7.2.8.pom
[INFO] Downloading from central: https://repo.maven.apache.org/maven2/com/sk89q/worldedit/worldedit-core/7.2.8/worldedit-core-7.2.8.pom
[INFO] Downloading from spigot-repo: https://hub.spigotmc.org/nexus/content/repositories/snapshots/com/sk89q/worldedit/worldedit-bukkit/7.2.8/worldedit-bukkit-7.2.8.pom
[INFO] Downloading from paper-repo: https://papermc.io/repo/repository/maven-public/com/sk89q/worldedit/worldedit-bukkit/7.2.8/worldedit-bukkit-7.2.8.pom
[INFO] Downloading from jitpack.io: https://jitpack.io/com/sk89q/worldedit/worldedit-bukkit/7.2.8/worldedit-bukkit-7.2.8.pom
[INFO] Downloading from worldedit-repo: https://maven.sk89q.com/repo/com/sk89q/worldedit/worldedit-bukkit/7.2.8/worldedit-bukkit-7.2.8.pom
[INFO] Downloading from placeholderapi-repo: https://repo.extendedclip.com/content/repositories/placeholderapi/com/sk89q/worldedit/worldedit-bukkit/7.2.8/worldedit-bukkit-7.2.8.pom
[INFO] Downloading from mcmmo-repo: https://nexus.neetgames.com/repository/maven-public/com/sk89q/worldedit/worldedit-bukkit/7.2.8/worldedit-bukkit-7.2.8.pom
[INFO] Downloading from walshy-public: https://repo.walshy.dev/public/com/sk89q/worldedit/worldedit-bukkit/7.2.8/worldedit-bukkit-7.2.8.pom
[INFO] Downloading from imprex-repo: https://imprex.ingrim4.me/repository/maven-public/com/sk89q/worldedit/worldedit-bukkit/7.2.8/worldedit-bukkit-7.2.8.pom
[INFO] Downloading from central: https://repo.maven.apache.org/maven2/com/sk89q/worldedit/worldedit-bukkit/7.2.8/worldedit-bukkit-7.2.8.pom
[INFO] Downloading from spigot-repo: https://hub.spigotmc.org/nexus/content/repositories/snapshots/com/gmail/nossr50/mcMMO/mcMMO/2.1.209/mcMMO-2.1.209.pom
[INFO] Downloading from paper-repo: https://papermc.io/repo/repository/maven-public/com/gmail/nossr50/mcMMO/mcMMO/2.1.209/mcMMO-2.1.209.pom
[INFO] Downloading from jitpack.io: https://jitpack.io/com/gmail/nossr50/mcMMO/mcMMO/2.1.209/mcMMO-2.1.209.pom
[INFO] Downloading from worldedit-repo: https://maven.sk89q.com/repo/com/gmail/nossr50/mcMMO/mcMMO/2.1.209/mcMMO-2.1.209.pom
[INFO] Downloading from placeholderapi-repo: https://repo.extendedclip.com/content/repositories/placeholderapi/com/gmail/nossr50/mcMMO/mcMMO/2.1.209/mcMMO-2.1.209.pom
[INFO] Downloading from mcmmo-repo: https://nexus.neetgames.com/repository/maven-public/com/gmail/nossr50/mcMMO/mcMMO/2.1.209/mcMMO-2.1.209.pom
[INFO] Downloaded from mcmmo-repo: https://nexus.neetgames.com/repository/maven-public/com/gmail/nossr50/mcMMO/mcMMO/2.1.209/mcMMO-2.1.209.pom (12 kB at 91 kB/s)
[INFO] Downloading from spigot-repo: https://hub.spigotmc.org/nexus/content/repositories/snapshots/me/clip/placeholderapi/2.11.1/placeholderapi-2.11.1.pom
[INFO] Downloading from paper-repo: https://papermc.io/repo/repository/maven-public/me/clip/placeholderapi/2.11.1/placeholderapi-2.11.1.pom
[INFO] Downloading from jitpack.io: https://jitpack.io/me/clip/placeholderapi/2.11.1/placeholderapi-2.11.1.pom
[INFO] Downloading from worldedit-repo: https://maven.sk89q.com/repo/me/clip/placeholderapi/2.11.1/placeholderapi-2.11.1.pom
[INFO] Downloading from placeholderapi-repo: https://repo.extendedclip.com/content/repositories/placeholderapi/me/clip/placeholderapi/2.11.1/placeholderapi-2.11.1.pom
[INFO] Downloaded from placeholderapi-repo: https://repo.extendedclip.com/content/repositories/placeholderapi/me/clip/placeholderapi/2.11.1/placeholderapi-2.11.1.pom (962 B at 7.8 kB/s)
[INFO] Downloading from spigot-repo: https://hub.spigotmc.org/nexus/content/repositories/snapshots/me/minebuilders/clearlag-core/3.1.6/clearlag-core-3.1.6.pom
[INFO] Downloading from paper-repo: https://papermc.io/repo/repository/maven-public/me/minebuilders/clearlag-core/3.1.6/clearlag-core-3.1.6.pom
[INFO] Downloading from jitpack.io: https://jitpack.io/me/minebuilders/clearlag-core/3.1.6/clearlag-core-3.1.6.pom
[INFO] Downloading from worldedit-repo: https://maven.sk89q.com/repo/me/minebuilders/clearlag-core/3.1.6/clearlag-core-3.1.6.pom
[INFO] Downloading from placeholderapi-repo: https://repo.extendedclip.com/content/repositories/placeholderapi/me/minebuilders/clearlag-core/3.1.6/clearlag-core-3.1.6.pom
[INFO] Downloading from mcmmo-repo: https://nexus.neetgames.com/repository/maven-public/me/minebuilders/clearlag-core/3.1.6/clearlag-core-3.1.6.pom
[INFO] Downloading from walshy-public: https://repo.walshy.dev/public/me/minebuilders/clearlag-core/3.1.6/clearlag-core-3.1.6.pom
[INFO] Downloaded from walshy-public: https://repo.walshy.dev/public/me/minebuilders/clearlag-core/3.1.6/clearlag-core-3.1.6.pom (401 B at 1.4 kB/s)
[INFO] Downloading from spigot-repo: https://hub.spigotmc.org/nexus/content/repositories/snapshots/com/github/LoneDev6/itemsadder-api/2.5.4/itemsadder-api-2.5.4.pom
[INFO] Downloading from paper-repo: https://papermc.io/repo/repository/maven-public/com/github/LoneDev6/itemsadder-api/2.5.4/itemsadder-api-2.5.4.pom
[INFO] Downloading from jitpack.io: https://jitpack.io/com/github/LoneDev6/itemsadder-api/2.5.4/itemsadder-api-2.5.4.pom
[INFO] Downloaded from jitpack.io: https://jitpack.io/com/github/LoneDev6/itemsadder-api/2.5.4/itemsadder-api-2.5.4.pom (2.4 kB at 3.8 kB/s)
[INFO] Downloading from spigot-repo: https://hub.spigotmc.org/nexus/content/repositories/snapshots/net/imprex/orebfuscator-api/5.2.4/orebfuscator-api-5.2.4.pom
[INFO] Downloading from paper-repo: https://papermc.io/repo/repository/maven-public/net/imprex/orebfuscator-api/5.2.4/orebfuscator-api-5.2.4.pom
[INFO] Downloading from jitpack.io: https://jitpack.io/net/imprex/orebfuscator-api/5.2.4/orebfuscator-api-5.2.4.pom
[INFO] Downloading from worldedit-repo: https://maven.sk89q.com/repo/net/imprex/orebfuscator-api/5.2.4/orebfuscator-api-5.2.4.pom
[INFO] Downloading from placeholderapi-repo: https://repo.extendedclip.com/content/repositories/placeholderapi/net/imprex/orebfuscator-api/5.2.4/orebfuscator-api-5.2.4.pom
[INFO] Downloading from mcmmo-repo: https://nexus.neetgames.com/repository/maven-public/net/imprex/orebfuscator-api/5.2.4/orebfuscator-api-5.2.4.pom
[INFO] Downloading from walshy-public: https://repo.walshy.dev/public/net/imprex/orebfuscator-api/5.2.4/orebfuscator-api-5.2.4.pom
[INFO] Downloading from imprex-repo: https://imprex.ingrim4.me/repository/maven-public/net/imprex/orebfuscator-api/5.2.4/orebfuscator-api-5.2.4.pom
[INFO] Downloaded from imprex-repo: https://imprex.ingrim4.me/repository/maven-public/net/imprex/orebfuscator-api/5.2.4/orebfuscator-api-5.2.4.pom (619 B at 2.4 kB/s)
[INFO] ------------------------------------------------------------------------
[INFO] BUILD FAILURE
[INFO] ------------------------------------------------------------------------
[INFO] Total time:  01:01 min
[INFO] Finished at: 2022-01-18T08:48:30Z
[INFO] ------------------------------------------------------------------------
[ERROR] Failed to execute goal on project Slimefun: Could not resolve dependencies for project com.github.slimefun:Slimefun:jar:TEA - 216 (git 254bc6f4): Failed to collect dependencies at com.sk89q.worldedit:worldedit-core:jar:7.2.8: Failed to read artifact descriptor for com.sk89q.worldedit:worldedit-core:jar:7.2.8: Could not transfer artifact com.sk89q.worldedit:worldedit-core:pom:7.2.8 from/to worldedit-repo (https://maven.sk89q.com/repo): transfer failed for https://maven.sk89q.com/repo/com/sk89q/worldedit/worldedit-core/7.2.8/worldedit-core-7.2.8.pom, status: 503 Service Unavailable -> [Help 1]
[ERROR] 
[ERROR] To see the full stack trace of the errors, re-run Maven with the -e switch.
[ERROR] Re-run Maven using the -X switch to enable full debug logging.
[ERROR] 
[ERROR] For more information about the errors and possible solutions, please read the following articles:
[ERROR] [Help 1] http://cwiki.apache.org/confluence/display/MAVEN/DependencyResolutionException
