[INFO] Scanning for projects...
[INFO] 
[INFO] ------------< io.github.thebusybiscuit:ColoredEnderChests >-------------
[INFO] Building ColoredEnderChests EFI - 5 (git 1ce62af6)
[INFO] --------------------------------[ jar ]---------------------------------
[INFO] 
[INFO] --- maven-clean-plugin:2.5:clean (default-clean) @ ColoredEnderChests ---
[INFO] 
[INFO] --- maven-resources-plugin:2.6:resources (default-resources) @ ColoredEnderChests ---
[INFO] Using 'UTF-8' encoding to copy filtered resources.
[INFO] Copying 2 resources
[INFO] Copying 1 resource
[INFO] 
[INFO] --- maven-compiler-plugin:3.1:compile (default-compile) @ ColoredEnderChests ---
[INFO] Changes detected - recompiling the module!
[INFO] Compiling 3 source files to /home/runner/work/builds/builds/SlimeTraditionalTranslation/ColoredEnderChests/master/files/target/classes
[INFO] 
[INFO] --- maven-resources-plugin:2.6:testResources (default-testResources) @ ColoredEnderChests ---
[INFO] Using 'UTF-8' encoding to copy filtered resources.
[INFO] skip non existing resourceDirectory /home/runner/work/builds/builds/SlimeTraditionalTranslation/ColoredEnderChests/master/files/src/test/resources
[INFO] 
[INFO] --- maven-compiler-plugin:3.1:testCompile (default-testCompile) @ ColoredEnderChests ---
[INFO] No sources to compile
[INFO] 
[INFO] --- maven-surefire-plugin:2.12.4:test (default-test) @ ColoredEnderChests ---
[INFO] No tests to run.
[INFO] 
[INFO] --- maven-jar-plugin:2.4:jar (default-jar) @ ColoredEnderChests ---
[INFO] Building jar: /home/runner/work/builds/builds/SlimeTraditionalTranslation/ColoredEnderChests/master/files/target/ColoredEnderChests-5.jar
[INFO] 
[INFO] --- maven-shade-plugin:3.2.4:shade (default) @ ColoredEnderChests ---
[INFO] Including org.bstats:bstats-bukkit:jar:2.2.1 in the shaded jar.
[INFO] Including org.bstats:bstats-base:jar:2.2.1 in the shaded jar.
[INFO] Replacing original artifact with shaded artifact.
[INFO] Replacing /home/runner/work/builds/builds/SlimeTraditionalTranslation/ColoredEnderChests/master/files/target/ColoredEnderChests-5.jar with /home/runner/work/builds/builds/SlimeTraditionalTranslation/ColoredEnderChests/master/files/target/ColoredEnderChests-EFI - 5 (git 1ce62af6)-shaded.jar
[INFO] Dependency-reduced POM written at: /home/runner/work/builds/builds/SlimeTraditionalTranslation/ColoredEnderChests/master/files/dependency-reduced-pom.xml
[INFO] ------------------------------------------------------------------------
[INFO] BUILD SUCCESS
[INFO] ------------------------------------------------------------------------
[INFO] Total time:  2.659 s
[INFO] Finished at: 2021-09-07T15:12:41Z
[INFO] ------------------------------------------------------------------------
