[INFO] Scanning for projects...
[INFO] 
[INFO] --------------------< me.CAPS123987:BetterReactor >---------------------
[INFO] Building BetterReactor Build_STCT - 2 (git 96c33aa6)
[INFO]   from pom.xml
[INFO] --------------------------------[ jar ]---------------------------------
[INFO] Downloading from central: https://repo.maven.apache.org/maven2/org/apache/maven/plugins/maven-shade-plugin/3.4.1/maven-shade-plugin-3.4.1.pom
[INFO] Downloaded from central: https://repo.maven.apache.org/maven2/org/apache/maven/plugins/maven-shade-plugin/3.4.1/maven-shade-plugin-3.4.1.pom (13 kB at 67 kB/s)
[INFO] Downloading from central: https://repo.maven.apache.org/maven2/org/apache/maven/plugins/maven-plugins/37/maven-plugins-37.pom
[INFO] Downloaded from central: https://repo.maven.apache.org/maven2/org/apache/maven/plugins/maven-plugins/37/maven-plugins-37.pom (9.9 kB at 900 kB/s)
[INFO] Downloading from central: https://repo.maven.apache.org/maven2/org/apache/maven/maven-parent/37/maven-parent-37.pom
[INFO] Downloaded from central: https://repo.maven.apache.org/maven2/org/apache/maven/maven-parent/37/maven-parent-37.pom (46 kB at 2.2 MB/s)
[INFO] Downloading from central: https://repo.maven.apache.org/maven2/org/apache/apache/27/apache-27.pom
[INFO] Downloaded from central: https://repo.maven.apache.org/maven2/org/apache/apache/27/apache-27.pom (20 kB at 2.0 MB/s)
[INFO] Downloading from central: https://repo.maven.apache.org/maven2/org/apache/maven/plugins/maven-shade-plugin/3.4.1/maven-shade-plugin-3.4.1.jar
[INFO] Downloaded from central: https://repo.maven.apache.org/maven2/org/apache/maven/plugins/maven-shade-plugin/3.4.1/maven-shade-plugin-3.4.1.jar (143 kB at 6.8 MB/s)
[INFO] Downloading from spigot-repo: https://hub.spigotmc.org/nexus/content/repositories/snapshots/org/spigotmc/spigot-api/1.17.1-R0.1-SNAPSHOT/maven-metadata.xml
[INFO] Downloading from paper-repo: https://repo.destroystokyo.com/repository/maven-public/org/spigotmc/spigot-api/1.17.1-R0.1-SNAPSHOT/maven-metadata.xml
[INFO] Downloading from jitpack.io: https://jitpack.io/org/spigotmc/spigot-api/1.17.1-R0.1-SNAPSHOT/maven-metadata.xml
[INFO] Downloaded from spigot-repo: https://hub.spigotmc.org/nexus/content/repositories/snapshots/org/spigotmc/spigot-api/1.17.1-R0.1-SNAPSHOT/maven-metadata.xml (1.5 kB at 11 kB/s)
[INFO] Downloaded from paper-repo: https://repo.destroystokyo.com/repository/maven-public/org/spigotmc/spigot-api/1.17.1-R0.1-SNAPSHOT/maven-metadata.xml (1.5 kB at 1.5 kB/s)
[INFO] Downloading from paper-repo: https://repo.destroystokyo.com/repository/maven-public/org/spigotmc/spigot-api/1.17.1-R0.1-SNAPSHOT/spigot-api-1.17.1-R0.1-20211121.234319-104.pom
[INFO] Downloaded from paper-repo: https://repo.destroystokyo.com/repository/maven-public/org/spigotmc/spigot-api/1.17.1-R0.1-SNAPSHOT/spigot-api-1.17.1-R0.1-20211121.234319-104.pom (10 kB at 19 kB/s)
[INFO] Downloading from paper-repo: https://repo.destroystokyo.com/repository/maven-public/commons-lang/commons-lang/2.6/commons-lang-2.6.pom
[INFO] Downloaded from paper-repo: https://repo.destroystokyo.com/repository/maven-public/commons-lang/commons-lang/2.6/commons-lang-2.6.pom (17 kB at 33 kB/s)
[INFO] Downloading from paper-repo: https://repo.destroystokyo.com/repository/maven-public/org/apache/commons/commons-parent/17/commons-parent-17.pom
[INFO] Downloaded from paper-repo: https://repo.destroystokyo.com/repository/maven-public/org/apache/commons/commons-parent/17/commons-parent-17.pom (31 kB at 59 kB/s)
[INFO] Downloading from paper-repo: https://repo.destroystokyo.com/repository/maven-public/org/apache/apache/7/apache-7.pom
[INFO] Downloaded from paper-repo: https://repo.destroystokyo.com/repository/maven-public/org/apache/apache/7/apache-7.pom (14 kB at 27 kB/s)
[INFO] Downloading from paper-repo: https://repo.destroystokyo.com/repository/maven-public/org/yaml/snakeyaml/1.28/snakeyaml-1.28.pom
[INFO] Downloaded from paper-repo: https://repo.destroystokyo.com/repository/maven-public/org/yaml/snakeyaml/1.28/snakeyaml-1.28.pom (37 kB at 71 kB/s)
[INFO] Downloading from paper-repo: https://repo.destroystokyo.com/repository/maven-public/com/github/Slimefun/Slimefun4/RC-28/Slimefun4-RC-28.pom
[INFO] Downloading from spigot-repo: https://hub.spigotmc.org/nexus/content/repositories/snapshots/com/github/Slimefun/Slimefun4/RC-28/Slimefun4-RC-28.pom
[INFO] Downloading from jitpack.io: https://jitpack.io/com/github/Slimefun/Slimefun4/RC-28/Slimefun4-RC-28.pom
[INFO] Downloaded from jitpack.io: https://jitpack.io/com/github/Slimefun/Slimefun4/RC-28/Slimefun4-RC-28.pom (14 kB at 99 kB/s)
[INFO] Downloading from paper-repo: https://repo.destroystokyo.com/repository/maven-public/com/github/SlimeTraditionalTranslation/dough/v1.0.0/dough-v1.0.0.pom
[INFO] Downloading from spigot-repo: https://hub.spigotmc.org/nexus/content/repositories/snapshots/com/github/SlimeTraditionalTranslation/dough/v1.0.0/dough-v1.0.0.pom
[INFO] Downloading from jitpack.io: https://jitpack.io/com/github/SlimeTraditionalTranslation/dough/v1.0.0/dough-v1.0.0.pom
[INFO] Downloaded from jitpack.io: https://jitpack.io/com/github/SlimeTraditionalTranslation/dough/v1.0.0/dough-v1.0.0.pom (815 B at 23 kB/s)
[INFO] Downloading from paper-repo: https://repo.destroystokyo.com/repository/maven-public/com/github/SlimeTraditionalTranslation/dough/dough-common/v1.0.0/dough-common-v1.0.0.pom
[INFO] Downloading from spigot-repo: https://hub.spigotmc.org/nexus/content/repositories/snapshots/com/github/SlimeTraditionalTranslation/dough/dough-common/v1.0.0/dough-common-v1.0.0.pom
[INFO] Downloading from jitpack.io: https://jitpack.io/com/github/SlimeTraditionalTranslation/dough/dough-common/v1.0.0/dough-common-v1.0.0.pom
[INFO] Downloaded from jitpack.io: https://jitpack.io/com/github/SlimeTraditionalTranslation/dough/dough-common/v1.0.0/dough-common-v1.0.0.pom (1.5 kB at 44 kB/s)
[INFO] Downloading from paper-repo: https://repo.destroystokyo.com/repository/maven-public/com/github/SlimeTraditionalTranslation/dough/dough/v1.0.0/dough-v1.0.0.pom
[INFO] Downloading from spigot-repo: https://hub.spigotmc.org/nexus/content/repositories/snapshots/com/github/SlimeTraditionalTranslation/dough/dough/v1.0.0/dough-v1.0.0.pom
[INFO] Downloading from jitpack.io: https://jitpack.io/com/github/SlimeTraditionalTranslation/dough/dough/v1.0.0/dough-v1.0.0.pom
[INFO] Downloaded from jitpack.io: https://jitpack.io/com/github/SlimeTraditionalTranslation/dough/dough/v1.0.0/dough-v1.0.0.pom (8.0 kB at 222 kB/s)
[INFO] Downloading from paper-repo: https://repo.destroystokyo.com/repository/maven-public/com/github/SlimeTraditionalTranslation/dough/dough-updater/v1.0.0/dough-updater-v1.0.0.pom
[INFO] Downloading from spigot-repo: https://hub.spigotmc.org/nexus/content/repositories/snapshots/com/github/SlimeTraditionalTranslation/dough/dough-updater/v1.0.0/dough-updater-v1.0.0.pom
[INFO] Downloading from jitpack.io: https://jitpack.io/com/github/SlimeTraditionalTranslation/dough/dough-updater/v1.0.0/dough-updater-v1.0.0.pom
[INFO] Downloaded from jitpack.io: https://jitpack.io/com/github/SlimeTraditionalTranslation/dough/dough-updater/v1.0.0/dough-updater-v1.0.0.pom (1.8 kB at 44 kB/s)
[INFO] Downloading from paper-repo: https://repo.destroystokyo.com/repository/maven-public/org/mini2Dx/gettext-lib/1.11.0/gettext-lib-1.11.0.pom
[INFO] Downloaded from paper-repo: https://repo.destroystokyo.com/repository/maven-public/org/mini2Dx/gettext-lib/1.11.0/gettext-lib-1.11.0.pom (1.9 kB at 3.6 kB/s)
[INFO] Downloading from paper-repo: https://repo.destroystokyo.com/repository/maven-public/com/tunnelvisionlabs/antlr4-runtime/4.7.3/antlr4-runtime-4.7.3.pom
[INFO] Downloaded from paper-repo: https://repo.destroystokyo.com/repository/maven-public/com/tunnelvisionlabs/antlr4-runtime/4.7.3/antlr4-runtime-4.7.3.pom (5.9 kB at 11 kB/s)
[INFO] Downloading from paper-repo: https://repo.destroystokyo.com/repository/maven-public/com/tunnelvisionlabs/antlr4-master/4.7.3/antlr4-master-4.7.3.pom
[INFO] Downloaded from paper-repo: https://repo.destroystokyo.com/repository/maven-public/com/tunnelvisionlabs/antlr4-master/4.7.3/antlr4-master-4.7.3.pom (9.7 kB at 19 kB/s)
[INFO] Downloading from paper-repo: https://repo.destroystokyo.com/repository/maven-public/org/spigotmc/spigot-api/1.17.1-R0.1-SNAPSHOT/spigot-api-1.17.1-R0.1-20211121.234319-104.jar
[INFO] Downloading from paper-repo: https://repo.destroystokyo.com/repository/maven-public/com/google/guava/guava/21.0/guava-21.0.jar
[INFO] Downloading from paper-repo: https://repo.destroystokyo.com/repository/maven-public/commons-lang/commons-lang/2.6/commons-lang-2.6.jar
[INFO] Downloading from paper-repo: https://repo.destroystokyo.com/repository/maven-public/com/google/code/gson/gson/2.8.0/gson-2.8.0.jar
[INFO] Downloading from paper-repo: https://repo.destroystokyo.com/repository/maven-public/org/yaml/snakeyaml/1.28/snakeyaml-1.28.jar
[INFO] Downloaded from paper-repo: https://repo.destroystokyo.com/repository/maven-public/org/spigotmc/spigot-api/1.17.1-R0.1-SNAPSHOT/spigot-api-1.17.1-R0.1-20211121.234319-104.jar (1.4 MB at 1.5 MB/s)
[INFO] Downloading from paper-repo: https://repo.destroystokyo.com/repository/maven-public/com/github/Slimefun/Slimefun4/RC-28/Slimefun4-RC-28.jar
[INFO] Downloaded from paper-repo: https://repo.destroystokyo.com/repository/maven-public/com/google/guava/guava/21.0/guava-21.0.jar (2.5 MB at 2.1 MB/s)
[INFO] Downloading from paper-repo: https://repo.destroystokyo.com/repository/maven-public/com/github/SlimeTraditionalTranslation/dough/v1.0.0/dough-v1.0.0.jar
[INFO] Downloaded from paper-repo: https://repo.destroystokyo.com/repository/maven-public/com/google/code/gson/gson/2.8.0/gson-2.8.0.jar (232 kB at 189 kB/s)
[INFO] Downloading from paper-repo: https://repo.destroystokyo.com/repository/maven-public/com/github/SlimeTraditionalTranslation/dough/dough-common/v1.0.0/dough-common-v1.0.0.jar
[INFO] Downloaded from paper-repo: https://repo.destroystokyo.com/repository/maven-public/org/yaml/snakeyaml/1.28/snakeyaml-1.28.jar (327 kB at 262 kB/s)
[INFO] Downloading from paper-repo: https://repo.destroystokyo.com/repository/maven-public/com/github/SlimeTraditionalTranslation/dough/dough-updater/v1.0.0/dough-updater-v1.0.0.jar
[INFO] Downloading from paper-repo: https://repo.destroystokyo.com/repository/maven-public/org/mini2Dx/gettext-lib/1.11.0/gettext-lib-1.11.0.jar
[INFO] Downloaded from paper-repo: https://repo.destroystokyo.com/repository/maven-public/commons-lang/commons-lang/2.6/commons-lang-2.6.jar (284 kB at 176 kB/s)
[INFO] Downloading from paper-repo: https://repo.destroystokyo.com/repository/maven-public/com/tunnelvisionlabs/antlr4-runtime/4.7.3/antlr4-runtime-4.7.3.jar
[INFO] Downloaded from paper-repo: https://repo.destroystokyo.com/repository/maven-public/org/mini2Dx/gettext-lib/1.11.0/gettext-lib-1.11.0.jar (63 kB at 28 kB/s)
[INFO] Downloaded from paper-repo: https://repo.destroystokyo.com/repository/maven-public/com/tunnelvisionlabs/antlr4-runtime/4.7.3/antlr4-runtime-4.7.3.jar (428 kB at 172 kB/s)
[INFO] Downloading from spigot-repo: https://hub.spigotmc.org/nexus/content/repositories/snapshots/com/github/Slimefun/Slimefun4/RC-28/Slimefun4-RC-28.jar
[INFO] Downloading from spigot-repo: https://hub.spigotmc.org/nexus/content/repositories/snapshots/com/github/SlimeTraditionalTranslation/dough/v1.0.0/dough-v1.0.0.jar
[INFO] Downloading from spigot-repo: https://hub.spigotmc.org/nexus/content/repositories/snapshots/com/github/SlimeTraditionalTranslation/dough/dough-common/v1.0.0/dough-common-v1.0.0.jar
[INFO] Downloading from spigot-repo: https://hub.spigotmc.org/nexus/content/repositories/snapshots/com/github/SlimeTraditionalTranslation/dough/dough-updater/v1.0.0/dough-updater-v1.0.0.jar
[INFO] Downloading from jitpack.io: https://jitpack.io/com/github/Slimefun/Slimefun4/RC-28/Slimefun4-RC-28.jar
[INFO] Downloading from jitpack.io: https://jitpack.io/com/github/SlimeTraditionalTranslation/dough/v1.0.0/dough-v1.0.0.jar
[INFO] Downloading from jitpack.io: https://jitpack.io/com/github/SlimeTraditionalTranslation/dough/dough-updater/v1.0.0/dough-updater-v1.0.0.jar
[INFO] Downloading from jitpack.io: https://jitpack.io/com/github/SlimeTraditionalTranslation/dough/dough-common/v1.0.0/dough-common-v1.0.0.jar
[INFO] Downloaded from jitpack.io: https://jitpack.io/com/github/SlimeTraditionalTranslation/dough/v1.0.0/dough-v1.0.0.jar (283 B at 3.1 kB/s)
[INFO] Downloaded from jitpack.io: https://jitpack.io/com/github/SlimeTraditionalTranslation/dough/dough-updater/v1.0.0/dough-updater-v1.0.0.jar (15 kB at 147 kB/s)
[INFO] Downloaded from jitpack.io: https://jitpack.io/com/github/SlimeTraditionalTranslation/dough/dough-common/v1.0.0/dough-common-v1.0.0.jar (17 kB at 154 kB/s)
[INFO] Downloaded from jitpack.io: https://jitpack.io/com/github/Slimefun/Slimefun4/RC-28/Slimefun4-RC-28.jar (4.3 MB at 35 MB/s)
[INFO] 
[INFO] --- maven-clean-plugin:2.5:clean (default-clean) @ BetterReactor ---
[INFO] 
[INFO] --- maven-resources-plugin:2.6:resources (default-resources) @ BetterReactor ---
[INFO] Using 'UTF-8' encoding to copy filtered resources.
[INFO] Copying 3 resources
[INFO] 
[INFO] --- maven-compiler-plugin:3.1:compile (default-compile) @ BetterReactor ---
[INFO] Changes detected - recompiling the module!
[INFO] Compiling 9 source files to /home/runner/work/builds/builds/SlimeTraditionalTranslation/Better-Nuclear-Generator/master/files/target/classes
[INFO] -------------------------------------------------------------
[WARNING] COMPILATION WARNING : 
[INFO] -------------------------------------------------------------
[WARNING] /home/runner/work/builds/builds/SlimeTraditionalTranslation/Better-Nuclear-Generator/master/files/src/main/java/me/CAPS123987/machines/SuperFreezer.java: Some input files use or override a deprecated API.
[WARNING] /home/runner/work/builds/builds/SlimeTraditionalTranslation/Better-Nuclear-Generator/master/files/src/main/java/me/CAPS123987/machines/SuperFreezer.java: Recompile with -Xlint:deprecation for details.
[INFO] 2 warnings 
[INFO] -------------------------------------------------------------
[INFO] -------------------------------------------------------------
[ERROR] COMPILATION ERROR : 
[INFO] -------------------------------------------------------------
[ERROR] /home/runner/work/builds/builds/SlimeTraditionalTranslation/Better-Nuclear-Generator/master/files/src/main/java/me/CAPS123987/Item/Items.java:[33,56] cannot find symbol
  symbol:   variable GetText
  location: class me.CAPS123987.Item.Items
[ERROR] /home/runner/work/builds/builds/SlimeTraditionalTranslation/Better-Nuclear-Generator/master/files/src/main/java/me/CAPS123987/Item/Items.java:[38,34] cannot find symbol
  symbol:   variable GetText
  location: class me.CAPS123987.Item.Items
[ERROR] /home/runner/work/builds/builds/SlimeTraditionalTranslation/Better-Nuclear-Generator/master/files/src/main/java/me/CAPS123987/Item/Items.java:[49,33] cannot find symbol
  symbol:   variable GetText
  location: class me.CAPS123987.Item.Items
[ERROR] /home/runner/work/builds/builds/SlimeTraditionalTranslation/Better-Nuclear-Generator/master/files/src/main/java/me/CAPS123987/Item/Items.java:[56,33] cannot find symbol
  symbol:   variable GetText
  location: class me.CAPS123987.Item.Items
[ERROR] /home/runner/work/builds/builds/SlimeTraditionalTranslation/Better-Nuclear-Generator/master/files/src/main/java/me/CAPS123987/Item/Items.java:[58,17] cannot find symbol
  symbol:   variable GetText
  location: class me.CAPS123987.Item.Items
[ERROR] /home/runner/work/builds/builds/SlimeTraditionalTranslation/Better-Nuclear-Generator/master/files/src/main/java/me/CAPS123987/Item/Items.java:[59,17] cannot find symbol
  symbol:   variable GetText
  location: class me.CAPS123987.Item.Items
[ERROR] /home/runner/work/builds/builds/SlimeTraditionalTranslation/Better-Nuclear-Generator/master/files/src/main/java/me/CAPS123987/Item/Items.java:[65,33] cannot find symbol
  symbol:   variable GetText
  location: class me.CAPS123987.Item.Items
[ERROR] /home/runner/work/builds/builds/SlimeTraditionalTranslation/Better-Nuclear-Generator/master/files/src/main/java/me/CAPS123987/Item/Items.java:[67,17] cannot find symbol
  symbol:   variable GetText
  location: class me.CAPS123987.Item.Items
[ERROR] /home/runner/work/builds/builds/SlimeTraditionalTranslation/Better-Nuclear-Generator/master/files/src/main/java/me/CAPS123987/Item/Items.java:[72,41] cannot find symbol
  symbol:   variable GetText
  location: class me.CAPS123987.Item.Items
[ERROR] /home/runner/work/builds/builds/SlimeTraditionalTranslation/Better-Nuclear-Generator/master/files/src/main/java/me/CAPS123987/Item/Items.java:[74,17] cannot find symbol
  symbol:   variable GetText
  location: class me.CAPS123987.Item.Items
[ERROR] /home/runner/work/builds/builds/SlimeTraditionalTranslation/Better-Nuclear-Generator/master/files/src/main/java/me/CAPS123987/Item/Items.java:[79,41] cannot find symbol
  symbol:   variable GetText
  location: class me.CAPS123987.Item.Items
[ERROR] /home/runner/work/builds/builds/SlimeTraditionalTranslation/Better-Nuclear-Generator/master/files/src/main/java/me/CAPS123987/Item/Items.java:[81,17] cannot find symbol
  symbol:   variable GetText
  location: class me.CAPS123987.Item.Items
[ERROR] /home/runner/work/builds/builds/SlimeTraditionalTranslation/Better-Nuclear-Generator/master/files/src/main/java/me/CAPS123987/Item/Items.java:[86,41] cannot find symbol
  symbol:   variable GetText
  location: class me.CAPS123987.Item.Items
[ERROR] /home/runner/work/builds/builds/SlimeTraditionalTranslation/Better-Nuclear-Generator/master/files/src/main/java/me/CAPS123987/Item/Items.java:[91,33] cannot find symbol
  symbol:   variable GetText
  location: class me.CAPS123987.Item.Items
[ERROR] /home/runner/work/builds/builds/SlimeTraditionalTranslation/Better-Nuclear-Generator/master/files/src/main/java/me/CAPS123987/Item/Items.java:[93,17] cannot find symbol
  symbol:   variable GetText
  location: class me.CAPS123987.Item.Items
[ERROR] /home/runner/work/builds/builds/SlimeTraditionalTranslation/Better-Nuclear-Generator/master/files/src/main/java/me/CAPS123987/Item/Items.java:[97,41] cannot find symbol
  symbol:   variable GetText
  location: class me.CAPS123987.Item.Items
[ERROR] /home/runner/work/builds/builds/SlimeTraditionalTranslation/Better-Nuclear-Generator/master/files/src/main/java/me/CAPS123987/Item/Items.java:[99,17] cannot find symbol
  symbol:   variable GetText
  location: class me.CAPS123987.Item.Items
[ERROR] /home/runner/work/builds/builds/SlimeTraditionalTranslation/Better-Nuclear-Generator/master/files/src/main/java/me/CAPS123987/Item/Items.java:[104,41] cannot find symbol
  symbol:   variable GetText
  location: class me.CAPS123987.Item.Items
[ERROR] /home/runner/work/builds/builds/SlimeTraditionalTranslation/Better-Nuclear-Generator/master/files/src/main/java/me/CAPS123987/Item/Items.java:[106,17] cannot find symbol
  symbol:   variable GetText
  location: class me.CAPS123987.Item.Items
[INFO] 19 errors 
[INFO] -------------------------------------------------------------
[INFO] ------------------------------------------------------------------------
[INFO] BUILD FAILURE
[INFO] ------------------------------------------------------------------------
[INFO] Total time:  11.914 s
[INFO] Finished at: 2024-02-14T10:19:14Z
[INFO] ------------------------------------------------------------------------
[ERROR] Failed to execute goal org.apache.maven.plugins:maven-compiler-plugin:3.1:compile (default-compile) on project BetterReactor: Compilation failure: Compilation failure: 
[ERROR] /home/runner/work/builds/builds/SlimeTraditionalTranslation/Better-Nuclear-Generator/master/files/src/main/java/me/CAPS123987/Item/Items.java:[33,56] cannot find symbol
[ERROR]   symbol:   variable GetText
[ERROR]   location: class me.CAPS123987.Item.Items
[ERROR] /home/runner/work/builds/builds/SlimeTraditionalTranslation/Better-Nuclear-Generator/master/files/src/main/java/me/CAPS123987/Item/Items.java:[38,34] cannot find symbol
[ERROR]   symbol:   variable GetText
[ERROR]   location: class me.CAPS123987.Item.Items
[ERROR] /home/runner/work/builds/builds/SlimeTraditionalTranslation/Better-Nuclear-Generator/master/files/src/main/java/me/CAPS123987/Item/Items.java:[49,33] cannot find symbol
[ERROR]   symbol:   variable GetText
[ERROR]   location: class me.CAPS123987.Item.Items
[ERROR] /home/runner/work/builds/builds/SlimeTraditionalTranslation/Better-Nuclear-Generator/master/files/src/main/java/me/CAPS123987/Item/Items.java:[56,33] cannot find symbol
[ERROR]   symbol:   variable GetText
[ERROR]   location: class me.CAPS123987.Item.Items
[ERROR] /home/runner/work/builds/builds/SlimeTraditionalTranslation/Better-Nuclear-Generator/master/files/src/main/java/me/CAPS123987/Item/Items.java:[58,17] cannot find symbol
[ERROR]   symbol:   variable GetText
[ERROR]   location: class me.CAPS123987.Item.Items
[ERROR] /home/runner/work/builds/builds/SlimeTraditionalTranslation/Better-Nuclear-Generator/master/files/src/main/java/me/CAPS123987/Item/Items.java:[59,17] cannot find symbol
[ERROR]   symbol:   variable GetText
[ERROR]   location: class me.CAPS123987.Item.Items
[ERROR] /home/runner/work/builds/builds/SlimeTraditionalTranslation/Better-Nuclear-Generator/master/files/src/main/java/me/CAPS123987/Item/Items.java:[65,33] cannot find symbol
[ERROR]   symbol:   variable GetText
[ERROR]   location: class me.CAPS123987.Item.Items
[ERROR] /home/runner/work/builds/builds/SlimeTraditionalTranslation/Better-Nuclear-Generator/master/files/src/main/java/me/CAPS123987/Item/Items.java:[67,17] cannot find symbol
[ERROR]   symbol:   variable GetText
[ERROR]   location: class me.CAPS123987.Item.Items
[ERROR] /home/runner/work/builds/builds/SlimeTraditionalTranslation/Better-Nuclear-Generator/master/files/src/main/java/me/CAPS123987/Item/Items.java:[72,41] cannot find symbol
[ERROR]   symbol:   variable GetText
[ERROR]   location: class me.CAPS123987.Item.Items
[ERROR] /home/runner/work/builds/builds/SlimeTraditionalTranslation/Better-Nuclear-Generator/master/files/src/main/java/me/CAPS123987/Item/Items.java:[74,17] cannot find symbol
[ERROR]   symbol:   variable GetText
[ERROR]   location: class me.CAPS123987.Item.Items
[ERROR] /home/runner/work/builds/builds/SlimeTraditionalTranslation/Better-Nuclear-Generator/master/files/src/main/java/me/CAPS123987/Item/Items.java:[79,41] cannot find symbol
[ERROR]   symbol:   variable GetText
[ERROR]   location: class me.CAPS123987.Item.Items
[ERROR] /home/runner/work/builds/builds/SlimeTraditionalTranslation/Better-Nuclear-Generator/master/files/src/main/java/me/CAPS123987/Item/Items.java:[81,17] cannot find symbol
[ERROR]   symbol:   variable GetText
[ERROR]   location: class me.CAPS123987.Item.Items
[ERROR] /home/runner/work/builds/builds/SlimeTraditionalTranslation/Better-Nuclear-Generator/master/files/src/main/java/me/CAPS123987/Item/Items.java:[86,41] cannot find symbol
[ERROR]   symbol:   variable GetText
[ERROR]   location: class me.CAPS123987.Item.Items
[ERROR] /home/runner/work/builds/builds/SlimeTraditionalTranslation/Better-Nuclear-Generator/master/files/src/main/java/me/CAPS123987/Item/Items.java:[91,33] cannot find symbol
[ERROR]   symbol:   variable GetText
[ERROR]   location: class me.CAPS123987.Item.Items
[ERROR] /home/runner/work/builds/builds/SlimeTraditionalTranslation/Better-Nuclear-Generator/master/files/src/main/java/me/CAPS123987/Item/Items.java:[93,17] cannot find symbol
[ERROR]   symbol:   variable GetText
[ERROR]   location: class me.CAPS123987.Item.Items
[ERROR] /home/runner/work/builds/builds/SlimeTraditionalTranslation/Better-Nuclear-Generator/master/files/src/main/java/me/CAPS123987/Item/Items.java:[97,41] cannot find symbol
[ERROR]   symbol:   variable GetText
[ERROR]   location: class me.CAPS123987.Item.Items
[ERROR] /home/runner/work/builds/builds/SlimeTraditionalTranslation/Better-Nuclear-Generator/master/files/src/main/java/me/CAPS123987/Item/Items.java:[99,17] cannot find symbol
[ERROR]   symbol:   variable GetText
[ERROR]   location: class me.CAPS123987.Item.Items
[ERROR] /home/runner/work/builds/builds/SlimeTraditionalTranslation/Better-Nuclear-Generator/master/files/src/main/java/me/CAPS123987/Item/Items.java:[104,41] cannot find symbol
[ERROR]   symbol:   variable GetText
[ERROR]   location: class me.CAPS123987.Item.Items
[ERROR] /home/runner/work/builds/builds/SlimeTraditionalTranslation/Better-Nuclear-Generator/master/files/src/main/java/me/CAPS123987/Item/Items.java:[106,17] cannot find symbol
[ERROR]   symbol:   variable GetText
[ERROR]   location: class me.CAPS123987.Item.Items
[ERROR] -> [Help 1]
[ERROR] 
[ERROR] To see the full stack trace of the errors, re-run Maven with the -e switch.
[ERROR] Re-run Maven using the -X switch to enable full debug logging.
[ERROR] 
[ERROR] For more information about the errors and possible solutions, please read the following articles:
[ERROR] [Help 1] http://cwiki.apache.org/confluence/display/MAVEN/MojoFailureException
