[INFO] Scanning for projects...
[WARNING] 
[WARNING] Some problems were encountered while building the effective model for io.github.sefiraat.crystamaehistoria:CrystamaeHistoria:jar:EFI - 15 (git 4985be67)
[WARNING] 'build.plugins.plugin.version' for org.apache.maven.plugins:maven-compiler-plugin is missing. @ line 1, column 3244
[WARNING] 
[WARNING] It is highly recommended to fix these problems because they threaten the stability of your build.
[WARNING] 
[WARNING] For this reason, future Maven versions might no longer support building such malformed projects.
[WARNING] 
[INFO] 
[INFO] -------< io.github.sefiraat.crystamaehistoria:CrystamaeHistoria >-------
[INFO] Building CrystamaeHistoria EFI - 15 (git 4985be67)
[INFO]   from pom.xml
[INFO] --------------------------------[ jar ]---------------------------------
[INFO] Downloading from central: https://repo.maven.apache.org/maven2/org/apache/maven/plugins/maven-compiler-plugin/3.1/maven-compiler-plugin-3.1.pom
[INFO] Downloaded from central: https://repo.maven.apache.org/maven2/org/apache/maven/plugins/maven-compiler-plugin/3.1/maven-compiler-plugin-3.1.pom (10 kB at 46 kB/s)
[INFO] Downloading from central: https://repo.maven.apache.org/maven2/org/apache/maven/plugins/maven-plugins/24/maven-plugins-24.pom
[INFO] Downloaded from central: https://repo.maven.apache.org/maven2/org/apache/maven/plugins/maven-plugins/24/maven-plugins-24.pom (11 kB at 270 kB/s)
[INFO] Downloading from central: https://repo.maven.apache.org/maven2/org/apache/maven/plugins/maven-compiler-plugin/3.1/maven-compiler-plugin-3.1.jar
[INFO] Downloaded from central: https://repo.maven.apache.org/maven2/org/apache/maven/plugins/maven-compiler-plugin/3.1/maven-compiler-plugin-3.1.jar (43 kB at 1.7 MB/s)
[INFO] Downloading from central: https://repo.maven.apache.org/maven2/org/apache/maven/plugins/maven-shade-plugin/3.4.1/maven-shade-plugin-3.4.1.pom
[INFO] Downloaded from central: https://repo.maven.apache.org/maven2/org/apache/maven/plugins/maven-shade-plugin/3.4.1/maven-shade-plugin-3.4.1.pom (13 kB at 677 kB/s)
[INFO] Downloading from central: https://repo.maven.apache.org/maven2/org/apache/maven/plugins/maven-plugins/37/maven-plugins-37.pom
[INFO] Downloaded from central: https://repo.maven.apache.org/maven2/org/apache/maven/plugins/maven-plugins/37/maven-plugins-37.pom (9.9 kB at 619 kB/s)
[INFO] Downloading from central: https://repo.maven.apache.org/maven2/org/apache/maven/maven-parent/37/maven-parent-37.pom
[INFO] Downloaded from central: https://repo.maven.apache.org/maven2/org/apache/maven/maven-parent/37/maven-parent-37.pom (46 kB at 1.9 MB/s)
[INFO] Downloading from central: https://repo.maven.apache.org/maven2/org/apache/apache/27/apache-27.pom
[INFO] Downloaded from central: https://repo.maven.apache.org/maven2/org/apache/apache/27/apache-27.pom (20 kB at 885 kB/s)
[INFO] Downloading from central: https://repo.maven.apache.org/maven2/org/apache/maven/plugins/maven-shade-plugin/3.4.1/maven-shade-plugin-3.4.1.jar
[INFO] Downloaded from central: https://repo.maven.apache.org/maven2/org/apache/maven/plugins/maven-shade-plugin/3.4.1/maven-shade-plugin-3.4.1.jar (143 kB at 4.2 MB/s)
[INFO] Downloading from papermc: https://papermc.io/repo/repository/maven-public/io/papermc/paper/paper-api/1.19-R0.1-SNAPSHOT/maven-metadata.xml
[INFO] Downloading from jitpack.io: https://jitpack.io/io/papermc/paper/paper-api/1.19-R0.1-SNAPSHOT/maven-metadata.xml
[INFO] Downloading from mcmmo-repo: https://nexus.neetgames.com/repository/maven-public/io/papermc/paper/paper-api/1.19-R0.1-SNAPSHOT/maven-metadata.xml
[INFO] Downloading from jeff-media-public: https://hub.jeff-media.com/nexus/repository/jeff-media-public/io/papermc/paper/paper-api/1.19-R0.1-SNAPSHOT/maven-metadata.xml
[INFO] Downloading from sefi-central: https://sefiraat.jfrog.io/artifactory/default-maven-local/io/papermc/paper/paper-api/1.19-R0.1-SNAPSHOT/maven-metadata.xml
[INFO] Downloading from bg-repo: https://repo.bg-software.com/repository/api/io/papermc/paper/paper-api/1.19-R0.1-SNAPSHOT/maven-metadata.xml
[INFO] Downloading from rosewood-repo: https://repo.rosewooddev.io/repository/public/io/papermc/paper/paper-api/1.19-R0.1-SNAPSHOT/maven-metadata.xml
[INFO] Downloaded from papermc: https://papermc.io/repo/repository/maven-public/io/papermc/paper/paper-api/1.19-R0.1-SNAPSHOT/maven-metadata.xml (1.4 kB at 2.0 kB/s)
[INFO] Downloading from papermc: https://papermc.io/repo/repository/maven-public/io/papermc/paper/paper-api/1.19-R0.1-SNAPSHOT/paper-api-1.19-R0.1-20220725.172700-79.pom
[INFO] Downloaded from papermc: https://papermc.io/repo/repository/maven-public/io/papermc/paper/paper-api/1.19-R0.1-SNAPSHOT/paper-api-1.19-R0.1-20220725.172700-79.pom (4.2 kB at 15 kB/s)
[INFO] Downloading from papermc: https://papermc.io/repo/repository/maven-public/net/kyori/adventure-bom/4.11.0/adventure-bom-4.11.0.pom
[INFO] Downloaded from papermc: https://papermc.io/repo/repository/maven-public/net/kyori/adventure-bom/4.11.0/adventure-bom-4.11.0.pom (4.6 kB at 16 kB/s)
[INFO] Downloading from papermc: https://papermc.io/repo/repository/maven-public/com/google/guava/guava/31.0.1-jre/guava-31.0.1-jre.pom
[INFO] Downloaded from papermc: https://papermc.io/repo/repository/maven-public/com/google/guava/guava/31.0.1-jre/guava-31.0.1-jre.pom (11 kB at 39 kB/s)
[INFO] Downloading from papermc: https://papermc.io/repo/repository/maven-public/com/google/guava/guava-parent/31.0.1-jre/guava-parent-31.0.1-jre.pom
[INFO] Downloaded from papermc: https://papermc.io/repo/repository/maven-public/com/google/guava/guava-parent/31.0.1-jre/guava-parent-31.0.1-jre.pom (14 kB at 48 kB/s)
[INFO] Downloading from papermc: https://papermc.io/repo/repository/maven-public/com/google/guava/failureaccess/1.0.1/failureaccess-1.0.1.pom
[INFO] Downloaded from papermc: https://papermc.io/repo/repository/maven-public/com/google/guava/failureaccess/1.0.1/failureaccess-1.0.1.pom (2.4 kB at 8.7 kB/s)
[INFO] Downloading from papermc: https://papermc.io/repo/repository/maven-public/com/google/guava/guava-parent/26.0-android/guava-parent-26.0-android.pom
[INFO] Downloaded from papermc: https://papermc.io/repo/repository/maven-public/com/google/guava/guava-parent/26.0-android/guava-parent-26.0-android.pom (10 kB at 35 kB/s)
[INFO] Downloading from papermc: https://papermc.io/repo/repository/maven-public/com/google/guava/listenablefuture/9999.0-empty-to-avoid-conflict-with-guava/listenablefuture-9999.0-empty-to-avoid-conflict-with-guava.pom
[INFO] Downloaded from papermc: https://papermc.io/repo/repository/maven-public/com/google/guava/listenablefuture/9999.0-empty-to-avoid-conflict-with-guava/listenablefuture-9999.0-empty-to-avoid-conflict-with-guava.pom (2.3 kB at 8.2 kB/s)
[INFO] Downloading from papermc: https://papermc.io/repo/repository/maven-public/org/checkerframework/checker-qual/3.12.0/checker-qual-3.12.0.pom
[INFO] Downloaded from papermc: https://papermc.io/repo/repository/maven-public/org/checkerframework/checker-qual/3.12.0/checker-qual-3.12.0.pom (2.1 kB at 7.5 kB/s)
[INFO] Downloading from papermc: https://papermc.io/repo/repository/maven-public/com/google/errorprone/error_prone_annotations/2.7.1/error_prone_annotations-2.7.1.pom
[INFO] Downloaded from papermc: https://papermc.io/repo/repository/maven-public/com/google/errorprone/error_prone_annotations/2.7.1/error_prone_annotations-2.7.1.pom (2.1 kB at 7.6 kB/s)
[INFO] Downloading from papermc: https://papermc.io/repo/repository/maven-public/com/google/errorprone/error_prone_parent/2.7.1/error_prone_parent-2.7.1.pom
[INFO] Downloaded from papermc: https://papermc.io/repo/repository/maven-public/com/google/errorprone/error_prone_parent/2.7.1/error_prone_parent-2.7.1.pom (7.0 kB at 24 kB/s)
[INFO] Downloading from papermc: https://papermc.io/repo/repository/maven-public/com/google/j2objc/j2objc-annotations/1.3/j2objc-annotations-1.3.pom
[INFO] Downloaded from papermc: https://papermc.io/repo/repository/maven-public/com/google/j2objc/j2objc-annotations/1.3/j2objc-annotations-1.3.pom (2.8 kB at 10 kB/s)
[INFO] Downloading from papermc: https://papermc.io/repo/repository/maven-public/com/google/code/gson/gson/2.8.9/gson-2.8.9.pom
[INFO] Downloaded from papermc: https://papermc.io/repo/repository/maven-public/com/google/code/gson/gson/2.8.9/gson-2.8.9.pom (6.3 kB at 22 kB/s)
[INFO] Downloading from papermc: https://papermc.io/repo/repository/maven-public/com/google/code/gson/gson-parent/2.8.9/gson-parent-2.8.9.pom
[INFO] Downloaded from papermc: https://papermc.io/repo/repository/maven-public/com/google/code/gson/gson-parent/2.8.9/gson-parent-2.8.9.pom (4.7 kB at 17 kB/s)
[INFO] Downloading from papermc: https://papermc.io/repo/repository/maven-public/net/md-5/bungeecord-chat/1.16-R0.4-deprecated+build.6/bungeecord-chat-1.16-R0.4-deprecated+build.6.pom
[INFO] Downloaded from papermc: https://papermc.io/repo/repository/maven-public/net/md-5/bungeecord-chat/1.16-R0.4-deprecated+build.6/bungeecord-chat-1.16-R0.4-deprecated+build.6.pom (1.2 kB at 4.1 kB/s)
[INFO] Downloading from papermc: https://papermc.io/repo/repository/maven-public/com/google/code/gson/gson/2.8.8/gson-2.8.8.pom
[INFO] Downloaded from papermc: https://papermc.io/repo/repository/maven-public/com/google/code/gson/gson/2.8.8/gson-2.8.8.pom (6.0 kB at 22 kB/s)
[INFO] Downloading from papermc: https://papermc.io/repo/repository/maven-public/com/google/code/gson/gson-parent/2.8.8/gson-parent-2.8.8.pom
[INFO] Downloaded from papermc: https://papermc.io/repo/repository/maven-public/com/google/code/gson/gson-parent/2.8.8/gson-parent-2.8.8.pom (4.6 kB at 16 kB/s)
[INFO] Downloading from papermc: https://papermc.io/repo/repository/maven-public/org/yaml/snakeyaml/1.30/snakeyaml-1.30.pom
[INFO] Downloaded from papermc: https://papermc.io/repo/repository/maven-public/org/yaml/snakeyaml/1.30/snakeyaml-1.30.pom (37 kB at 134 kB/s)
[INFO] Downloading from papermc: https://papermc.io/repo/repository/maven-public/com/googlecode/json-simple/json-simple/1.1.1/json-simple-1.1.1.pom
[INFO] Downloaded from papermc: https://papermc.io/repo/repository/maven-public/com/googlecode/json-simple/json-simple/1.1.1/json-simple-1.1.1.pom (3.5 kB at 13 kB/s)
[INFO] Downloading from papermc: https://papermc.io/repo/repository/maven-public/it/unimi/dsi/fastutil/8.5.6/fastutil-8.5.6.pom
[INFO] Downloaded from papermc: https://papermc.io/repo/repository/maven-public/it/unimi/dsi/fastutil/8.5.6/fastutil-8.5.6.pom (1.5 kB at 5.6 kB/s)
[INFO] Downloading from papermc: https://papermc.io/repo/repository/maven-public/org/apache/logging/log4j/log4j-api/2.17.1/log4j-api-2.17.1.pom
[INFO] Downloaded from papermc: https://papermc.io/repo/repository/maven-public/org/apache/logging/log4j/log4j-api/2.17.1/log4j-api-2.17.1.pom (14 kB at 51 kB/s)
[INFO] Downloading from papermc: https://papermc.io/repo/repository/maven-public/org/apache/logging/log4j/log4j/2.17.1/log4j-2.17.1.pom
[INFO] Downloaded from papermc: https://papermc.io/repo/repository/maven-public/org/apache/logging/log4j/log4j/2.17.1/log4j-2.17.1.pom (69 kB at 250 kB/s)
[INFO] Downloading from papermc: https://papermc.io/repo/repository/maven-public/org/apache/logging/logging-parent/3/logging-parent-3.pom
[INFO] Downloaded from papermc: https://papermc.io/repo/repository/maven-public/org/apache/logging/logging-parent/3/logging-parent-3.pom (3.1 kB at 11 kB/s)
[INFO] Downloading from papermc: https://papermc.io/repo/repository/maven-public/org/slf4j/slf4j-api/1.8.0-beta4/slf4j-api-1.8.0-beta4.pom
[INFO] Downloaded from papermc: https://papermc.io/repo/repository/maven-public/org/slf4j/slf4j-api/1.8.0-beta4/slf4j-api-1.8.0-beta4.pom (1.7 kB at 6.0 kB/s)
[INFO] Downloading from papermc: https://papermc.io/repo/repository/maven-public/org/slf4j/slf4j-parent/1.8.0-beta4/slf4j-parent-1.8.0-beta4.pom
[INFO] Downloaded from papermc: https://papermc.io/repo/repository/maven-public/org/slf4j/slf4j-parent/1.8.0-beta4/slf4j-parent-1.8.0-beta4.pom (17 kB at 61 kB/s)
[INFO] Downloading from papermc: https://papermc.io/repo/repository/maven-public/net/kyori/adventure-api/4.11.0/adventure-api-4.11.0.pom
[INFO] Downloaded from papermc: https://papermc.io/repo/repository/maven-public/net/kyori/adventure-api/4.11.0/adventure-api-4.11.0.pom (3.5 kB at 12 kB/s)
[INFO] Downloading from papermc: https://papermc.io/repo/repository/maven-public/net/kyori/adventure-key/4.11.0/adventure-key-4.11.0.pom
[INFO] Downloaded from papermc: https://papermc.io/repo/repository/maven-public/net/kyori/adventure-key/4.11.0/adventure-key-4.11.0.pom (3.3 kB at 12 kB/s)
[INFO] Downloading from papermc: https://papermc.io/repo/repository/maven-public/net/kyori/adventure-text-minimessage/4.11.0/adventure-text-minimessage-4.11.0.pom
[INFO] Downloaded from papermc: https://papermc.io/repo/repository/maven-public/net/kyori/adventure-text-minimessage/4.11.0/adventure-text-minimessage-4.11.0.pom (3.0 kB at 11 kB/s)
[INFO] Downloading from papermc: https://papermc.io/repo/repository/maven-public/net/kyori/adventure-text-serializer-gson/4.11.0/adventure-text-serializer-gson-4.11.0.pom
[INFO] Downloaded from papermc: https://papermc.io/repo/repository/maven-public/net/kyori/adventure-text-serializer-gson/4.11.0/adventure-text-serializer-gson-4.11.0.pom (3.1 kB at 11 kB/s)
[INFO] Downloading from papermc: https://papermc.io/repo/repository/maven-public/net/kyori/adventure-text-serializer-legacy/4.11.0/adventure-text-serializer-legacy-4.11.0.pom
[INFO] Downloaded from papermc: https://papermc.io/repo/repository/maven-public/net/kyori/adventure-text-serializer-legacy/4.11.0/adventure-text-serializer-legacy-4.11.0.pom (2.9 kB at 11 kB/s)
[INFO] Downloading from papermc: https://papermc.io/repo/repository/maven-public/net/kyori/adventure-text-serializer-plain/4.11.0/adventure-text-serializer-plain-4.11.0.pom
[INFO] Downloaded from papermc: https://papermc.io/repo/repository/maven-public/net/kyori/adventure-text-serializer-plain/4.11.0/adventure-text-serializer-plain-4.11.0.pom (2.9 kB at 10 kB/s)
[INFO] Downloading from papermc: https://papermc.io/repo/repository/maven-public/net/kyori/adventure-text-logger-slf4j/4.11.0/adventure-text-logger-slf4j-4.11.0.pom
[INFO] Downloaded from papermc: https://papermc.io/repo/repository/maven-public/net/kyori/adventure-text-logger-slf4j/4.11.0/adventure-text-logger-slf4j-4.11.0.pom (3.1 kB at 11 kB/s)
[INFO] Downloading from papermc: https://papermc.io/repo/repository/maven-public/org/slf4j/slf4j-api/1.7.36/slf4j-api-1.7.36.pom
[INFO] Downloaded from papermc: https://papermc.io/repo/repository/maven-public/org/slf4j/slf4j-api/1.7.36/slf4j-api-1.7.36.pom (2.7 kB at 10 kB/s)
[INFO] Downloading from papermc: https://papermc.io/repo/repository/maven-public/org/slf4j/slf4j-parent/1.7.36/slf4j-parent-1.7.36.pom
[INFO] Downloaded from papermc: https://papermc.io/repo/repository/maven-public/org/slf4j/slf4j-parent/1.7.36/slf4j-parent-1.7.36.pom (14 kB at 51 kB/s)
[INFO] Downloading from papermc: https://papermc.io/repo/repository/maven-public/org/checkerframework/checker-qual/3.21.0/checker-qual-3.21.0.pom
[INFO] Downloaded from papermc: https://papermc.io/repo/repository/maven-public/org/checkerframework/checker-qual/3.21.0/checker-qual-3.21.0.pom (2.1 kB at 7.6 kB/s)
[INFO] Downloading from papermc: https://papermc.io/repo/repository/maven-public/com/github/Slimefun/Slimefun4/2c4f886/Slimefun4-2c4f886.pom
[INFO] Downloading from jitpack.io: https://jitpack.io/com/github/Slimefun/Slimefun4/2c4f886/Slimefun4-2c4f886.pom
[INFO] Downloaded from jitpack.io: https://jitpack.io/com/github/Slimefun/Slimefun4/2c4f886/Slimefun4-2c4f886.pom (15 kB at 143 kB/s)
[INFO] Downloading from papermc: https://papermc.io/repo/repository/maven-public/org/bstats/bstats-bukkit/3.0.0/bstats-bukkit-3.0.0.pom
[INFO] Downloaded from papermc: https://papermc.io/repo/repository/maven-public/org/bstats/bstats-bukkit/3.0.0/bstats-bukkit-3.0.0.pom (1.7 kB at 6.1 kB/s)
[INFO] Downloading from papermc: https://papermc.io/repo/repository/maven-public/org/bstats/bstats-base/3.0.0/bstats-base-3.0.0.pom
[INFO] Downloaded from papermc: https://papermc.io/repo/repository/maven-public/org/bstats/bstats-base/3.0.0/bstats-base-3.0.0.pom (1.5 kB at 5.5 kB/s)
[INFO] Downloading from papermc: https://papermc.io/repo/repository/maven-public/com/google/code/findbugs/annotations/3.0.1u2/annotations-3.0.1u2.pom
[INFO] Downloaded from papermc: https://papermc.io/repo/repository/maven-public/com/google/code/findbugs/annotations/3.0.1u2/annotations-3.0.1u2.pom (7.0 kB at 25 kB/s)
[INFO] Downloading from papermc: https://papermc.io/repo/repository/maven-public/net/jcip/jcip-annotations/1.0/jcip-annotations-1.0.pom
[INFO] Downloaded from papermc: https://papermc.io/repo/repository/maven-public/net/jcip/jcip-annotations/1.0/jcip-annotations-1.0.pom (491 B at 1.7 kB/s)
[INFO] Downloading from papermc: https://papermc.io/repo/repository/maven-public/com/google/code/findbugs/jsr305/3.0.1/jsr305-3.0.1.pom
[INFO] Downloaded from papermc: https://papermc.io/repo/repository/maven-public/com/google/code/findbugs/jsr305/3.0.1/jsr305-3.0.1.pom (4.3 kB at 16 kB/s)
[INFO] Downloading from papermc: https://papermc.io/repo/repository/maven-public/de/jeff_media/MorePersistentDataTypes/1.0.0/MorePersistentDataTypes-1.0.0.pom
[INFO] Downloading from jitpack.io: https://jitpack.io/de/jeff_media/MorePersistentDataTypes/1.0.0/MorePersistentDataTypes-1.0.0.pom
[INFO] Downloading from mcmmo-repo: https://nexus.neetgames.com/repository/maven-public/de/jeff_media/MorePersistentDataTypes/1.0.0/MorePersistentDataTypes-1.0.0.pom
[INFO] Downloading from jeff-media-public: https://hub.jeff-media.com/nexus/repository/jeff-media-public/de/jeff_media/MorePersistentDataTypes/1.0.0/MorePersistentDataTypes-1.0.0.pom
[INFO] Downloaded from jeff-media-public: https://hub.jeff-media.com/nexus/repository/jeff-media-public/de/jeff_media/MorePersistentDataTypes/1.0.0/MorePersistentDataTypes-1.0.0.pom (4.8 kB at 12 kB/s)
[INFO] Downloading from papermc: https://papermc.io/repo/repository/maven-public/com/github/TheBusyBiscuit/ExoticGarden/a2c4b6d/ExoticGarden-a2c4b6d.pom
[INFO] Downloading from jitpack.io: https://jitpack.io/com/github/TheBusyBiscuit/ExoticGarden/a2c4b6d/ExoticGarden-a2c4b6d.pom
[INFO] Downloaded from jitpack.io: https://jitpack.io/com/github/TheBusyBiscuit/ExoticGarden/a2c4b6d/ExoticGarden-a2c4b6d.pom (3.5 kB at 45 kB/s)
[INFO] Downloading from papermc: https://papermc.io/repo/repository/maven-public/com/gmail/nossr50/mcMMO/mcMMO/2.1.217/mcMMO-2.1.217.pom
[INFO] Downloading from jitpack.io: https://jitpack.io/com/gmail/nossr50/mcMMO/mcMMO/2.1.217/mcMMO-2.1.217.pom
[INFO] Downloading from mcmmo-repo: https://nexus.neetgames.com/repository/maven-public/com/gmail/nossr50/mcMMO/mcMMO/2.1.217/mcMMO-2.1.217.pom
[INFO] Downloaded from mcmmo-repo: https://nexus.neetgames.com/repository/maven-public/com/gmail/nossr50/mcMMO/mcMMO/2.1.217/mcMMO-2.1.217.pom (12 kB at 69 kB/s)
[INFO] Downloading from papermc: https://papermc.io/repo/repository/maven-public/io/github/sefiraat/networks/MODIFIED_1.0.7/networks-MODIFIED_1.0.7.pom
[INFO] Downloading from jitpack.io: https://jitpack.io/io/github/sefiraat/networks/MODIFIED_1.0.7/networks-MODIFIED_1.0.7.pom
[INFO] Downloading from mcmmo-repo: https://nexus.neetgames.com/repository/maven-public/io/github/sefiraat/networks/MODIFIED_1.0.7/networks-MODIFIED_1.0.7.pom
[INFO] Downloading from jeff-media-public: https://hub.jeff-media.com/nexus/repository/jeff-media-public/io/github/sefiraat/networks/MODIFIED_1.0.7/networks-MODIFIED_1.0.7.pom
[INFO] Downloading from sefi-central: https://sefiraat.jfrog.io/artifactory/default-maven-local/io/github/sefiraat/networks/MODIFIED_1.0.7/networks-MODIFIED_1.0.7.pom
[INFO] Downloaded from sefi-central: https://sefiraat.jfrog.io/artifactory/default-maven-local/io/github/sefiraat/networks/MODIFIED_1.0.7/networks-MODIFIED_1.0.7.pom (5.1 kB at 31 kB/s)
[INFO] Downloading from papermc: https://papermc.io/repo/repository/maven-public/com/elmakers/mine/bukkit/EffectLib/9.4/EffectLib-9.4.pom
[INFO] Downloaded from papermc: https://papermc.io/repo/repository/maven-public/com/elmakers/mine/bukkit/EffectLib/9.4/EffectLib-9.4.pom (5.4 kB at 20 kB/s)
[INFO] Downloading from papermc: https://papermc.io/repo/repository/maven-public/com/bgsoftware/WildStackerAPI/2022.6/WildStackerAPI-2022.6.pom
[INFO] Downloading from jitpack.io: https://jitpack.io/com/bgsoftware/WildStackerAPI/2022.6/WildStackerAPI-2022.6.pom
[INFO] Downloading from mcmmo-repo: https://nexus.neetgames.com/repository/maven-public/com/bgsoftware/WildStackerAPI/2022.6/WildStackerAPI-2022.6.pom
[INFO] Downloading from jeff-media-public: https://hub.jeff-media.com/nexus/repository/jeff-media-public/com/bgsoftware/WildStackerAPI/2022.6/WildStackerAPI-2022.6.pom
[INFO] Downloading from sefi-central: https://sefiraat.jfrog.io/artifactory/default-maven-local/com/bgsoftware/WildStackerAPI/2022.6/WildStackerAPI-2022.6.pom
[INFO] Downloading from bg-repo: https://repo.bg-software.com/repository/api/com/bgsoftware/WildStackerAPI/2022.6/WildStackerAPI-2022.6.pom
[INFO] Downloaded from bg-repo: https://repo.bg-software.com/repository/api/com/bgsoftware/WildStackerAPI/2022.6/WildStackerAPI-2022.6.pom (760 B at 1.8 kB/s)
[INFO] Downloading from papermc: https://papermc.io/repo/repository/maven-public/dev/rosewood/rosestacker/1.5.1/rosestacker-1.5.1.pom
[INFO] Downloading from jitpack.io: https://jitpack.io/dev/rosewood/rosestacker/1.5.1/rosestacker-1.5.1.pom
[INFO] Downloading from mcmmo-repo: https://nexus.neetgames.com/repository/maven-public/dev/rosewood/rosestacker/1.5.1/rosestacker-1.5.1.pom
[INFO] Downloading from jeff-media-public: https://hub.jeff-media.com/nexus/repository/jeff-media-public/dev/rosewood/rosestacker/1.5.1/rosestacker-1.5.1.pom
[INFO] Downloading from sefi-central: https://sefiraat.jfrog.io/artifactory/default-maven-local/dev/rosewood/rosestacker/1.5.1/rosestacker-1.5.1.pom
[INFO] Downloading from bg-repo: https://repo.bg-software.com/repository/api/dev/rosewood/rosestacker/1.5.1/rosestacker-1.5.1.pom
[INFO] Downloading from rosewood-repo: https://repo.rosewooddev.io/repository/public/dev/rosewood/rosestacker/1.5.1/rosestacker-1.5.1.pom
[INFO] Downloaded from rosewood-repo: https://repo.rosewooddev.io/repository/public/dev/rosewood/rosestacker/1.5.1/rosestacker-1.5.1.pom (438 B at 2.2 kB/s)
[INFO] Downloading from papermc: https://papermc.io/repo/repository/maven-public/com/github/Sefiraat/Netheopoiesis/8d1af6c570/Netheopoiesis-8d1af6c570.pom
[INFO] Downloading from jitpack.io: https://jitpack.io/com/github/Sefiraat/Netheopoiesis/8d1af6c570/Netheopoiesis-8d1af6c570.pom
[INFO] Downloaded from jitpack.io: https://jitpack.io/com/github/Sefiraat/Netheopoiesis/8d1af6c570/Netheopoiesis-8d1af6c570.pom (5.1 kB at 64 kB/s)
[INFO] Downloading from papermc: https://papermc.io/repo/repository/maven-public/io/github/SlimeTraditionalTranslation/InfinityLib/2135234/InfinityLib-2135234.pom
[INFO] Downloading from jitpack.io: https://jitpack.io/io/github/SlimeTraditionalTranslation/InfinityLib/2135234/InfinityLib-2135234.pom
[INFO] Downloaded from jitpack.io: https://jitpack.io/io/github/SlimeTraditionalTranslation/InfinityLib/2135234/InfinityLib-2135234.pom (6.0 kB at 71 kB/s)
[INFO] Downloading from papermc: https://papermc.io/repo/repository/maven-public/io/papermc/paper/paper-api/1.19-R0.1-SNAPSHOT/paper-api-1.19-R0.1-20220725.172700-79.jar
[INFO] Downloading from papermc: https://papermc.io/repo/repository/maven-public/com/google/guava/guava/31.0.1-jre/guava-31.0.1-jre.jar
[INFO] Downloading from papermc: https://papermc.io/repo/repository/maven-public/com/google/guava/failureaccess/1.0.1/failureaccess-1.0.1.jar
[INFO] Downloading from papermc: https://papermc.io/repo/repository/maven-public/com/google/guava/listenablefuture/9999.0-empty-to-avoid-conflict-with-guava/listenablefuture-9999.0-empty-to-avoid-conflict-with-guava.jar
[INFO] Downloading from papermc: https://papermc.io/repo/repository/maven-public/com/google/errorprone/error_prone_annotations/2.7.1/error_prone_annotations-2.7.1.jar
[INFO] Downloaded from papermc: https://papermc.io/repo/repository/maven-public/io/papermc/paper/paper-api/1.19-R0.1-SNAPSHOT/paper-api-1.19-R0.1-20220725.172700-79.jar (1.8 MB at 5.4 MB/s)
[INFO] Downloading from papermc: https://papermc.io/repo/repository/maven-public/com/google/j2objc/j2objc-annotations/1.3/j2objc-annotations-1.3.jar
[INFO] Downloaded from papermc: https://papermc.io/repo/repository/maven-public/com/google/j2objc/j2objc-annotations/1.3/j2objc-annotations-1.3.jar (8.8 kB at 18 kB/s)
[INFO] Downloading from papermc: https://papermc.io/repo/repository/maven-public/com/google/code/gson/gson/2.8.9/gson-2.8.9.jar
[INFO] Downloaded from papermc: https://papermc.io/repo/repository/maven-public/com/google/guava/failureaccess/1.0.1/failureaccess-1.0.1.jar (4.6 kB at 8.4 kB/s)
[INFO] Downloading from papermc: https://papermc.io/repo/repository/maven-public/net/md-5/bungeecord-chat/1.16-R0.4-deprecated+build.6/bungeecord-chat-1.16-R0.4-deprecated+build.6.jar
[INFO] Downloaded from papermc: https://papermc.io/repo/repository/maven-public/com/google/errorprone/error_prone_annotations/2.7.1/error_prone_annotations-2.7.1.jar (15 kB at 23 kB/s)
[INFO] Downloading from papermc: https://papermc.io/repo/repository/maven-public/org/yaml/snakeyaml/1.30/snakeyaml-1.30.jar
[INFO] Downloaded from papermc: https://papermc.io/repo/repository/maven-public/com/google/guava/listenablefuture/9999.0-empty-to-avoid-conflict-with-guava/listenablefuture-9999.0-empty-to-avoid-conflict-with-guava.jar (2.2 kB at 3.3 kB/s)
[INFO] Downloading from papermc: https://papermc.io/repo/repository/maven-public/com/googlecode/json-simple/json-simple/1.1.1/json-simple-1.1.1.jar
[INFO] Downloaded from papermc: https://papermc.io/repo/repository/maven-public/com/google/guava/guava/31.0.1-jre/guava-31.0.1-jre.jar (3.0 MB at 3.9 MB/s)
[INFO] Downloading from papermc: https://papermc.io/repo/repository/maven-public/it/unimi/dsi/fastutil/8.5.6/fastutil-8.5.6.jar
[INFO] Downloaded from papermc: https://papermc.io/repo/repository/maven-public/com/google/code/gson/gson/2.8.9/gson-2.8.9.jar (258 kB at 328 kB/s)
[INFO] Downloading from papermc: https://papermc.io/repo/repository/maven-public/org/apache/logging/log4j/log4j-api/2.17.1/log4j-api-2.17.1.jar
[INFO] Downloaded from papermc: https://papermc.io/repo/repository/maven-public/com/googlecode/json-simple/json-simple/1.1.1/json-simple-1.1.1.jar (24 kB at 30 kB/s)
[INFO] Downloading from papermc: https://papermc.io/repo/repository/maven-public/org/slf4j/slf4j-api/1.8.0-beta4/slf4j-api-1.8.0-beta4.jar
[INFO] Downloaded from papermc: https://papermc.io/repo/repository/maven-public/org/apache/logging/log4j/log4j-api/2.17.1/log4j-api-2.17.1.jar (302 kB at 318 kB/s)
[INFO] Downloading from papermc: https://papermc.io/repo/repository/maven-public/net/kyori/adventure-api/4.11.0/adventure-api-4.11.0.jar
[INFO] Downloaded from papermc: https://papermc.io/repo/repository/maven-public/org/yaml/snakeyaml/1.30/snakeyaml-1.30.jar (332 kB at 336 kB/s)
[INFO] Downloading from papermc: https://papermc.io/repo/repository/maven-public/net/kyori/adventure-key/4.11.0/adventure-key-4.11.0.jar
[INFO] Downloaded from papermc: https://papermc.io/repo/repository/maven-public/org/slf4j/slf4j-api/1.8.0-beta4/slf4j-api-1.8.0-beta4.jar (44 kB at 42 kB/s)
[INFO] Downloading from papermc: https://papermc.io/repo/repository/maven-public/net/kyori/adventure-text-minimessage/4.11.0/adventure-text-minimessage-4.11.0.jar
[INFO] Downloaded from papermc: https://papermc.io/repo/repository/maven-public/net/md-5/bungeecord-chat/1.16-R0.4-deprecated+build.6/bungeecord-chat-1.16-R0.4-deprecated+build.6.jar (151 kB at 128 kB/s)
[INFO] Downloading from papermc: https://papermc.io/repo/repository/maven-public/net/kyori/adventure-text-serializer-gson/4.11.0/adventure-text-serializer-gson-4.11.0.jar
[INFO] Downloaded from papermc: https://papermc.io/repo/repository/maven-public/net/kyori/adventure-api/4.11.0/adventure-api-4.11.0.jar (318 kB at 262 kB/s)
[INFO] Downloading from papermc: https://papermc.io/repo/repository/maven-public/net/kyori/adventure-text-serializer-legacy/4.11.0/adventure-text-serializer-legacy-4.11.0.jar
[INFO] Downloaded from papermc: https://papermc.io/repo/repository/maven-public/net/kyori/adventure-key/4.11.0/adventure-key-4.11.0.jar (8.4 kB at 6.6 kB/s)
[INFO] Downloading from papermc: https://papermc.io/repo/repository/maven-public/net/kyori/adventure-text-serializer-plain/4.11.0/adventure-text-serializer-plain-4.11.0.jar
[INFO] Downloaded from papermc: https://papermc.io/repo/repository/maven-public/net/kyori/adventure-text-minimessage/4.11.0/adventure-text-minimessage-4.11.0.jar (150 kB at 114 kB/s)
[INFO] Downloading from papermc: https://papermc.io/repo/repository/maven-public/net/kyori/adventure-text-logger-slf4j/4.11.0/adventure-text-logger-slf4j-4.11.0.jar
[INFO] Downloaded from papermc: https://papermc.io/repo/repository/maven-public/net/kyori/adventure-text-serializer-gson/4.11.0/adventure-text-serializer-gson-4.11.0.jar (39 kB at 27 kB/s)
[INFO] Downloading from papermc: https://papermc.io/repo/repository/maven-public/org/checkerframework/checker-qual/3.21.0/checker-qual-3.21.0.jar
[INFO] Downloaded from papermc: https://papermc.io/repo/repository/maven-public/net/kyori/adventure-text-serializer-legacy/4.11.0/adventure-text-serializer-legacy-4.11.0.jar (24 kB at 16 kB/s)
[INFO] Downloading from papermc: https://papermc.io/repo/repository/maven-public/com/github/Slimefun/Slimefun4/2c4f886/Slimefun4-2c4f886.jar
[INFO] Downloaded from papermc: https://papermc.io/repo/repository/maven-public/net/kyori/adventure-text-serializer-plain/4.11.0/adventure-text-serializer-plain-4.11.0.jar (13 kB at 8.5 kB/s)
[INFO] Downloading from papermc: https://papermc.io/repo/repository/maven-public/org/bstats/bstats-bukkit/3.0.0/bstats-bukkit-3.0.0.jar
[INFO] Downloaded from papermc: https://papermc.io/repo/repository/maven-public/net/kyori/adventure-text-logger-slf4j/4.11.0/adventure-text-logger-slf4j-4.11.0.jar (20 kB at 12 kB/s)
[INFO] Downloading from papermc: https://papermc.io/repo/repository/maven-public/org/bstats/bstats-base/3.0.0/bstats-base-3.0.0.jar
[INFO] Downloaded from papermc: https://papermc.io/repo/repository/maven-public/org/checkerframework/checker-qual/3.21.0/checker-qual-3.21.0.jar (222 kB at 140 kB/s)
[INFO] Downloading from papermc: https://papermc.io/repo/repository/maven-public/com/google/code/findbugs/annotations/3.0.1u2/annotations-3.0.1u2.jar
[INFO] Downloading from papermc: https://papermc.io/repo/repository/maven-public/net/jcip/jcip-annotations/1.0/jcip-annotations-1.0.jar
[INFO] Downloaded from papermc: https://papermc.io/repo/repository/maven-public/org/bstats/bstats-base/3.0.0/bstats-base-3.0.0.jar (22 kB at 13 kB/s)
[INFO] Downloading from papermc: https://papermc.io/repo/repository/maven-public/com/google/code/findbugs/jsr305/3.0.1/jsr305-3.0.1.jar
[INFO] Downloaded from papermc: https://papermc.io/repo/repository/maven-public/org/bstats/bstats-bukkit/3.0.0/bstats-bukkit-3.0.0.jar (4.1 kB at 2.3 kB/s)
[INFO] Downloading from papermc: https://papermc.io/repo/repository/maven-public/de/jeff_media/MorePersistentDataTypes/1.0.0/MorePersistentDataTypes-1.0.0.jar
[INFO] Downloaded from papermc: https://papermc.io/repo/repository/maven-public/net/jcip/jcip-annotations/1.0/jcip-annotations-1.0.jar (2.3 kB at 1.2 kB/s)
[INFO] Downloading from papermc: https://papermc.io/repo/repository/maven-public/com/github/TheBusyBiscuit/ExoticGarden/a2c4b6d/ExoticGarden-a2c4b6d.jar
[INFO] Downloaded from papermc: https://papermc.io/repo/repository/maven-public/it/unimi/dsi/fastutil/8.5.6/fastutil-8.5.6.jar (24 MB at 13 MB/s)
[INFO] Downloading from papermc: https://papermc.io/repo/repository/maven-public/com/gmail/nossr50/mcMMO/mcMMO/2.1.217/mcMMO-2.1.217.jar
[INFO] Downloading from papermc: https://papermc.io/repo/repository/maven-public/io/github/sefiraat/networks/MODIFIED_1.0.7/networks-MODIFIED_1.0.7.jar
[INFO] Downloaded from papermc: https://papermc.io/repo/repository/maven-public/com/google/code/findbugs/annotations/3.0.1u2/annotations-3.0.1u2.jar (40 kB at 21 kB/s)
[INFO] Downloading from papermc: https://papermc.io/repo/repository/maven-public/com/elmakers/mine/bukkit/EffectLib/9.4/EffectLib-9.4.jar
[INFO] Downloaded from papermc: https://papermc.io/repo/repository/maven-public/com/google/code/findbugs/jsr305/3.0.1/jsr305-3.0.1.jar (20 kB at 10.0 kB/s)
[INFO] Downloading from papermc: https://papermc.io/repo/repository/maven-public/com/bgsoftware/WildStackerAPI/2022.6/WildStackerAPI-2022.6.jar
[INFO] Downloading from papermc: https://papermc.io/repo/repository/maven-public/dev/rosewood/rosestacker/1.5.1/rosestacker-1.5.1.jar
[INFO] Downloading from papermc: https://papermc.io/repo/repository/maven-public/com/github/Sefiraat/Netheopoiesis/8d1af6c570/Netheopoiesis-8d1af6c570.jar
[INFO] Downloading from papermc: https://papermc.io/repo/repository/maven-public/io/github/SlimeTraditionalTranslation/InfinityLib/2135234/InfinityLib-2135234.jar
[INFO] Downloaded from papermc: https://papermc.io/repo/repository/maven-public/com/elmakers/mine/bukkit/EffectLib/9.4/EffectLib-9.4.jar (211 kB at 98 kB/s)
[INFO] Downloading from jitpack.io: https://jitpack.io/com/github/Slimefun/Slimefun4/2c4f886/Slimefun4-2c4f886.jar
[INFO] Downloading from jitpack.io: https://jitpack.io/de/jeff_media/MorePersistentDataTypes/1.0.0/MorePersistentDataTypes-1.0.0.jar
[INFO] Downloading from jitpack.io: https://jitpack.io/com/github/TheBusyBiscuit/ExoticGarden/a2c4b6d/ExoticGarden-a2c4b6d.jar
[INFO] Downloading from jitpack.io: https://jitpack.io/com/gmail/nossr50/mcMMO/mcMMO/2.1.217/mcMMO-2.1.217.jar
[INFO] Downloading from jitpack.io: https://jitpack.io/io/github/sefiraat/networks/MODIFIED_1.0.7/networks-MODIFIED_1.0.7.jar
[INFO] Downloading from jitpack.io: https://jitpack.io/com/bgsoftware/WildStackerAPI/2022.6/WildStackerAPI-2022.6.jar
[INFO] Downloading from jitpack.io: https://jitpack.io/dev/rosewood/rosestacker/1.5.1/rosestacker-1.5.1.jar
[INFO] Downloading from jitpack.io: https://jitpack.io/com/github/Sefiraat/Netheopoiesis/8d1af6c570/Netheopoiesis-8d1af6c570.jar
[INFO] Downloading from jitpack.io: https://jitpack.io/io/github/SlimeTraditionalTranslation/InfinityLib/2135234/InfinityLib-2135234.jar
[INFO] Downloaded from jitpack.io: https://jitpack.io/com/github/Slimefun/Slimefun4/2c4f886/Slimefun4-2c4f886.jar (4.7 MB at 38 MB/s)
[INFO] Downloaded from jitpack.io: https://jitpack.io/com/github/TheBusyBiscuit/ExoticGarden/a2c4b6d/ExoticGarden-a2c4b6d.jar (131 kB at 832 kB/s)
[INFO] Downloaded from jitpack.io: https://jitpack.io/io/github/SlimeTraditionalTranslation/InfinityLib/2135234/InfinityLib-2135234.jar (91 kB at 439 kB/s)
[INFO] Downloaded from jitpack.io: https://jitpack.io/com/github/Sefiraat/Netheopoiesis/8d1af6c570/Netheopoiesis-8d1af6c570.jar (892 kB at 4.2 MB/s)
[INFO] Downloading from mcmmo-repo: https://nexus.neetgames.com/repository/maven-public/de/jeff_media/MorePersistentDataTypes/1.0.0/MorePersistentDataTypes-1.0.0.jar
[INFO] Downloading from mcmmo-repo: https://nexus.neetgames.com/repository/maven-public/dev/rosewood/rosestacker/1.5.1/rosestacker-1.5.1.jar
[INFO] Downloading from mcmmo-repo: https://nexus.neetgames.com/repository/maven-public/com/gmail/nossr50/mcMMO/mcMMO/2.1.217/mcMMO-2.1.217.jar
[INFO] Downloading from mcmmo-repo: https://nexus.neetgames.com/repository/maven-public/io/github/sefiraat/networks/MODIFIED_1.0.7/networks-MODIFIED_1.0.7.jar
[INFO] Downloading from mcmmo-repo: https://nexus.neetgames.com/repository/maven-public/com/bgsoftware/WildStackerAPI/2022.6/WildStackerAPI-2022.6.jar
[INFO] Downloaded from mcmmo-repo: https://nexus.neetgames.com/repository/maven-public/com/gmail/nossr50/mcMMO/mcMMO/2.1.217/mcMMO-2.1.217.jar (2.9 MB at 2.7 MB/s)
[INFO] Downloading from jeff-media-public: https://hub.jeff-media.com/nexus/repository/jeff-media-public/de/jeff_media/MorePersistentDataTypes/1.0.0/MorePersistentDataTypes-1.0.0.jar
[INFO] Downloading from jeff-media-public: https://hub.jeff-media.com/nexus/repository/jeff-media-public/dev/rosewood/rosestacker/1.5.1/rosestacker-1.5.1.jar
[INFO] Downloading from jeff-media-public: https://hub.jeff-media.com/nexus/repository/jeff-media-public/com/bgsoftware/WildStackerAPI/2022.6/WildStackerAPI-2022.6.jar
[INFO] Downloading from jeff-media-public: https://hub.jeff-media.com/nexus/repository/jeff-media-public/io/github/sefiraat/networks/MODIFIED_1.0.7/networks-MODIFIED_1.0.7.jar
[INFO] Downloaded from jeff-media-public: https://hub.jeff-media.com/nexus/repository/jeff-media-public/de/jeff_media/MorePersistentDataTypes/1.0.0/MorePersistentDataTypes-1.0.0.jar (23 kB at 48 kB/s)
[INFO] Downloading from sefi-central: https://sefiraat.jfrog.io/artifactory/default-maven-local/io/github/sefiraat/networks/MODIFIED_1.0.7/networks-MODIFIED_1.0.7.jar
[INFO] Downloading from sefi-central: https://sefiraat.jfrog.io/artifactory/default-maven-local/com/bgsoftware/WildStackerAPI/2022.6/WildStackerAPI-2022.6.jar
[INFO] Downloading from sefi-central: https://sefiraat.jfrog.io/artifactory/default-maven-local/dev/rosewood/rosestacker/1.5.1/rosestacker-1.5.1.jar
[INFO] Downloaded from sefi-central: https://sefiraat.jfrog.io/artifactory/default-maven-local/io/github/sefiraat/networks/MODIFIED_1.0.7/networks-MODIFIED_1.0.7.jar (326 kB at 338 kB/s)
[INFO] Downloading from bg-repo: https://repo.bg-software.com/repository/api/com/bgsoftware/WildStackerAPI/2022.6/WildStackerAPI-2022.6.jar
[INFO] Downloading from bg-repo: https://repo.bg-software.com/repository/api/dev/rosewood/rosestacker/1.5.1/rosestacker-1.5.1.jar
[INFO] Downloaded from bg-repo: https://repo.bg-software.com/repository/api/com/bgsoftware/WildStackerAPI/2022.6/WildStackerAPI-2022.6.jar (41 kB at 69 kB/s)
[INFO] Downloading from rosewood-repo: https://repo.rosewooddev.io/repository/public/dev/rosewood/rosestacker/1.5.1/rosestacker-1.5.1.jar
[INFO] Downloaded from rosewood-repo: https://repo.rosewooddev.io/repository/public/dev/rosewood/rosestacker/1.5.1/rosestacker-1.5.1.jar (979 kB at 1.7 MB/s)
[INFO] 
[INFO] --- maven-clean-plugin:2.5:clean (default-clean) @ CrystamaeHistoria ---
[INFO] 
[INFO] --- maven-resources-plugin:2.6:resources (default-resources) @ CrystamaeHistoria ---
[INFO] Using 'UTF-8' encoding to copy filtered resources.
[INFO] Copying 18 resources
[INFO] 
[INFO] --- maven-compiler-plugin:3.1:compile (default-compile) @ CrystamaeHistoria ---
[INFO] Downloading from central: https://repo.maven.apache.org/maven2/org/codehaus/plexus/plexus-utils/1.5.1/plexus-utils-1.5.1.pom
[INFO] Downloaded from central: https://repo.maven.apache.org/maven2/org/codehaus/plexus/plexus-utils/1.5.1/plexus-utils-1.5.1.pom (2.3 kB at 121 kB/s)
[INFO] Downloading from central: https://repo.maven.apache.org/maven2/org/apache/maven/maven-toolchain/1.0/maven-toolchain-1.0.pom
[INFO] Downloaded from central: https://repo.maven.apache.org/maven2/org/apache/maven/maven-toolchain/1.0/maven-toolchain-1.0.pom (3.4 kB at 244 kB/s)
[INFO] Downloading from central: https://repo.maven.apache.org/maven2/org/codehaus/plexus/plexus-component-annotations/1.5.5/plexus-component-annotations-1.5.5.pom
[INFO] Downloaded from central: https://repo.maven.apache.org/maven2/org/codehaus/plexus/plexus-component-annotations/1.5.5/plexus-component-annotations-1.5.5.pom (815 B at 63 kB/s)
[INFO] Downloading from central: https://repo.maven.apache.org/maven2/org/codehaus/plexus/plexus-containers/1.5.5/plexus-containers-1.5.5.pom
[INFO] Downloaded from central: https://repo.maven.apache.org/maven2/org/codehaus/plexus/plexus-containers/1.5.5/plexus-containers-1.5.5.pom (4.2 kB at 283 kB/s)
[INFO] Downloading from central: https://repo.maven.apache.org/maven2/org/codehaus/plexus/plexus-compiler-api/2.2/plexus-compiler-api-2.2.pom
[INFO] Downloaded from central: https://repo.maven.apache.org/maven2/org/codehaus/plexus/plexus-compiler-api/2.2/plexus-compiler-api-2.2.pom (865 B at 67 kB/s)
[INFO] Downloading from central: https://repo.maven.apache.org/maven2/org/codehaus/plexus/plexus-compiler/2.2/plexus-compiler-2.2.pom
[INFO] Downloaded from central: https://repo.maven.apache.org/maven2/org/codehaus/plexus/plexus-compiler/2.2/plexus-compiler-2.2.pom (3.6 kB at 213 kB/s)
[INFO] Downloading from central: https://repo.maven.apache.org/maven2/org/codehaus/plexus/plexus-components/1.3.1/plexus-components-1.3.1.pom
[INFO] Downloaded from central: https://repo.maven.apache.org/maven2/org/codehaus/plexus/plexus-components/1.3.1/plexus-components-1.3.1.pom (3.1 kB at 236 kB/s)
[INFO] Downloading from central: https://repo.maven.apache.org/maven2/org/codehaus/plexus/plexus-compiler-manager/2.2/plexus-compiler-manager-2.2.pom
[INFO] Downloaded from central: https://repo.maven.apache.org/maven2/org/codehaus/plexus/plexus-compiler-manager/2.2/plexus-compiler-manager-2.2.pom (690 B at 53 kB/s)
[INFO] Downloading from central: https://repo.maven.apache.org/maven2/org/codehaus/plexus/plexus-compiler-javac/2.2/plexus-compiler-javac-2.2.pom
[INFO] Downloaded from central: https://repo.maven.apache.org/maven2/org/codehaus/plexus/plexus-compiler-javac/2.2/plexus-compiler-javac-2.2.pom (769 B at 51 kB/s)
[INFO] Downloading from central: https://repo.maven.apache.org/maven2/org/codehaus/plexus/plexus-compilers/2.2/plexus-compilers-2.2.pom
[INFO] Downloaded from central: https://repo.maven.apache.org/maven2/org/codehaus/plexus/plexus-compilers/2.2/plexus-compilers-2.2.pom (1.2 kB at 95 kB/s)
[INFO] Downloading from central: https://repo.maven.apache.org/maven2/org/codehaus/plexus/plexus-container-default/1.5.5/plexus-container-default-1.5.5.pom
[INFO] Downloaded from central: https://repo.maven.apache.org/maven2/org/codehaus/plexus/plexus-container-default/1.5.5/plexus-container-default-1.5.5.pom (2.8 kB at 212 kB/s)
[INFO] Downloading from central: https://repo.maven.apache.org/maven2/org/codehaus/plexus/plexus-utils/1.4.5/plexus-utils-1.4.5.pom
[INFO] Downloaded from central: https://repo.maven.apache.org/maven2/org/codehaus/plexus/plexus-utils/1.4.5/plexus-utils-1.4.5.pom (2.3 kB at 162 kB/s)
[INFO] Downloading from central: https://repo.maven.apache.org/maven2/org/codehaus/plexus/plexus-classworlds/2.2.2/plexus-classworlds-2.2.2.pom
[INFO] Downloaded from central: https://repo.maven.apache.org/maven2/org/codehaus/plexus/plexus-classworlds/2.2.2/plexus-classworlds-2.2.2.pom (4.0 kB at 310 kB/s)
[INFO] Downloading from central: https://repo.maven.apache.org/maven2/org/apache/xbean/xbean-reflect/3.4/xbean-reflect-3.4.pom
[INFO] Downloaded from central: https://repo.maven.apache.org/maven2/org/apache/xbean/xbean-reflect/3.4/xbean-reflect-3.4.pom (2.8 kB at 216 kB/s)
[INFO] Downloading from central: https://repo.maven.apache.org/maven2/org/apache/xbean/xbean/3.4/xbean-3.4.pom
[INFO] Downloaded from central: https://repo.maven.apache.org/maven2/org/apache/xbean/xbean/3.4/xbean-3.4.pom (19 kB at 1.2 MB/s)
[INFO] Downloading from central: https://repo.maven.apache.org/maven2/log4j/log4j/1.2.12/log4j-1.2.12.pom
[INFO] Downloaded from central: https://repo.maven.apache.org/maven2/log4j/log4j/1.2.12/log4j-1.2.12.pom (145 B at 10 kB/s)
[INFO] Downloading from central: https://repo.maven.apache.org/maven2/commons-logging/commons-logging-api/1.1/commons-logging-api-1.1.pom
[INFO] Downloaded from central: https://repo.maven.apache.org/maven2/commons-logging/commons-logging-api/1.1/commons-logging-api-1.1.pom (5.3 kB at 411 kB/s)
[INFO] Downloading from central: https://repo.maven.apache.org/maven2/com/google/collections/google-collections/1.0/google-collections-1.0.pom
[INFO] Downloaded from central: https://repo.maven.apache.org/maven2/com/google/collections/google-collections/1.0/google-collections-1.0.pom (2.5 kB at 191 kB/s)
[INFO] Downloading from central: https://repo.maven.apache.org/maven2/com/google/google/1/google-1.pom
[INFO] Downloaded from central: https://repo.maven.apache.org/maven2/com/google/google/1/google-1.pom (1.6 kB at 120 kB/s)
[INFO] Downloading from central: https://repo.maven.apache.org/maven2/junit/junit/3.8.2/junit-3.8.2.pom
[INFO] Downloaded from central: https://repo.maven.apache.org/maven2/junit/junit/3.8.2/junit-3.8.2.pom (747 B at 57 kB/s)
[INFO] Downloading from central: https://repo.maven.apache.org/maven2/org/codehaus/plexus/plexus-utils/1.5.1/plexus-utils-1.5.1.jar
[INFO] Downloading from central: https://repo.maven.apache.org/maven2/org/apache/maven/maven-toolchain/1.0/maven-toolchain-1.0.jar
[INFO] Downloading from central: https://repo.maven.apache.org/maven2/org/apache/maven/shared/maven-shared-utils/0.1/maven-shared-utils-0.1.jar
[INFO] Downloading from central: https://repo.maven.apache.org/maven2/com/google/code/findbugs/jsr305/2.0.1/jsr305-2.0.1.jar
[INFO] Downloading from central: https://repo.maven.apache.org/maven2/org/codehaus/plexus/plexus-component-annotations/1.5.5/plexus-component-annotations-1.5.5.jar
[INFO] Downloaded from central: https://repo.maven.apache.org/maven2/org/codehaus/plexus/plexus-utils/1.5.1/plexus-utils-1.5.1.jar (211 kB at 11 MB/s)
[INFO] Downloading from central: https://repo.maven.apache.org/maven2/org/codehaus/plexus/plexus-compiler-api/2.2/plexus-compiler-api-2.2.jar
[INFO] Downloaded from central: https://repo.maven.apache.org/maven2/org/codehaus/plexus/plexus-compiler-api/2.2/plexus-compiler-api-2.2.jar (25 kB at 1.3 MB/s)
[INFO] Downloading from central: https://repo.maven.apache.org/maven2/org/codehaus/plexus/plexus-compiler-manager/2.2/plexus-compiler-manager-2.2.jar
[INFO] Downloaded from central: https://repo.maven.apache.org/maven2/org/apache/maven/maven-toolchain/1.0/maven-toolchain-1.0.jar (33 kB at 844 kB/s)
[INFO] Downloading from central: https://repo.maven.apache.org/maven2/org/codehaus/plexus/plexus-compiler-javac/2.2/plexus-compiler-javac-2.2.jar
[INFO] Downloaded from central: https://repo.maven.apache.org/maven2/org/apache/maven/shared/maven-shared-utils/0.1/maven-shared-utils-0.1.jar (155 kB at 3.9 MB/s)
[INFO] Downloading from central: https://repo.maven.apache.org/maven2/org/codehaus/plexus/plexus-container-default/1.5.5/plexus-container-default-1.5.5.jar
[INFO] Downloaded from central: https://repo.maven.apache.org/maven2/org/codehaus/plexus/plexus-component-annotations/1.5.5/plexus-component-annotations-1.5.5.jar (4.2 kB at 108 kB/s)
[INFO] Downloading from central: https://repo.maven.apache.org/maven2/org/codehaus/plexus/plexus-classworlds/2.2.2/plexus-classworlds-2.2.2.jar
[INFO] Downloaded from central: https://repo.maven.apache.org/maven2/org/codehaus/plexus/plexus-compiler-manager/2.2/plexus-compiler-manager-2.2.jar (4.6 kB at 147 kB/s)
[INFO] Downloading from central: https://repo.maven.apache.org/maven2/org/apache/xbean/xbean-reflect/3.4/xbean-reflect-3.4.jar
[INFO] Downloaded from central: https://repo.maven.apache.org/maven2/com/google/code/findbugs/jsr305/2.0.1/jsr305-2.0.1.jar (32 kB at 724 kB/s)
[INFO] Downloading from central: https://repo.maven.apache.org/maven2/log4j/log4j/1.2.12/log4j-1.2.12.jar
[INFO] Downloaded from central: https://repo.maven.apache.org/maven2/org/codehaus/plexus/plexus-compiler-javac/2.2/plexus-compiler-javac-2.2.jar (19 kB at 486 kB/s)
[INFO] Downloading from central: https://repo.maven.apache.org/maven2/commons-logging/commons-logging-api/1.1/commons-logging-api-1.1.jar
[INFO] Downloaded from central: https://repo.maven.apache.org/maven2/org/codehaus/plexus/plexus-classworlds/2.2.2/plexus-classworlds-2.2.2.jar (46 kB at 1.1 MB/s)
[INFO] Downloading from central: https://repo.maven.apache.org/maven2/com/google/collections/google-collections/1.0/google-collections-1.0.jar
[INFO] Downloaded from central: https://repo.maven.apache.org/maven2/org/apache/xbean/xbean-reflect/3.4/xbean-reflect-3.4.jar (134 kB at 3.0 MB/s)
[INFO] Downloading from central: https://repo.maven.apache.org/maven2/junit/junit/3.8.2/junit-3.8.2.jar
[INFO] Downloaded from central: https://repo.maven.apache.org/maven2/commons-logging/commons-logging-api/1.1/commons-logging-api-1.1.jar (45 kB at 858 kB/s)
[INFO] Downloaded from central: https://repo.maven.apache.org/maven2/org/codehaus/plexus/plexus-container-default/1.5.5/plexus-container-default-1.5.5.jar (217 kB at 3.9 MB/s)
[INFO] Downloaded from central: https://repo.maven.apache.org/maven2/log4j/log4j/1.2.12/log4j-1.2.12.jar (358 kB at 6.0 MB/s)
[INFO] Downloaded from central: https://repo.maven.apache.org/maven2/junit/junit/3.8.2/junit-3.8.2.jar (121 kB at 2.0 MB/s)
[INFO] Downloaded from central: https://repo.maven.apache.org/maven2/com/google/collections/google-collections/1.0/google-collections-1.0.jar (640 kB at 9.8 MB/s)
[INFO] Changes detected - recompiling the module!
[INFO] Compiling 255 source files to /home/runner/work/builds/builds/SlimeTraditionalTranslation/CrystamaeHistoria/master/files/target/classes
[WARNING] /home/runner/work/builds/builds/SlimeTraditionalTranslation/CrystamaeHistoria/master/files/src/main/java/io/github/sefiraat/crystamaehistoria/magic/spells/core/InstancePlate.java: Some input files use or override a deprecated API.
[WARNING] /home/runner/work/builds/builds/SlimeTraditionalTranslation/CrystamaeHistoria/master/files/src/main/java/io/github/sefiraat/crystamaehistoria/magic/spells/core/InstancePlate.java: Recompile with -Xlint:deprecation for details.
[WARNING] /home/runner/work/builds/builds/SlimeTraditionalTranslation/CrystamaeHistoria/master/files/src/main/java/io/github/sefiraat/crystamaehistoria/utils/SpellUtils.java: Some input files use or override a deprecated API that is marked for removal.
[WARNING] /home/runner/work/builds/builds/SlimeTraditionalTranslation/CrystamaeHistoria/master/files/src/main/java/io/github/sefiraat/crystamaehistoria/utils/SpellUtils.java: Recompile with -Xlint:removal for details.
[WARNING] /home/runner/work/builds/builds/SlimeTraditionalTranslation/CrystamaeHistoria/master/files/src/main/java/io/github/sefiraat/crystamaehistoria/utils/mobgoals/AbstractGoal.java: Some input files use unchecked or unsafe operations.
[WARNING] /home/runner/work/builds/builds/SlimeTraditionalTranslation/CrystamaeHistoria/master/files/src/main/java/io/github/sefiraat/crystamaehistoria/utils/mobgoals/AbstractGoal.java: Recompile with -Xlint:unchecked for details.
[INFO] 
[INFO] --- maven-resources-plugin:2.6:testResources (default-testResources) @ CrystamaeHistoria ---
[INFO] Using 'UTF-8' encoding to copy filtered resources.
[INFO] skip non existing resourceDirectory /home/runner/work/builds/builds/SlimeTraditionalTranslation/CrystamaeHistoria/master/files/src/test/resources
[INFO] 
[INFO] --- maven-compiler-plugin:3.1:testCompile (default-testCompile) @ CrystamaeHistoria ---
[INFO] No sources to compile
[INFO] 
[INFO] --- maven-surefire-plugin:2.12.4:test (default-test) @ CrystamaeHistoria ---
[INFO] No tests to run.
[INFO] 
[INFO] --- maven-jar-plugin:2.4:jar (default-jar) @ CrystamaeHistoria ---
[INFO] Building jar: /home/runner/work/builds/builds/SlimeTraditionalTranslation/CrystamaeHistoria/master/files/target/CrystamaeHistoria-15.jar
[INFO] 
[INFO] --- maven-shade-plugin:3.4.1:shade (default) @ CrystamaeHistoria ---
[INFO] Downloading from central: https://repo.maven.apache.org/maven2/org/ow2/asm/asm/9.4/asm-9.4.pom
[INFO] Downloaded from central: https://repo.maven.apache.org/maven2/org/ow2/asm/asm/9.4/asm-9.4.pom (2.4 kB at 148 kB/s)
[INFO] Downloading from central: https://repo.maven.apache.org/maven2/org/ow2/ow2/1.5.1/ow2-1.5.1.pom
[INFO] Downloaded from central: https://repo.maven.apache.org/maven2/org/ow2/ow2/1.5.1/ow2-1.5.1.pom (11 kB at 941 kB/s)
[INFO] Downloading from central: https://repo.maven.apache.org/maven2/org/ow2/asm/asm-commons/9.4/asm-commons-9.4.pom
[INFO] Downloaded from central: https://repo.maven.apache.org/maven2/org/ow2/asm/asm-commons/9.4/asm-commons-9.4.pom (2.8 kB at 214 kB/s)
[INFO] Downloading from central: https://repo.maven.apache.org/maven2/org/ow2/asm/asm-tree/9.4/asm-tree-9.4.pom
[INFO] Downloaded from central: https://repo.maven.apache.org/maven2/org/ow2/asm/asm-tree/9.4/asm-tree-9.4.pom (2.6 kB at 130 kB/s)
[INFO] Downloading from central: https://repo.maven.apache.org/maven2/org/apache/maven/shared/maven-dependency-tree/3.2.0/maven-dependency-tree-3.2.0.pom
[INFO] Downloaded from central: https://repo.maven.apache.org/maven2/org/apache/maven/shared/maven-dependency-tree/3.2.0/maven-dependency-tree-3.2.0.pom (6.2 kB at 445 kB/s)
[INFO] Downloading from central: https://repo.maven.apache.org/maven2/org/apache/maven/shared/maven-shared-components/37/maven-shared-components-37.pom
[INFO] Downloaded from central: https://repo.maven.apache.org/maven2/org/apache/maven/shared/maven-shared-components/37/maven-shared-components-37.pom (4.9 kB at 408 kB/s)
[INFO] Downloading from central: https://repo.maven.apache.org/maven2/org/eclipse/aether/aether-util/1.0.0.v20140518/aether-util-1.0.0.v20140518.pom
[INFO] Downloaded from central: https://repo.maven.apache.org/maven2/org/eclipse/aether/aether-util/1.0.0.v20140518/aether-util-1.0.0.v20140518.pom (2.2 kB at 169 kB/s)
[INFO] Downloading from central: https://repo.maven.apache.org/maven2/org/eclipse/aether/aether/1.0.0.v20140518/aether-1.0.0.v20140518.pom
[INFO] Downloaded from central: https://repo.maven.apache.org/maven2/org/eclipse/aether/aether/1.0.0.v20140518/aether-1.0.0.v20140518.pom (30 kB at 2.3 MB/s)
[INFO] Downloading from central: https://repo.maven.apache.org/maven2/org/eclipse/aether/aether-api/1.0.0.v20140518/aether-api-1.0.0.v20140518.pom
[INFO] Downloaded from central: https://repo.maven.apache.org/maven2/org/eclipse/aether/aether-api/1.0.0.v20140518/aether-api-1.0.0.v20140518.pom (1.9 kB at 146 kB/s)
[INFO] Downloading from central: https://repo.maven.apache.org/maven2/org/vafer/jdependency/2.8.0/jdependency-2.8.0.pom
[INFO] Downloaded from central: https://repo.maven.apache.org/maven2/org/vafer/jdependency/2.8.0/jdependency-2.8.0.pom (14 kB at 694 kB/s)
[INFO] Downloading from central: https://repo.maven.apache.org/maven2/org/ow2/asm/asm/9.4/asm-9.4.jar
[INFO] Downloading from central: https://repo.maven.apache.org/maven2/org/ow2/asm/asm-commons/9.4/asm-commons-9.4.jar
[INFO] Downloading from central: https://repo.maven.apache.org/maven2/org/ow2/asm/asm-tree/9.4/asm-tree-9.4.jar
[INFO] Downloading from central: https://repo.maven.apache.org/maven2/org/apache/maven/shared/maven-dependency-tree/3.2.0/maven-dependency-tree-3.2.0.jar
[INFO] Downloading from central: https://repo.maven.apache.org/maven2/org/eclipse/aether/aether-util/1.0.0.v20140518/aether-util-1.0.0.v20140518.jar
[INFO] Downloaded from central: https://repo.maven.apache.org/maven2/org/ow2/asm/asm/9.4/asm-9.4.jar (122 kB at 8.7 MB/s)
[INFO] Downloading from central: https://repo.maven.apache.org/maven2/org/eclipse/aether/aether-api/1.0.0.v20140518/aether-api-1.0.0.v20140518.jar
[INFO] Downloaded from central: https://repo.maven.apache.org/maven2/org/ow2/asm/asm-tree/9.4/asm-tree-9.4.jar (53 kB at 3.1 MB/s)
[INFO] Downloading from central: https://repo.maven.apache.org/maven2/org/vafer/jdependency/2.8.0/jdependency-2.8.0.jar
[INFO] Downloaded from central: https://repo.maven.apache.org/maven2/org/ow2/asm/asm-commons/9.4/asm-commons-9.4.jar (73 kB at 3.8 MB/s)
[INFO] Downloaded from central: https://repo.maven.apache.org/maven2/org/apache/maven/shared/maven-dependency-tree/3.2.0/maven-dependency-tree-3.2.0.jar (41 kB at 1.9 MB/s)
[INFO] Downloaded from central: https://repo.maven.apache.org/maven2/org/eclipse/aether/aether-util/1.0.0.v20140518/aether-util-1.0.0.v20140518.jar (146 kB at 5.6 MB/s)
[INFO] Downloaded from central: https://repo.maven.apache.org/maven2/org/vafer/jdependency/2.8.0/jdependency-2.8.0.jar (233 kB at 11 MB/s)
[INFO] Downloaded from central: https://repo.maven.apache.org/maven2/org/eclipse/aether/aether-api/1.0.0.v20140518/aether-api-1.0.0.v20140518.jar (136 kB at 5.7 MB/s)
[INFO] Including org.bstats:bstats-bukkit:jar:3.0.0 in the shaded jar.
[INFO] Including org.bstats:bstats-base:jar:3.0.0 in the shaded jar.
[INFO] Including com.google.code.findbugs:annotations:jar:3.0.1u2 in the shaded jar.
[INFO] Including net.jcip:jcip-annotations:jar:1.0 in the shaded jar.
[INFO] Including com.google.code.findbugs:jsr305:jar:3.0.1 in the shaded jar.
[INFO] Including de.jeff_media:MorePersistentDataTypes:jar:1.0.0 in the shaded jar.
[INFO] Including com.elmakers.mine.bukkit:EffectLib:jar:9.4 in the shaded jar.
[INFO] Including io.github.SlimeTraditionalTranslation:InfinityLib:jar:2135234 in the shaded jar.
[INFO] Dependency-reduced POM written at: /home/runner/work/builds/builds/SlimeTraditionalTranslation/CrystamaeHistoria/master/files/dependency-reduced-pom.xml
[WARNING] annotations-3.0.1u2.jar, jsr305-3.0.1.jar define 37 overlapping classes and resources: 
[WARNING]   - META-INF/maven/com.google.code.findbugs/jsr305/pom.properties
[WARNING]   - META-INF/maven/com.google.code.findbugs/jsr305/pom.xml
[WARNING]   - javax.annotation.CheckForNull
[WARNING]   - javax.annotation.CheckForSigned
[WARNING]   - javax.annotation.CheckReturnValue
[WARNING]   - javax.annotation.Detainted
[WARNING]   - javax.annotation.MatchesPattern
[WARNING]   - javax.annotation.MatchesPattern$Checker
[WARNING]   - javax.annotation.Nonnegative
[WARNING]   - javax.annotation.Nonnegative$Checker
[WARNING]   - 27 more...
[WARNING] annotations-3.0.1u2.jar, jcip-annotations-1.0.jar define 4 overlapping classes: 
[WARNING]   - net.jcip.annotations.GuardedBy
[WARNING]   - net.jcip.annotations.Immutable
[WARNING]   - net.jcip.annotations.NotThreadSafe
[WARNING]   - net.jcip.annotations.ThreadSafe
[WARNING] maven-shade-plugin has detected that some class files are
[WARNING] present in two or more JARs. When this happens, only one
[WARNING] single version of the class is copied to the uber jar.
[WARNING] Usually this is not harmful and you can skip these warnings,
[WARNING] otherwise try to manually exclude artifacts based on
[WARNING] mvn dependency:tree -Ddetail=true and the above output.
[WARNING] See https://maven.apache.org/plugins/maven-shade-plugin/
[INFO] Replacing original artifact with shaded artifact.
[INFO] Replacing /home/runner/work/builds/builds/SlimeTraditionalTranslation/CrystamaeHistoria/master/files/target/CrystamaeHistoria-15.jar with /home/runner/work/builds/builds/SlimeTraditionalTranslation/CrystamaeHistoria/master/files/target/CrystamaeHistoria-EFI - 15 (git 4985be67)-shaded.jar
[INFO] ------------------------------------------------------------------------
[INFO] BUILD SUCCESS
[INFO] ------------------------------------------------------------------------
[INFO] Total time:  33.023 s
[INFO] Finished at: 2023-03-28T15:24:10Z
[INFO] ------------------------------------------------------------------------
