[INFO] Scanning for projects...
[INFO] 
[INFO] ----------< io.github.seggan.slimefunwarfare:SlimefunWarfare >----------
[INFO] Building SlimefunWarfare EFI - 54 (git e6199a9b)
[INFO] --------------------------------[ jar ]---------------------------------
[INFO] Downloading from jittpack: https://jitpack.io/org/spigotmc/spigot-api/1.16.5-R0.1-SNAPSHOT/maven-metadata.xml
[INFO] Downloading from CodeMC: https://repo.codemc.org/repository/maven-public/org/spigotmc/spigot-api/1.16.5-R0.1-SNAPSHOT/maven-metadata.xml
[INFO] Downloading from jittpack: https://jitpack.io/io/github/TheBusyBiscuit/Slimefun4/RC-28/Slimefun4-RC-28.pom
[INFO] Downloaded from jittpack: https://jitpack.io/io/github/TheBusyBiscuit/Slimefun4/RC-28/Slimefun4-RC-28.pom (14 kB at 54 kB/s)
[INFO] Downloading from jittpack: https://jitpack.io/io/github/SlimeTraditionalTranslation/InfinityLib/5a58ea4/InfinityLib-5a58ea4.pom
[INFO] Downloaded from jittpack: https://jitpack.io/io/github/SlimeTraditionalTranslation/InfinityLib/5a58ea4/InfinityLib-5a58ea4.pom (6.0 kB at 28 kB/s)
[INFO] Downloading from jittpack: https://jitpack.io/org/projectlombok/lombok/1.18.20/lombok-1.18.20.pom
[INFO] Downloading from spigot-repo: https://hub.spigotmc.org/nexus/content/repositories/snapshots/org/projectlombok/lombok/1.18.20/lombok-1.18.20.pom
[INFO] Downloading from CodeMC: https://repo.codemc.org/repository/maven-public/org/projectlombok/lombok/1.18.20/lombok-1.18.20.pom
[INFO] Downloading from central: https://repo.maven.apache.org/maven2/org/projectlombok/lombok/1.18.20/lombok-1.18.20.pom
[INFO] Downloaded from central: https://repo.maven.apache.org/maven2/org/projectlombok/lombok/1.18.20/lombok-1.18.20.pom (0 B at 0 B/s)
[INFO] Downloading from jittpack: https://jitpack.io/io/github/TheBusyBiscuit/Slimefun4/RC-28/Slimefun4-RC-28.jar
[INFO] Downloading from jittpack: https://jitpack.io/io/github/SlimeTraditionalTranslation/InfinityLib/5a58ea4/InfinityLib-5a58ea4.jar
[INFO] Downloading from jittpack: https://jitpack.io/org/projectlombok/lombok/1.18.20/lombok-1.18.20.jar
[INFO] Downloaded from jittpack: https://jitpack.io/io/github/SlimeTraditionalTranslation/InfinityLib/5a58ea4/InfinityLib-5a58ea4.jar (90 kB at 310 kB/s)
[INFO] Downloaded from jittpack: https://jitpack.io/io/github/TheBusyBiscuit/Slimefun4/RC-28/Slimefun4-RC-28.jar (4.3 MB at 10 MB/s)
[INFO] Downloading from spigot-repo: https://hub.spigotmc.org/nexus/content/repositories/snapshots/org/projectlombok/lombok/1.18.20/lombok-1.18.20.jar
[INFO] Downloading from CodeMC: https://repo.codemc.org/repository/maven-public/org/projectlombok/lombok/1.18.20/lombok-1.18.20.jar
[INFO] Downloading from central: https://repo.maven.apache.org/maven2/org/projectlombok/lombok/1.18.20/lombok-1.18.20.jar
[INFO] Downloaded from central: https://repo.maven.apache.org/maven2/org/projectlombok/lombok/1.18.20/lombok-1.18.20.jar (0 B at 0 B/s)
[INFO] 
[INFO] --- maven-clean-plugin:2.5:clean (default-clean) @ SlimefunWarfare ---
[INFO] 
[INFO] --- maven-resources-plugin:2.6:resources (default-resources) @ SlimefunWarfare ---
[INFO] Using 'UTF-8' encoding to copy filtered resources.
[INFO] Copying 2 resources
[INFO] 
[INFO] --- maven-compiler-plugin:3.1:compile (default-compile) @ SlimefunWarfare ---
[INFO] Changes detected - recompiling the module!
[INFO] Compiling 43 source files to /home/runner/work/builds/builds/SlimeTraditionalTranslation/SlimefunWarfare/master/files/target/classes
[WARNING] /home/runner/work/builds/builds/SlimeTraditionalTranslation/SlimefunWarfare/master/files/src/main/java/io/github/seggan/slimefunwarfare/items/powersuits/ModuleManipulator.java: /home/runner/work/builds/builds/SlimeTraditionalTranslation/SlimefunWarfare/master/files/src/main/java/io/github/seggan/slimefunwarfare/items/powersuits/ModuleManipulator.java uses or overrides a deprecated API.
[WARNING] /home/runner/work/builds/builds/SlimeTraditionalTranslation/SlimefunWarfare/master/files/src/main/java/io/github/seggan/slimefunwarfare/items/powersuits/ModuleManipulator.java: Recompile with -Xlint:deprecation for details.
[INFO] 
[INFO] --- maven-resources-plugin:2.6:testResources (default-testResources) @ SlimefunWarfare ---
[INFO] Using 'UTF-8' encoding to copy filtered resources.
[INFO] skip non existing resourceDirectory /home/runner/work/builds/builds/SlimeTraditionalTranslation/SlimefunWarfare/master/files/src/test/resources
[INFO] 
[INFO] --- maven-compiler-plugin:3.1:testCompile (default-testCompile) @ SlimefunWarfare ---
[INFO] No sources to compile
[INFO] 
[INFO] --- maven-surefire-plugin:2.12.4:test (default-test) @ SlimefunWarfare ---
[INFO] No tests to run.
[INFO] 
[INFO] --- maven-jar-plugin:2.4:jar (default-jar) @ SlimefunWarfare ---
[INFO] Building jar: /home/runner/work/builds/builds/SlimeTraditionalTranslation/SlimefunWarfare/master/files/target/SlimefunWarfare-54.jar
[INFO] 
[INFO] --- maven-shade-plugin:3.2.4:shade (default) @ SlimefunWarfare ---
[INFO] Including io.github.SlimeTraditionalTranslation:InfinityLib:jar:5a58ea4 in the shaded jar.
[INFO] Including com.google.code.findbugs:jsr305:jar:3.0.2 in the shaded jar.
[INFO] Replacing original artifact with shaded artifact.
[INFO] Replacing /home/runner/work/builds/builds/SlimeTraditionalTranslation/SlimefunWarfare/master/files/target/SlimefunWarfare-54.jar with /home/runner/work/builds/builds/SlimeTraditionalTranslation/SlimefunWarfare/master/files/target/SlimefunWarfare-EFI - 54 (git e6199a9b)-shaded.jar
[INFO] Dependency-reduced POM written at: /home/runner/work/builds/builds/SlimeTraditionalTranslation/SlimefunWarfare/master/files/dependency-reduced-pom.xml
[INFO] ------------------------------------------------------------------------
[INFO] BUILD SUCCESS
[INFO] ------------------------------------------------------------------------
[INFO] Total time:  6.851 s
[INFO] Finished at: 2021-09-07T15:12:05Z
[INFO] ------------------------------------------------------------------------
