[INFO] Scanning for projects...
[INFO] 
[INFO] ----------------------< me.apeiros:AlchimiaVitae >----------------------
[INFO] Building AlchimiaVitae EFI - 6 (git bb1923eb)
[INFO] --------------------------------[ jar ]---------------------------------
[INFO] Downloading from central: https://repo.maven.apache.org/maven2/org/apache/maven/plugins/maven-surefire-plugin/2.12.4/maven-surefire-plugin-2.12.4.pom
[INFO] Downloaded from central: https://repo.maven.apache.org/maven2/org/apache/maven/plugins/maven-surefire-plugin/2.12.4/maven-surefire-plugin-2.12.4.pom (10 kB at 36 kB/s)
[INFO] Downloading from central: https://repo.maven.apache.org/maven2/org/apache/maven/surefire/surefire/2.12.4/surefire-2.12.4.pom
[INFO] Downloaded from central: https://repo.maven.apache.org/maven2/org/apache/maven/surefire/surefire/2.12.4/surefire-2.12.4.pom (14 kB at 300 kB/s)
[INFO] Downloading from central: https://repo.maven.apache.org/maven2/org/apache/maven/plugins/maven-surefire-plugin/2.12.4/maven-surefire-plugin-2.12.4.jar
[INFO] Downloaded from central: https://repo.maven.apache.org/maven2/org/apache/maven/plugins/maven-surefire-plugin/2.12.4/maven-surefire-plugin-2.12.4.jar (30 kB at 575 kB/s)
[INFO] Downloading from sonatype-oss-snapshots: https://oss.sonatype.org/content/repositories/snapshots/org/spigotmc/spigot-api/1.16.5-R0.1-SNAPSHOT/maven-metadata.xml
[INFO] Downloading from jitpack.io: https://jitpack.io/com/github/Slimefun/Slimefun4/RC-23/Slimefun4-RC-23.pom
[INFO] Downloaded from jitpack.io: https://jitpack.io/com/github/Slimefun/Slimefun4/RC-23/Slimefun4-RC-23.pom (13 kB at 34 kB/s)
[INFO] Downloading from jitpack.io: https://jitpack.io/org/projectlombok/lombok/1.18.20/lombok-1.18.20.pom
[INFO] Downloading from sonatype-oss-snapshots: https://oss.sonatype.org/content/repositories/snapshots/org/projectlombok/lombok/1.18.20/lombok-1.18.20.pom
[INFO] Downloading from paper-repo: https://repo.destroystokyo.com/repository/maven-public/org/projectlombok/lombok/1.18.20/lombok-1.18.20.pom
[INFO] Downloaded from paper-repo: https://repo.destroystokyo.com/repository/maven-public/org/projectlombok/lombok/1.18.20/lombok-1.18.20.pom (1.5 kB at 706 B/s)
[INFO] Downloading from jitpack.io: https://jitpack.io/com/github/Mooy1/InfinityLib/c1fe1d8/InfinityLib-c1fe1d8.pom
[INFO] Downloaded from jitpack.io: https://jitpack.io/com/github/Mooy1/InfinityLib/c1fe1d8/InfinityLib-c1fe1d8.pom (5.4 kB at 23 kB/s)
[INFO] Downloading from jitpack.io: https://jitpack.io/net/kyori/adventure-text-minimessage/4.1.0-SNAPSHOT/maven-metadata.xml
[INFO] Downloading from sonatype-oss-snapshots: https://oss.sonatype.org/content/repositories/snapshots/net/kyori/adventure-text-minimessage/4.1.0-SNAPSHOT/maven-metadata.xml
[INFO] Downloading from paper-repo: https://repo.destroystokyo.com/repository/maven-public/net/kyori/adventure-text-minimessage/4.1.0-SNAPSHOT/maven-metadata.xml
[INFO] Downloading from spigot-repo: https://hub.spigotmc.org/nexus/content/repositories/snapshots/net/kyori/adventure-text-minimessage/4.1.0-SNAPSHOT/maven-metadata.xml
[INFO] Downloaded from sonatype-oss-snapshots: https://oss.sonatype.org/content/repositories/snapshots/net/kyori/adventure-text-minimessage/4.1.0-SNAPSHOT/maven-metadata.xml (1.4 kB at 14 kB/s)
[INFO] Downloaded from paper-repo: https://repo.destroystokyo.com/repository/maven-public/net/kyori/adventure-text-minimessage/4.1.0-SNAPSHOT/maven-metadata.xml (1.4 kB at 884 B/s)
[INFO] Downloading from jitpack.io: https://jitpack.io/net/kyori/adventure-text-minimessage/4.1.0-SNAPSHOT/adventure-text-minimessage-4.1.0-20210612.213444-40.pom
[INFO] Downloading from sonatype-oss-snapshots: https://oss.sonatype.org/content/repositories/snapshots/net/kyori/adventure-text-minimessage/4.1.0-SNAPSHOT/adventure-text-minimessage-4.1.0-20210612.213444-40.pom
[INFO] Downloaded from sonatype-oss-snapshots: https://oss.sonatype.org/content/repositories/snapshots/net/kyori/adventure-text-minimessage/4.1.0-SNAPSHOT/adventure-text-minimessage-4.1.0-20210612.213444-40.pom (2.1 kB at 21 kB/s)
[INFO] Downloading from jitpack.io: https://jitpack.io/net/kyori/adventure-api/4.8.1/adventure-api-4.8.1.pom
[INFO] Downloading from sonatype-oss-snapshots: https://oss.sonatype.org/content/repositories/snapshots/net/kyori/adventure-api/4.8.1/adventure-api-4.8.1.pom
[INFO] Downloading from paper-repo: https://repo.destroystokyo.com/repository/maven-public/net/kyori/adventure-api/4.8.1/adventure-api-4.8.1.pom
[INFO] Downloaded from paper-repo: https://repo.destroystokyo.com/repository/maven-public/net/kyori/adventure-api/4.8.1/adventure-api-4.8.1.pom (3.2 kB at 2.6 kB/s)
[INFO] Downloading from jitpack.io: https://jitpack.io/net/kyori/adventure-bom/4.8.1/adventure-bom-4.8.1.pom
[INFO] Downloading from sonatype-oss-snapshots: https://oss.sonatype.org/content/repositories/snapshots/net/kyori/adventure-bom/4.8.1/adventure-bom-4.8.1.pom
[INFO] Downloading from paper-repo: https://repo.destroystokyo.com/repository/maven-public/net/kyori/adventure-bom/4.8.1/adventure-bom-4.8.1.pom
[INFO] Downloaded from paper-repo: https://repo.destroystokyo.com/repository/maven-public/net/kyori/adventure-bom/4.8.1/adventure-bom-4.8.1.pom (4.0 kB at 4.5 kB/s)
[INFO] Downloading from jitpack.io: https://jitpack.io/net/kyori/adventure-key/4.8.1/adventure-key-4.8.1.pom
[INFO] Downloading from sonatype-oss-snapshots: https://oss.sonatype.org/content/repositories/snapshots/net/kyori/adventure-key/4.8.1/adventure-key-4.8.1.pom
[INFO] Downloading from paper-repo: https://repo.destroystokyo.com/repository/maven-public/net/kyori/adventure-key/4.8.1/adventure-key-4.8.1.pom
[INFO] Downloaded from paper-repo: https://repo.destroystokyo.com/repository/maven-public/net/kyori/adventure-key/4.8.1/adventure-key-4.8.1.pom (3.0 kB at 5.7 kB/s)
[INFO] Downloading from jitpack.io: https://jitpack.io/net/kyori/examination-api/1.1.0/examination-api-1.1.0.pom
[INFO] Downloading from sonatype-oss-snapshots: https://oss.sonatype.org/content/repositories/snapshots/net/kyori/examination-api/1.1.0/examination-api-1.1.0.pom
[INFO] Downloading from paper-repo: https://repo.destroystokyo.com/repository/maven-public/net/kyori/examination-api/1.1.0/examination-api-1.1.0.pom
[INFO] Downloaded from paper-repo: https://repo.destroystokyo.com/repository/maven-public/net/kyori/examination-api/1.1.0/examination-api-1.1.0.pom (2.0 kB at 1.6 kB/s)
[INFO] Downloading from jitpack.io: https://jitpack.io/org/checkerframework/checker-qual/3.10.0/checker-qual-3.10.0.pom
[INFO] Downloading from sonatype-oss-snapshots: https://oss.sonatype.org/content/repositories/snapshots/org/checkerframework/checker-qual/3.10.0/checker-qual-3.10.0.pom
[INFO] Downloading from paper-repo: https://repo.destroystokyo.com/repository/maven-public/org/checkerframework/checker-qual/3.10.0/checker-qual-3.10.0.pom
[INFO] Downloaded from paper-repo: https://repo.destroystokyo.com/repository/maven-public/org/checkerframework/checker-qual/3.10.0/checker-qual-3.10.0.pom (2.1 kB at 1.7 kB/s)
[INFO] Downloading from jitpack.io: https://jitpack.io/net/kyori/examination-string/1.1.0/examination-string-1.1.0.pom
[INFO] Downloading from sonatype-oss-snapshots: https://oss.sonatype.org/content/repositories/snapshots/net/kyori/examination-string/1.1.0/examination-string-1.1.0.pom
[INFO] Downloading from paper-repo: https://repo.destroystokyo.com/repository/maven-public/net/kyori/examination-string/1.1.0/examination-string-1.1.0.pom
[INFO] Downloaded from paper-repo: https://repo.destroystokyo.com/repository/maven-public/net/kyori/examination-string/1.1.0/examination-string-1.1.0.pom (2.0 kB at 3.7 kB/s)
[INFO] Downloading from jitpack.io: https://jitpack.io/org/jetbrains/annotations/21.0.1/annotations-21.0.1.pom
[INFO] Downloading from sonatype-oss-snapshots: https://oss.sonatype.org/content/repositories/snapshots/org/jetbrains/annotations/21.0.1/annotations-21.0.1.pom
[INFO] Downloading from paper-repo: https://repo.destroystokyo.com/repository/maven-public/org/jetbrains/annotations/21.0.1/annotations-21.0.1.pom
[INFO] Downloaded from paper-repo: https://repo.destroystokyo.com/repository/maven-public/org/jetbrains/annotations/21.0.1/annotations-21.0.1.pom (1.3 kB at 2.5 kB/s)
[INFO] Downloading from jitpack.io: https://jitpack.io/net/kyori/adventure-platform-bukkit/4.0.0-SNAPSHOT/maven-metadata.xml
[INFO] Downloading from sonatype-oss-snapshots: https://oss.sonatype.org/content/repositories/snapshots/net/kyori/adventure-platform-bukkit/4.0.0-SNAPSHOT/maven-metadata.xml
[INFO] Downloading from paper-repo: https://repo.destroystokyo.com/repository/maven-public/net/kyori/adventure-platform-bukkit/4.0.0-SNAPSHOT/maven-metadata.xml
[INFO] Downloading from spigot-repo: https://hub.spigotmc.org/nexus/content/repositories/snapshots/net/kyori/adventure-platform-bukkit/4.0.0-SNAPSHOT/maven-metadata.xml
[INFO] Downloaded from sonatype-oss-snapshots: https://oss.sonatype.org/content/repositories/snapshots/net/kyori/adventure-platform-bukkit/4.0.0-SNAPSHOT/maven-metadata.xml (1.4 kB at 14 kB/s)
[INFO] Downloaded from paper-repo: https://repo.destroystokyo.com/repository/maven-public/net/kyori/adventure-platform-bukkit/4.0.0-SNAPSHOT/maven-metadata.xml (1.4 kB at 1.1 kB/s)
[INFO] Downloading from jitpack.io: https://jitpack.io/net/kyori/adventure-platform-bukkit/4.0.0-SNAPSHOT/adventure-platform-bukkit-4.0.0-20210715.212045-84.pom
[INFO] Downloading from sonatype-oss-snapshots: https://oss.sonatype.org/content/repositories/snapshots/net/kyori/adventure-platform-bukkit/4.0.0-SNAPSHOT/adventure-platform-bukkit-4.0.0-20210715.212045-84.pom
[INFO] Downloaded from sonatype-oss-snapshots: https://oss.sonatype.org/content/repositories/snapshots/net/kyori/adventure-platform-bukkit/4.0.0-SNAPSHOT/adventure-platform-bukkit-4.0.0-20210715.212045-84.pom (3.9 kB at 40 kB/s)
[INFO] Downloading from jitpack.io: https://jitpack.io/net/kyori/adventure-platform-api/4.0.0-SNAPSHOT/maven-metadata.xml
[INFO] Downloading from sonatype-oss-snapshots: https://oss.sonatype.org/content/repositories/snapshots/net/kyori/adventure-platform-api/4.0.0-SNAPSHOT/maven-metadata.xml
[INFO] Downloading from paper-repo: https://repo.destroystokyo.com/repository/maven-public/net/kyori/adventure-platform-api/4.0.0-SNAPSHOT/maven-metadata.xml
[INFO] Downloading from spigot-repo: https://hub.spigotmc.org/nexus/content/repositories/snapshots/net/kyori/adventure-platform-api/4.0.0-SNAPSHOT/maven-metadata.xml
[INFO] Downloaded from sonatype-oss-snapshots: https://oss.sonatype.org/content/repositories/snapshots/net/kyori/adventure-platform-api/4.0.0-SNAPSHOT/maven-metadata.xml (1.4 kB at 14 kB/s)
[INFO] Downloaded from paper-repo: https://repo.destroystokyo.com/repository/maven-public/net/kyori/adventure-platform-api/4.0.0-SNAPSHOT/maven-metadata.xml (1.4 kB at 1.1 kB/s)
[INFO] Downloading from jitpack.io: https://jitpack.io/net/kyori/adventure-platform-api/4.0.0-SNAPSHOT/adventure-platform-api-4.0.0-20210715.212045-65.pom
[INFO] Downloading from sonatype-oss-snapshots: https://oss.sonatype.org/content/repositories/snapshots/net/kyori/adventure-platform-api/4.0.0-SNAPSHOT/adventure-platform-api-4.0.0-20210715.212045-65.pom
[INFO] Downloaded from sonatype-oss-snapshots: https://oss.sonatype.org/content/repositories/snapshots/net/kyori/adventure-platform-api/4.0.0-SNAPSHOT/adventure-platform-api-4.0.0-20210715.212045-65.pom (2.3 kB at 24 kB/s)
[INFO] Downloading from jitpack.io: https://jitpack.io/net/kyori/adventure-text-serializer-craftbukkit/4.0.0-SNAPSHOT/maven-metadata.xml
[INFO] Downloading from sonatype-oss-snapshots: https://oss.sonatype.org/content/repositories/snapshots/net/kyori/adventure-text-serializer-craftbukkit/4.0.0-SNAPSHOT/maven-metadata.xml
[INFO] Downloading from paper-repo: https://repo.destroystokyo.com/repository/maven-public/net/kyori/adventure-text-serializer-craftbukkit/4.0.0-SNAPSHOT/maven-metadata.xml
[INFO] Downloading from spigot-repo: https://hub.spigotmc.org/nexus/content/repositories/snapshots/net/kyori/adventure-text-serializer-craftbukkit/4.0.0-SNAPSHOT/maven-metadata.xml
[INFO] Downloaded from sonatype-oss-snapshots: https://oss.sonatype.org/content/repositories/snapshots/net/kyori/adventure-text-serializer-craftbukkit/4.0.0-SNAPSHOT/maven-metadata.xml (1.4 kB at 15 kB/s)
[INFO] Downloaded from paper-repo: https://repo.destroystokyo.com/repository/maven-public/net/kyori/adventure-text-serializer-craftbukkit/4.0.0-SNAPSHOT/maven-metadata.xml (1.4 kB at 1.6 kB/s)
[INFO] Downloading from jitpack.io: https://jitpack.io/net/kyori/adventure-text-serializer-craftbukkit/4.0.0-SNAPSHOT/adventure-text-serializer-craftbukkit-4.0.0-20210715.212045-45.pom
[INFO] Downloading from sonatype-oss-snapshots: https://oss.sonatype.org/content/repositories/snapshots/net/kyori/adventure-text-serializer-craftbukkit/4.0.0-SNAPSHOT/adventure-text-serializer-craftbukkit-4.0.0-20210715.212045-45.pom
[INFO] Downloaded from sonatype-oss-snapshots: https://oss.sonatype.org/content/repositories/snapshots/net/kyori/adventure-text-serializer-craftbukkit/4.0.0-SNAPSHOT/adventure-text-serializer-craftbukkit-4.0.0-20210715.212045-45.pom (3.5 kB at 36 kB/s)
[INFO] Downloading from jitpack.io: https://jitpack.io/net/kyori/adventure-nbt/4.8.1/adventure-nbt-4.8.1.pom
[INFO] Downloading from sonatype-oss-snapshots: https://oss.sonatype.org/content/repositories/snapshots/net/kyori/adventure-nbt/4.8.1/adventure-nbt-4.8.1.pom
[INFO] Downloading from paper-repo: https://repo.destroystokyo.com/repository/maven-public/net/kyori/adventure-nbt/4.8.1/adventure-nbt-4.8.1.pom
[INFO] Downloaded from paper-repo: https://repo.destroystokyo.com/repository/maven-public/net/kyori/adventure-nbt/4.8.1/adventure-nbt-4.8.1.pom (3.0 kB at 1.9 kB/s)
[INFO] Downloading from jitpack.io: https://jitpack.io/net/kyori/adventure-text-serializer-gson/4.8.1/adventure-text-serializer-gson-4.8.1.pom
[INFO] Downloading from sonatype-oss-snapshots: https://oss.sonatype.org/content/repositories/snapshots/net/kyori/adventure-text-serializer-gson/4.8.1/adventure-text-serializer-gson-4.8.1.pom
[INFO] Downloading from paper-repo: https://repo.destroystokyo.com/repository/maven-public/net/kyori/adventure-text-serializer-gson/4.8.1/adventure-text-serializer-gson-4.8.1.pom
[INFO] Downloaded from paper-repo: https://repo.destroystokyo.com/repository/maven-public/net/kyori/adventure-text-serializer-gson/4.8.1/adventure-text-serializer-gson-4.8.1.pom (2.9 kB at 3.1 kB/s)
[INFO] Downloading from jitpack.io: https://jitpack.io/net/kyori/adventure-text-serializer-legacy/4.8.1/adventure-text-serializer-legacy-4.8.1.pom
[INFO] Downloading from sonatype-oss-snapshots: https://oss.sonatype.org/content/repositories/snapshots/net/kyori/adventure-text-serializer-legacy/4.8.1/adventure-text-serializer-legacy-4.8.1.pom
[INFO] Downloading from paper-repo: https://repo.destroystokyo.com/repository/maven-public/net/kyori/adventure-text-serializer-legacy/4.8.1/adventure-text-serializer-legacy-4.8.1.pom
[INFO] Downloaded from paper-repo: https://repo.destroystokyo.com/repository/maven-public/net/kyori/adventure-text-serializer-legacy/4.8.1/adventure-text-serializer-legacy-4.8.1.pom (2.7 kB at 4.9 kB/s)
[INFO] Downloading from jitpack.io: https://jitpack.io/net/kyori/adventure-text-serializer-gson-legacy-impl/4.8.1/adventure-text-serializer-gson-legacy-impl-4.8.1.pom
[INFO] Downloading from sonatype-oss-snapshots: https://oss.sonatype.org/content/repositories/snapshots/net/kyori/adventure-text-serializer-gson-legacy-impl/4.8.1/adventure-text-serializer-gson-legacy-impl-4.8.1.pom
[INFO] Downloading from paper-repo: https://repo.destroystokyo.com/repository/maven-public/net/kyori/adventure-text-serializer-gson-legacy-impl/4.8.1/adventure-text-serializer-gson-legacy-impl-4.8.1.pom
[INFO] Downloaded from paper-repo: https://repo.destroystokyo.com/repository/maven-public/net/kyori/adventure-text-serializer-gson-legacy-impl/4.8.1/adventure-text-serializer-gson-legacy-impl-4.8.1.pom (3.1 kB at 5.8 kB/s)
[INFO] Downloading from jitpack.io: https://jitpack.io/net/kyori/adventure-text-serializer-bungeecord/4.0.0-SNAPSHOT/maven-metadata.xml
[INFO] Downloading from sonatype-oss-snapshots: https://oss.sonatype.org/content/repositories/snapshots/net/kyori/adventure-text-serializer-bungeecord/4.0.0-SNAPSHOT/maven-metadata.xml
[INFO] Downloading from paper-repo: https://repo.destroystokyo.com/repository/maven-public/net/kyori/adventure-text-serializer-bungeecord/4.0.0-SNAPSHOT/maven-metadata.xml
[INFO] Downloading from spigot-repo: https://hub.spigotmc.org/nexus/content/repositories/snapshots/net/kyori/adventure-text-serializer-bungeecord/4.0.0-SNAPSHOT/maven-metadata.xml
[INFO] Downloaded from sonatype-oss-snapshots: https://oss.sonatype.org/content/repositories/snapshots/net/kyori/adventure-text-serializer-bungeecord/4.0.0-SNAPSHOT/maven-metadata.xml (1.4 kB at 15 kB/s)
[INFO] Downloaded from paper-repo: https://repo.destroystokyo.com/repository/maven-public/net/kyori/adventure-text-serializer-bungeecord/4.0.0-SNAPSHOT/maven-metadata.xml (1.4 kB at 2.7 kB/s)
[INFO] Downloading from jitpack.io: https://jitpack.io/net/kyori/adventure-text-serializer-bungeecord/4.0.0-SNAPSHOT/adventure-text-serializer-bungeecord-4.0.0-20210715.212045-76.pom
[INFO] Downloading from sonatype-oss-snapshots: https://oss.sonatype.org/content/repositories/snapshots/net/kyori/adventure-text-serializer-bungeecord/4.0.0-SNAPSHOT/adventure-text-serializer-bungeecord-4.0.0-20210715.212045-76.pom
[INFO] Downloaded from sonatype-oss-snapshots: https://oss.sonatype.org/content/repositories/snapshots/net/kyori/adventure-text-serializer-bungeecord/4.0.0-SNAPSHOT/adventure-text-serializer-bungeecord-4.0.0-20210715.212045-76.pom (2.9 kB at 30 kB/s)
[INFO] Downloading from jitpack.io: https://jitpack.io/net/kyori/adventure-platform-facet/4.0.0-SNAPSHOT/maven-metadata.xml
[INFO] Downloading from sonatype-oss-snapshots: https://oss.sonatype.org/content/repositories/snapshots/net/kyori/adventure-platform-facet/4.0.0-SNAPSHOT/maven-metadata.xml
[INFO] Downloading from paper-repo: https://repo.destroystokyo.com/repository/maven-public/net/kyori/adventure-platform-facet/4.0.0-SNAPSHOT/maven-metadata.xml
[INFO] Downloading from spigot-repo: https://hub.spigotmc.org/nexus/content/repositories/snapshots/net/kyori/adventure-platform-facet/4.0.0-SNAPSHOT/maven-metadata.xml
[INFO] Downloaded from sonatype-oss-snapshots: https://oss.sonatype.org/content/repositories/snapshots/net/kyori/adventure-platform-facet/4.0.0-SNAPSHOT/maven-metadata.xml (1.4 kB at 14 kB/s)
[INFO] Downloaded from paper-repo: https://repo.destroystokyo.com/repository/maven-public/net/kyori/adventure-platform-facet/4.0.0-SNAPSHOT/maven-metadata.xml (1.4 kB at 2.6 kB/s)
[INFO] Downloading from jitpack.io: https://jitpack.io/net/kyori/adventure-platform-facet/4.0.0-SNAPSHOT/adventure-platform-facet-4.0.0-20210715.212045-45.pom
[INFO] Downloading from sonatype-oss-snapshots: https://oss.sonatype.org/content/repositories/snapshots/net/kyori/adventure-platform-facet/4.0.0-SNAPSHOT/adventure-platform-facet-4.0.0-20210715.212045-45.pom
[INFO] Downloaded from sonatype-oss-snapshots: https://oss.sonatype.org/content/repositories/snapshots/net/kyori/adventure-platform-facet/4.0.0-SNAPSHOT/adventure-platform-facet-4.0.0-20210715.212045-45.pom (2.5 kB at 26 kB/s)
[INFO] Downloading from jitpack.io: https://jitpack.io/net/kyori/adventure-platform-viaversion/4.0.0-SNAPSHOT/maven-metadata.xml
[INFO] Downloading from sonatype-oss-snapshots: https://oss.sonatype.org/content/repositories/snapshots/net/kyori/adventure-platform-viaversion/4.0.0-SNAPSHOT/maven-metadata.xml
[INFO] Downloading from paper-repo: https://repo.destroystokyo.com/repository/maven-public/net/kyori/adventure-platform-viaversion/4.0.0-SNAPSHOT/maven-metadata.xml
[INFO] Downloading from spigot-repo: https://hub.spigotmc.org/nexus/content/repositories/snapshots/net/kyori/adventure-platform-viaversion/4.0.0-SNAPSHOT/maven-metadata.xml
[INFO] Downloaded from sonatype-oss-snapshots: https://oss.sonatype.org/content/repositories/snapshots/net/kyori/adventure-platform-viaversion/4.0.0-SNAPSHOT/maven-metadata.xml (1.4 kB at 14 kB/s)
[INFO] Downloaded from paper-repo: https://repo.destroystokyo.com/repository/maven-public/net/kyori/adventure-platform-viaversion/4.0.0-SNAPSHOT/maven-metadata.xml (1.4 kB at 2.6 kB/s)
[INFO] Downloading from jitpack.io: https://jitpack.io/net/kyori/adventure-platform-viaversion/4.0.0-SNAPSHOT/adventure-platform-viaversion-4.0.0-20210715.212045-68.pom
[INFO] Downloading from sonatype-oss-snapshots: https://oss.sonatype.org/content/repositories/snapshots/net/kyori/adventure-platform-viaversion/4.0.0-SNAPSHOT/adventure-platform-viaversion-4.0.0-20210715.212045-68.pom
[INFO] Downloaded from sonatype-oss-snapshots: https://oss.sonatype.org/content/repositories/snapshots/net/kyori/adventure-platform-viaversion/4.0.0-SNAPSHOT/adventure-platform-viaversion-4.0.0-20210715.212045-68.pom (2.9 kB at 30 kB/s)
[INFO] Downloading from paper-repo: https://repo.destroystokyo.com/repository/maven-public/org/spigotmc/spigot-api/1.16.5-R0.1-SNAPSHOT/spigot-api-1.16.5-R0.1-20210611.041013-99.jar
[INFO] Downloaded from paper-repo: https://repo.destroystokyo.com/repository/maven-public/org/spigotmc/spigot-api/1.16.5-R0.1-SNAPSHOT/spigot-api-1.16.5-R0.1-20210611.041013-99.jar (1.3 MB at 796 kB/s)
[INFO] Downloading from jitpack.io: https://jitpack.io/org/yaml/snakeyaml/1.27/snakeyaml-1.27.jar
[INFO] Downloading from jitpack.io: https://jitpack.io/org/projectlombok/lombok/1.18.20/lombok-1.18.20.jar
[INFO] Downloading from jitpack.io: https://jitpack.io/com/github/Slimefun/Slimefun4/RC-23/Slimefun4-RC-23.jar
[INFO] Downloading from jitpack.io: https://jitpack.io/com/github/Mooy1/InfinityLib/c1fe1d8/InfinityLib-c1fe1d8.jar
[INFO] Downloading from jitpack.io: https://jitpack.io/net/kyori/adventure-api/4.8.1/adventure-api-4.8.1.jar
[INFO] Downloading from jitpack.io: https://jitpack.io/net/kyori/adventure-key/4.8.1/adventure-key-4.8.1.jar
[INFO] Downloading from jitpack.io: https://jitpack.io/net/kyori/examination-api/1.1.0/examination-api-1.1.0.jar
[INFO] Downloading from jitpack.io: https://jitpack.io/org/checkerframework/checker-qual/3.10.0/checker-qual-3.10.0.jar
[INFO] Downloading from jitpack.io: https://jitpack.io/net/kyori/examination-string/1.1.0/examination-string-1.1.0.jar
[INFO] Downloading from jitpack.io: https://jitpack.io/org/jetbrains/annotations/21.0.1/annotations-21.0.1.jar
[INFO] Downloading from jitpack.io: https://jitpack.io/net/kyori/adventure-text-serializer-gson-legacy-impl/4.8.1/adventure-text-serializer-gson-legacy-impl-4.8.1.jar
[INFO] Downloading from jitpack.io: https://jitpack.io/net/kyori/adventure-text-serializer-legacy/4.8.1/adventure-text-serializer-legacy-4.8.1.jar
[INFO] Downloading from jitpack.io: https://jitpack.io/net/kyori/adventure-nbt/4.8.1/adventure-nbt-4.8.1.jar
[INFO] Downloading from jitpack.io: https://jitpack.io/net/kyori/adventure-text-serializer-gson/4.8.1/adventure-text-serializer-gson-4.8.1.jar
[INFO] Downloaded from jitpack.io: https://jitpack.io/com/github/Mooy1/InfinityLib/c1fe1d8/InfinityLib-c1fe1d8.jar (77 kB at 332 kB/s)
[INFO] Downloaded from jitpack.io: https://jitpack.io/com/github/Slimefun/Slimefun4/RC-23/Slimefun4-RC-23.jar (4.3 MB at 15 MB/s)
[INFO] Downloading from sonatype-oss-snapshots: https://oss.sonatype.org/content/repositories/snapshots/org/yaml/snakeyaml/1.27/snakeyaml-1.27.jar
[INFO] Downloading from sonatype-oss-snapshots: https://oss.sonatype.org/content/repositories/snapshots/org/projectlombok/lombok/1.18.20/lombok-1.18.20.jar
[INFO] Downloading from sonatype-oss-snapshots: https://oss.sonatype.org/content/repositories/snapshots/net/kyori/adventure-text-minimessage/4.1.0-SNAPSHOT/adventure-text-minimessage-4.1.0-20210612.213444-40.jar
[INFO] Downloading from sonatype-oss-snapshots: https://oss.sonatype.org/content/repositories/snapshots/net/kyori/adventure-api/4.8.1/adventure-api-4.8.1.jar
[INFO] Downloading from sonatype-oss-snapshots: https://oss.sonatype.org/content/repositories/snapshots/net/kyori/adventure-key/4.8.1/adventure-key-4.8.1.jar
[INFO] Downloading from sonatype-oss-snapshots: https://oss.sonatype.org/content/repositories/snapshots/net/kyori/examination-api/1.1.0/examination-api-1.1.0.jar
[INFO] Downloading from sonatype-oss-snapshots: https://oss.sonatype.org/content/repositories/snapshots/org/checkerframework/checker-qual/3.10.0/checker-qual-3.10.0.jar
[INFO] Downloading from sonatype-oss-snapshots: https://oss.sonatype.org/content/repositories/snapshots/net/kyori/examination-string/1.1.0/examination-string-1.1.0.jar
[INFO] Downloading from sonatype-oss-snapshots: https://oss.sonatype.org/content/repositories/snapshots/org/jetbrains/annotations/21.0.1/annotations-21.0.1.jar
[INFO] Downloading from sonatype-oss-snapshots: https://oss.sonatype.org/content/repositories/snapshots/net/kyori/adventure-platform-bukkit/4.0.0-SNAPSHOT/adventure-platform-bukkit-4.0.0-20210715.212045-84.jar
[INFO] Downloading from sonatype-oss-snapshots: https://oss.sonatype.org/content/repositories/snapshots/net/kyori/adventure-platform-api/4.0.0-SNAPSHOT/adventure-platform-api-4.0.0-20210715.212045-65.jar
[INFO] Downloading from sonatype-oss-snapshots: https://oss.sonatype.org/content/repositories/snapshots/net/kyori/adventure-text-serializer-craftbukkit/4.0.0-SNAPSHOT/adventure-text-serializer-craftbukkit-4.0.0-20210715.212045-45.jar
[INFO] Downloading from sonatype-oss-snapshots: https://oss.sonatype.org/content/repositories/snapshots/net/kyori/adventure-text-serializer-gson-legacy-impl/4.8.1/adventure-text-serializer-gson-legacy-impl-4.8.1.jar
[INFO] Downloading from sonatype-oss-snapshots: https://oss.sonatype.org/content/repositories/snapshots/net/kyori/adventure-text-serializer-bungeecord/4.0.0-SNAPSHOT/adventure-text-serializer-bungeecord-4.0.0-20210715.212045-76.jar
[INFO] Downloaded from sonatype-oss-snapshots: https://oss.sonatype.org/content/repositories/snapshots/net/kyori/adventure-text-serializer-craftbukkit/4.0.0-SNAPSHOT/adventure-text-serializer-craftbukkit-4.0.0-20210715.212045-45.jar (11 kB at 46 kB/s)
[INFO] Downloading from sonatype-oss-snapshots: https://oss.sonatype.org/content/repositories/snapshots/net/kyori/adventure-text-serializer-legacy/4.8.1/adventure-text-serializer-legacy-4.8.1.jar
[INFO] Downloaded from sonatype-oss-snapshots: https://oss.sonatype.org/content/repositories/snapshots/net/kyori/adventure-platform-api/4.0.0-SNAPSHOT/adventure-platform-api-4.0.0-20210715.212045-65.jar (1.5 kB at 5.9 kB/s)
[INFO] Downloading from sonatype-oss-snapshots: https://oss.sonatype.org/content/repositories/snapshots/net/kyori/adventure-nbt/4.8.1/adventure-nbt-4.8.1.jar
[INFO] Downloaded from sonatype-oss-snapshots: https://oss.sonatype.org/content/repositories/snapshots/net/kyori/adventure-text-minimessage/4.1.0-SNAPSHOT/adventure-text-minimessage-4.1.0-20210612.213444-40.jar (99 kB at 361 kB/s)
[INFO] Downloading from sonatype-oss-snapshots: https://oss.sonatype.org/content/repositories/snapshots/net/kyori/adventure-text-serializer-gson/4.8.1/adventure-text-serializer-gson-4.8.1.jar
[INFO] Downloading from sonatype-oss-snapshots: https://oss.sonatype.org/content/repositories/snapshots/net/kyori/adventure-platform-facet/4.0.0-SNAPSHOT/adventure-platform-facet-4.0.0-20210715.212045-45.jar
[INFO] Downloading from sonatype-oss-snapshots: https://oss.sonatype.org/content/repositories/snapshots/net/kyori/adventure-platform-viaversion/4.0.0-SNAPSHOT/adventure-platform-viaversion-4.0.0-20210715.212045-68.jar
[INFO] Downloaded from sonatype-oss-snapshots: https://oss.sonatype.org/content/repositories/snapshots/net/kyori/adventure-text-serializer-bungeecord/4.0.0-SNAPSHOT/adventure-text-serializer-bungeecord-4.0.0-20210715.212045-76.jar (9.6 kB at 30 kB/s)
[INFO] Downloaded from sonatype-oss-snapshots: https://oss.sonatype.org/content/repositories/snapshots/net/kyori/adventure-platform-bukkit/4.0.0-SNAPSHOT/adventure-platform-bukkit-4.0.0-20210715.212045-84.jar (85 kB at 261 kB/s)
[INFO] Downloaded from sonatype-oss-snapshots: https://oss.sonatype.org/content/repositories/snapshots/net/kyori/adventure-platform-viaversion/4.0.0-SNAPSHOT/adventure-platform-viaversion-4.0.0-20210715.212045-68.jar (19 kB at 51 kB/s)
[INFO] Downloaded from sonatype-oss-snapshots: https://oss.sonatype.org/content/repositories/snapshots/net/kyori/adventure-platform-facet/4.0.0-SNAPSHOT/adventure-platform-facet-4.0.0-20210715.212045-45.jar (33 kB at 85 kB/s)
[INFO] Downloading from paper-repo: https://repo.destroystokyo.com/repository/maven-public/org/yaml/snakeyaml/1.27/snakeyaml-1.27.jar
[INFO] Downloading from paper-repo: https://repo.destroystokyo.com/repository/maven-public/org/projectlombok/lombok/1.18.20/lombok-1.18.20.jar
[INFO] Downloading from paper-repo: https://repo.destroystokyo.com/repository/maven-public/net/kyori/adventure-api/4.8.1/adventure-api-4.8.1.jar
[INFO] Downloading from paper-repo: https://repo.destroystokyo.com/repository/maven-public/net/kyori/adventure-key/4.8.1/adventure-key-4.8.1.jar
[INFO] Downloading from paper-repo: https://repo.destroystokyo.com/repository/maven-public/net/kyori/examination-api/1.1.0/examination-api-1.1.0.jar
[INFO] Downloaded from paper-repo: https://repo.destroystokyo.com/repository/maven-public/net/kyori/adventure-api/4.8.1/adventure-api-4.8.1.jar (264 kB at 214 kB/s)
[INFO] Downloading from paper-repo: https://repo.destroystokyo.com/repository/maven-public/org/checkerframework/checker-qual/3.10.0/checker-qual-3.10.0.jar
[INFO] Downloaded from paper-repo: https://repo.destroystokyo.com/repository/maven-public/org/yaml/snakeyaml/1.27/snakeyaml-1.27.jar (310 kB at 192 kB/s)
[INFO] Downloading from paper-repo: https://repo.destroystokyo.com/repository/maven-public/net/kyori/examination-string/1.1.0/examination-string-1.1.0.jar
[INFO] Downloaded from paper-repo: https://repo.destroystokyo.com/repository/maven-public/net/kyori/adventure-key/4.8.1/adventure-key-4.8.1.jar (8.2 kB at 5.1 kB/s)
[INFO] Downloading from paper-repo: https://repo.destroystokyo.com/repository/maven-public/org/jetbrains/annotations/21.0.1/annotations-21.0.1.jar
[INFO] Downloaded from paper-repo: https://repo.destroystokyo.com/repository/maven-public/org/projectlombok/lombok/1.18.20/lombok-1.18.20.jar (1.9 MB at 1.1 MB/s)
[INFO] Downloading from paper-repo: https://repo.destroystokyo.com/repository/maven-public/net/kyori/adventure-text-serializer-gson-legacy-impl/4.8.1/adventure-text-serializer-gson-legacy-impl-4.8.1.jar
[INFO] Downloaded from paper-repo: https://repo.destroystokyo.com/repository/maven-public/net/kyori/examination-api/1.1.0/examination-api-1.1.0.jar (22 kB at 11 kB/s)
[INFO] Downloading from paper-repo: https://repo.destroystokyo.com/repository/maven-public/net/kyori/adventure-text-serializer-legacy/4.8.1/adventure-text-serializer-legacy-4.8.1.jar
[INFO] Downloaded from paper-repo: https://repo.destroystokyo.com/repository/maven-public/org/checkerframework/checker-qual/3.10.0/checker-qual-3.10.0.jar (207 kB at 76 kB/s)
[INFO] Downloading from paper-repo: https://repo.destroystokyo.com/repository/maven-public/net/kyori/adventure-nbt/4.8.1/adventure-nbt-4.8.1.jar
[INFO] Downloaded from paper-repo: https://repo.destroystokyo.com/repository/maven-public/net/kyori/adventure-text-serializer-legacy/4.8.1/adventure-text-serializer-legacy-4.8.1.jar (24 kB at 8.4 kB/s)
[INFO] Downloading from paper-repo: https://repo.destroystokyo.com/repository/maven-public/net/kyori/adventure-text-serializer-gson/4.8.1/adventure-text-serializer-gson-4.8.1.jar
[INFO] Downloaded fserializer-gson-legacy-impl-4.8.1.jar (4.9 kB at 1.6 kB/s)
rom paper-repo: https://repo.destroystokyo.com/repository/maven-public/net/kyori/adventure-text-serializer-gson-legacy-impl/4.8.1/adventure-text-[INFO] Downloaded from paper-repo: https://repo.destroystokyo.com/repository/maven-public/net/kyori/examination-string/1.1.0/examination-string-1.1.0.jar (5.9 kB at 1.7 kB/s)
[INFO] Downloaded from paper-repo: https://repo.destroystokyo.com/repository/maven-public/org/jetbrains/annotations/21.0.1/annotations-21.0.1.jar (28 kB at 7.8 kB/s)
[INFO] Downloaded from paper-repo: https://repo.destroystokyo.com/repository/maven-public/net/kyori/adventure-text-serializer-gson/4.8.1/adventure-text-serializer-gson-4.8.1.jar (33 kB at 8.3 kB/s)
[INFO] Downloaded from paper-repo: https://repo.destroystokyo.com/repository/maven-public/net/kyori/adventure-nbt/4.8.1/adventure-nbt-4.8.1.jar (93 kB at 23 kB/s)
[INFO] 
[INFO] --- maven-clean-plugin:2.5:clean (default-clean) @ AlchimiaVitae ---
[INFO] 
[INFO] --- maven-resources-plugin:2.6:resources (default-resources) @ AlchimiaVitae ---
[INFO] Using 'UTF-8' encoding to copy filtered resources.
[INFO] Copying 2 resources
[INFO] 
[INFO] --- maven-compiler-plugin:3.8.1:compile (default-compile) @ AlchimiaVitae ---
[INFO] Downloading from central: https://repo.maven.apache.org/maven2/org/apache/apache/18/apache-18.pom
[INFO] Downloaded from central: https://repo.maven.apache.org/maven2/org/apache/apache/18/apache-18.pom (0 B at 0 B/s)
[INFO] Downloading from central: https://repo.maven.apache.org/maven2/org/apache/apache/13/apache-13.pom
[INFO] Downloaded from central: https://repo.maven.apache.org/maven2/org/apache/apache/13/apache-13.pom (0 B at 0 B/s)
[INFO] Changes detected - recompiling the module!
[INFO] Compiling 33 source files to /home/runner/work/builds/builds/SlimeTraditionalTranslation/AlchimiaVitae/master/files/target/classes
[INFO] 
[INFO] --- maven-resources-plugin:2.6:testResources (default-testResources) @ AlchimiaVitae ---
[INFO] Using 'UTF-8' encoding to copy filtered resources.
[INFO] skip non existing resourceDirectory /home/runner/work/builds/builds/SlimeTraditionalTranslation/AlchimiaVitae/master/files/src/test/resources
[INFO] 
[INFO] --- maven-compiler-plugin:3.8.1:testCompile (default-testCompile) @ AlchimiaVitae ---
[INFO] No sources to compile
[INFO] 
[INFO] --- maven-surefire-plugin:2.12.4:test (default-test) @ AlchimiaVitae ---
[INFO] Downloading from central: https://repo.maven.apache.org/maven2/org/apache/maven/maven-plugin-api/2.0.9/maven-plugin-api-2.0.9.pom
[INFO] Downloaded from central: https://repo.maven.apache.org/maven2/org/apache/maven/maven-plugin-api/2.0.9/maven-plugin-api-2.0.9.pom (1.5 kB at 44 kB/s)
[INFO] Downloading from central: https://repo.maven.apache.org/maven2/org/apache/maven/maven/2.0.9/maven-2.0.9.pom
[INFO] Downloaded from central: https://repo.maven.apache.org/maven2/org/apache/maven/maven/2.0.9/maven-2.0.9.pom (19 kB at 525 kB/s)
[INFO] Downloading from central: https://repo.maven.apache.org/maven2/org/apache/maven/maven-parent/8/maven-parent-8.pom
[INFO] Downloaded from central: https://repo.maven.apache.org/maven2/org/apache/maven/maven-parent/8/maven-parent-8.pom (24 kB at 804 kB/s)
[INFO] Downloading from central: https://repo.maven.apache.org/maven2/org/apache/apache/4/apache-4.pom
[INFO] Downloaded from central: https://repo.maven.apache.org/maven2/org/apache/apache/4/apache-4.pom (0 B at 0 B/s)
[INFO] Downloading from central: https://repo.maven.apache.org/maven2/org/apache/maven/surefire/surefire-booter/2.12.4/surefire-booter-2.12.4.pom
[INFO] Downloaded from central: https://repo.maven.apache.org/maven2/org/apache/maven/surefire/surefire-booter/2.12.4/surefire-booter-2.12.4.pom (3.0 kB at 112 kB/s)
[INFO] Downloading from central: https://repo.maven.apache.org/maven2/org/apache/maven/surefire/surefire-api/2.12.4/surefire-api-2.12.4.pom
[INFO] Downloaded from central: https://repo.maven.apache.org/maven2/org/apache/maven/surefire/surefire-api/2.12.4/surefire-api-2.12.4.pom (2.5 kB at 71 kB/s)
[INFO] Downloading from central: https://repo.maven.apache.org/maven2/org/apache/maven/surefire/maven-surefire-common/2.12.4/maven-surefire-common-2.12.4.pom
[INFO] Downloaded from central: https://repo.maven.apache.org/maven2/org/apache/maven/surefire/maven-surefire-common/2.12.4/maven-surefire-common-2.12.4.pom (5.5 kB at 213 kB/s)
[INFO] Downloading from central: https://repo.maven.apache.org/maven2/org/apache/maven/plugin-tools/maven-plugin-annotations/3.1/maven-plugin-annotations-3.1.pom
[INFO] Downloaded from central: https://repo.maven.apache.org/maven2/org/apache/maven/plugin-tools/maven-plugin-annotations/3.1/maven-plugin-annotations-3.1.pom (1.6 kB at 62 kB/s)
[INFO] Downloading from central: https://repo.maven.apache.org/maven2/org/apache/maven/plugin-tools/maven-plugin-tools/3.1/maven-plugin-tools-3.1.pom
[INFO] Downloaded from central: https://repo.maven.apache.org/maven2/org/apache/maven/plugin-tools/maven-plugin-tools/3.1/maven-plugin-tools-3.1.pom (16 kB at 578 kB/s)
[INFO] Downloading from central: https://repo.maven.apache.org/maven2/org/apache/maven/maven-artifact/2.0.9/maven-artifact-2.0.9.pom
[INFO] Downloaded from central: https://repo.maven.apache.org/maven2/org/apache/maven/maven-artifact/2.0.9/maven-artifact-2.0.9.pom (1.6 kB at 52 kB/s)
[INFO] Downloading from central: https://repo.maven.apache.org/maven2/org/codehaus/plexus/plexus-utils/3.0.8/plexus-utils-3.0.8.pom
[INFO] Downloaded from central: https://repo.maven.apache.org/maven2/org/codehaus/plexus/plexus-utils/3.0.8/plexus-utils-3.0.8.pom (3.1 kB at 121 kB/s)
[INFO] Downloading from central: https://repo.maven.apache.org/maven2/org/codehaus/plexus/plexus/3.2/plexus-3.2.pom
[INFO] Downloaded from central: https://repo.maven.apache.org/maven2/org/codehaus/plexus/plexus/3.2/plexus-3.2.pom (19 kB at 670 kB/s)
[INFO] Downloading from central: https://repo.maven.apache.org/maven2/org/apache/maven/maven-project/2.0.9/maven-project-2.0.9.pom
[INFO] Downloaded from central: https://repo.maven.apache.org/maven2/org/apache/maven/maven-project/2.0.9/maven-project-2.0.9.pom (2.7 kB at 85 kB/s)
[INFO] Downloading from central: https://repo.maven.apache.org/maven2/org/apache/maven/maven-settings/2.0.9/maven-settings-2.0.9.pom
[INFO] Downloaded from central: https://repo.maven.apache.org/maven2/org/apache/maven/maven-settings/2.0.9/maven-settings-2.0.9.pom (2.1 kB at 61 kB/s)
[INFO] Downloading from central: https://repo.maven.apache.org/maven2/org/apache/maven/maven-model/2.0.9/maven-model-2.0.9.pom
[INFO] Downloaded from central: https://repo.maven.apache.org/maven2/org/apache/maven/maven-model/2.0.9/maven-model-2.0.9.pom (3.1 kB at 95 kB/s)
[INFO] Downloading from central: https://repo.maven.apache.org/maven2/org/apache/maven/maven-profile/2.0.9/maven-profile-2.0.9.pom
[INFO] Downloaded from central: https://repo.maven.apache.org/maven2/org/apache/maven/maven-profile/2.0.9/maven-profile-2.0.9.pom (2.0 kB at 64 kB/s)
[INFO] Downloading from central: https://repo.maven.apache.org/maven2/org/apache/maven/maven-artifact-manager/2.0.9/maven-artifact-manager-2.0.9.pom
[INFO] Downloaded from central: https://repo.maven.apache.org/maven2/org/apache/maven/maven-artifact-manager/2.0.9/maven-artifact-manager-2.0.9.pom (2.7 kB at 100 kB/s)
[INFO] Downloading from central: https://repo.maven.apache.org/maven2/org/apache/maven/maven-repository-metadata/2.0.9/maven-repository-metadata-2.0.9.pom
[INFO] Downloaded from central: https://repo.maven.apache.org/maven2/org/apache/maven/maven-repository-metadata/2.0.9/maven-repository-metadata-2.0.9.pom (1.9 kB at 50 kB/s)
[INFO] Downloading from central: https://repo.maven.apache.org/maven2/org/apache/maven/maven-plugin-registry/2.0.9/maven-plugin-registry-2.0.9.pom
[INFO] Downloaded from central: https://repo.maven.apache.org/maven2/org/apache/maven/maven-plugin-registry/2.0.9/maven-plugin-registry-2.0.9.pom (2.0 kB at 68 kB/s)
[INFO] Downloading from central: https://repo.maven.apache.org/maven2/org/apache/maven/maven-core/2.0.9/maven-core-2.0.9.pom
[INFO] Downloaded from central: https://repo.maven.apache.org/maven2/org/apache/maven/maven-core/2.0.9/maven-core-2.0.9.pom (7.8 kB at 288 kB/s)
[INFO] Downloading from central: https://repo.maven.apache.org/maven2/org/apache/maven/maven-plugin-parameter-documenter/2.0.9/maven-plugin-parameter-documenter-2.0.9.pom
[INFO] Downloaded from central: https://repo.maven.apache.org/maven2/org/apache/maven/maven-plugin-parameter-documenter/2.0.9/maven-plugin-parameter-documenter-2.0.9.pom (2.0 kB at 76 kB/s)
[INFO] Downloading from central: https://repo.maven.apache.org/maven2/org/apache/maven/reporting/maven-reporting-api/2.0.9/maven-reporting-api-2.0.9.pom
[INFO] Downloaded from central: https://repo.maven.apache.org/maven2/org/apache/maven/reporting/maven-reporting-api/2.0.9/maven-reporting-api-2.0.9.pom (1.8 kB at 67 kB/s)
[INFO] Downloading from central: https://repo.maven.apache.org/maven2/org/apache/maven/reporting/maven-reporting/2.0.9/maven-reporting-2.0.9.pom
[INFO] Downloaded from central: https://repo.maven.apache.org/maven2/org/apache/maven/reporting/maven-reporting/2.0.9/maven-reporting-2.0.9.pom (1.5 kB at 45 kB/s)
[INFO] Downloading from central: https://repo.maven.apache.org/maven2/org/apache/maven/maven-error-diagnostics/2.0.9/maven-error-diagnostics-2.0.9.pom
[INFO] Downloaded from central: https://repo.maven.apache.org/maven2/org/apache/maven/maven-error-diagnostics/2.0.9/maven-error-diagnostics-2.0.9.pom (1.7 kB at 65 kB/s)
[INFO] Downloading from central: https://repo.maven.apache.org/maven2/org/apache/maven/maven-plugin-descriptor/2.0.9/maven-plugin-descriptor-2.0.9.pom
[INFO] Downloaded from central: https://repo.maven.apache.org/maven2/org/apache/maven/maven-plugin-descriptor/2.0.9/maven-plugin-descriptor-2.0.9.pom (2.1 kB at 77 kB/s)
[INFO] Downloading from central: https://repo.maven.apache.org/maven2/org/apache/maven/maven-monitor/2.0.9/maven-monitor-2.0.9.pom
[INFO] Downloaded from central: https://repo.maven.apache.org/maven2/org/apache/maven/maven-monitor/2.0.9/maven-monitor-2.0.9.pom (1.3 kB at 49 kB/s)
[INFO] Downloading from central: https://repo.maven.apache.org/maven2/org/apache/maven/maven-toolchain/2.0.9/maven-toolchain-2.0.9.pom
[INFO] Downloaded from central: https://repo.maven.apache.org/maven2/org/apache/maven/maven-toolchain/2.0.9/maven-toolchain-2.0.9.pom (3.5 kB at 124 kB/s)
[INFO] Downloading from central: https://repo.maven.apache.org/maven2/org/apache/commons/commons-lang3/3.1/commons-lang3-3.1.pom
[INFO] Downloaded from central: https://repo.maven.apache.org/maven2/org/apache/commons/commons-lang3/3.1/commons-lang3-3.1.pom (17 kB at 576 kB/s)
[INFO] Downloading from central: https://repo.maven.apache.org/maven2/org/apache/commons/commons-parent/22/commons-parent-22.pom
[INFO] Downloaded from central: https://repo.maven.apache.org/maven2/org/apache/commons/commons-parent/22/commons-parent-22.pom (42 kB at 1.3 MB/s)
[INFO] Downloading from central: https://repo.maven.apache.org/maven2/org/apache/apache/9/apache-9.pom
[INFO] Downloaded from central: https://repo.maven.apache.org/maven2/org/apache/apache/9/apache-9.pom (15 kB at 489 kB/s)
[INFO] Downloading from central: https://repo.maven.apache.org/maven2/org/apache/maven/shared/maven-common-artifact-filters/1.3/maven-common-artifact-filters-1.3.pom
[INFO] Downloaded from central: https://repo.maven.apache.org/maven2/org/apache/maven/shared/maven-common-artifact-filters/1.3/maven-common-artifact-filters-1.3.pom (3.7 kB at 106 kB/s)
[INFO] Downloading from central: https://repo.maven.apache.org/maven2/org/apache/maven/shared/maven-shared-components/12/maven-shared-components-12.pom
[INFO] Downloaded from central: https://repo.maven.apache.org/maven2/org/apache/maven/shared/maven-shared-components/12/maven-shared-components-12.pom (9.3 kB at 267 kB/s)
[INFO] Downloading from central: https://repo.maven.apache.org/maven2/org/apache/maven/maven-parent/13/maven-parent-13.pom
[INFO] Downloaded from central: https://repo.maven.apache.org/maven2/org/apache/maven/maven-parent/13/maven-parent-13.pom (23 kB at 566 kB/s)
[INFO] Downloading from central: https://repo.maven.apache.org/maven2/org/apache/maven/maven-plugin-api/2.0.9/maven-plugin-api-2.0.9.jar
[INFO] Downloading from central: https://repo.maven.apache.org/maven2/org/apache/maven/surefire/surefire-booter/2.12.4/surefire-booter-2.12.4.jar
[INFO] Downloading from central: https://repo.maven.apache.org/maven2/org/apache/maven/surefire/surefire-api/2.12.4/surefire-api-2.12.4.jar
[INFO] Downloading from central: https://repo.maven.apache.org/maven2/org/apache/maven/surefire/maven-surefire-common/2.12.4/maven-surefire-common-2.12.4.jar
[INFO] Downloading from central: https://repo.maven.apache.org/maven2/org/apache/commons/commons-lang3/3.1/co
mmons-lang3-3.1.jar[INFO] Downloaded from central: https://repo.maven.apache.org/maven2/org/apache/maven/maven-plugin-api/2.0.9/maven-plugin-api-2.0.9.jar (13 kB at 379 kB/s)
[INFO] Downloading from central: https://repo.maven.apache.org/maven2/org/apache/maven/shared/maven-common-artifact-filters/1.3/maven-common-artifact-filters-1.3.jar
[INFO] Downloaded from central: https://repo.maven.apache.org/maven2/org/apache/maven/shared/maven-common-artifact-filters/1.3/maven-common-artifact-filters-1.3.jar (31 kB at 647 kB/s)
[INFO] Downloading from central: https://repo.maven.apache.org/maven2/org/codehaus/plexus/plexus-utils/3.0.8/plexus-utils-3.0.8.jar
[INFO] Downloaded from central: https://repo.maven.apache.org/maven2/org/apache/maven/surefire/surefire-booter/2.12.4/surefire-booter-2.12.4.jar (35 kB at 347 kB/s)
[INFO] Downloading from central: https://repo.maven.apache.org/maven2/org/apache/maven/maven-artifact/2.0.9/maven-artifact-2.0.9.jar
[INFO] Downloaded from central: https://repo.maven.apache.org/maven2/org/codehaus/plexus/plexus-utils/3.0.8/plexus-utils-3.0.8.jar (232 kB at 2.0 MB/s)
[INFO] Downloading from central: https://repo.maven.apache.org/maven2/org/apache/maven/maven-project/2.0.9/maven-project-2.0.9.jar
[INFO] Downloaded from central: https://repo.maven.apache.org/maven2/org/apache/maven/surefire/surefire-api/2.12.4/surefire-api-2.12.4.jar (118 kB at 877 kB/s)
[INFO] Downloading from central: https://repo.maven.apache.org/maven2/org/apache/maven/maven-settings/2.0.9/maven-settings-2.0.9.jar
[INFO] Downloaded from central: https://repo.maven.apache.org/maven2/org/apache/maven/maven-artifact/2.0.9/maven-artifact-2.0.9.jar (89 kB at 668 kB/s)
[INFO] Downloading from central: https://repo.maven.apache.org/maven2/org/apache/maven/maven-profile/2.0.9/maven-profile-2.0.9.jar
[INFO] Downloaded from central: https://repo.maven.apache.org/maven2/org/apache/maven/surefire/maven-surefire-common/2.12.4/maven-surefire-common-2.12.4.jar (263 kB at 1.8 MB/s)
[INFO] Downloading from central: https://repo.maven.apache.org/maven2/org/apache/maven/maven-model/2.0.9/maven-model-2.0.9.jar
[INFO] Downloaded from central: https://repo.maven.apache.org/maven2/org/apache/commons/commons-lang3/3.1/commons-lang3-3.1.jar (316 kB at 2.1 MB/s)
[INFO] Downloading from central: https://repo.maven.apache.org/maven2/org/apache/maven/maven-artifact-manager/2.0.9/maven-artifact-manager-2.0.9.jar
[INFO] Downloaded from central: https://repo.maven.apache.org/maven2/org/apache/maven/maven-project/2.0.9/maven-project-2.0.9.jar (122 kB at 776 kB/s)
[INFO] Downloading from central: https://repo.maven.apache.org/maven2/org/apache/maven/maven-plugin-registry/2.0.9/maven-plugin-registry-2.0.9.jar
[INFO] Downloaded from central: https://repo.maven.apache.org/maven2/org/apache/maven/maven-settings/2.0.9/maven-settings-2.0.9.jar (49 kB at 307 kB/s)
[INFO] Downloading from central: https://repo.maven.apache.org/maven2/org/apache/maven/maven-core/2.0.9/maven-core-2.0.9.jar
[INFO] Downloaded from central: https://repo.maven.apache.org/maven2/org/apache/maven/maven-profile/2.0.9/maven-profile-2.0.9.jar (35 kB at 212 kB/s)
[INFO] Downloading from central: https://repo.maven.apache.org/maven2/org/apache/maven/maven-plugin-parameter-documenter/2.0.9/maven-plugin-parameter-documenter-2.0.9.jar
[INFO] Downloaded from central: https://repo.maven.apache.org/maven2/org/apache/maven/maven-artifact-manager/2.0.9/maven-artifact-manager-2.0.9.jar (58 kB at 316 kB/s)
[INFO] Downloading from central: https://repo.maven.apache.org/maven2/org/apache/maven/reporting/maven-reporting-api/2.0.9/maven-reporting-api-2.0.9.jar
[INFO] Downloaded from central: https://repo.maven.apache.org/maven2/org/apache/maven/maven-plugin-registry/2.0.9/maven-plugin-registry-2.0.9.jar (29 kB at 157 kB/s)
[INFO] Downloading from central: https://repo.maven.apache.org/maven2/org/apache/maven/maven-repository-metadata/2.0.9/maven-repository-metadata-2.0.9.jar
[INFO] Downloaded from central: https://repo.maven.apache.org/maven2/org/apache/maven/maven-model/2.0.9/maven-model-2.0.9.jar (87 kB at 462 kB/s)
[INFO] Downloading from central: https://repo.maven.apache.org/maven2/org/apache/maven/maven-error-diagnostics/2.0.9/maven-error-diagnostics-2.0.9.jar
[INFO] Downloaded from central: https://repo.maven.apache.org/maven2/org/apache/maven/maven-plugin-parameter-documenter/2.0.9/maven-plugin-parameter-documenter-2.0.9.jar (21 kB at 103 kB/s)
[INFO] Downloading from central: https://repo.maven.apache.org/maven2/org/apache/maven/maven-plugin-descriptor/2.0.9/maven-plugin-descriptor-2.0.9.jar
[INFO] Downloaded from central: https://repo.maven.apache.org/maven2/org/apache/maven/reporting/maven-reporting-api/2.0.9/maven-reporting-api-2.0.9.jar (10 kB at 47 kB/s)
[INFO] Downloading from central: https://repo.maven.apache.org/maven2/org/apache/maven/maven-monitor/2.0.9/maven-monitor-2.0.9.jar
[INFO] Downloaded from central: https://repo.maven.apache.org/maven2/org/apache/maven/maven-repository-metadata/2.0.9/maven-repository-metadata-2.0.9.jar (25 kB at 115 kB/s)
[INFO] Downloading from central: https://repo.maven.apache.org/maven2/org/apache/maven/maven-toolchain/2.0.9/maven-toolchain-2.0.9.jar
[INFO] Downloaded from central: https://repo.maven.apache.org/maven2/org/apache/maven/maven-core/2.0.9/maven-core-2.0.9.jar (160 kB at 726 kB/s)
[INFO] Downloading from central: https://repo.maven.apache.org/maven2/org/apache/maven/plugin-tools/maven-plugin-annotations/3.1/maven-plugin-annotations-3.1.jar
[INFO] Downche/maven/maven-error-diagnostics/2.0.9/maven-error-diagnostics-2.0.9.jar (14 kB at 62 kB/s)
loaded from central: https://repo.maven.apache.org/maven2/org/apa[INFO] Downloaded from central: https://repo.maven.apache.org/maven2/org/apache/maven/maven-plugin-descriptor/2.0.9/maven-plugin-descriptor-2.0.9.jar (37 kB at 157 kB/s)
[INFO] Downloaded from central: https://repo.maven.apache.org/maven2/org/apache/maven/maven-monitor/2.0.9/maven-monitor-2.0.9.jar (10 kB at 43 kB/s)
[INFO] Downltoolchain/2.0.9/maven-toolchain-2.0.9oaded from central: https://repo.maven.apache.org/maven2/org/apache/maven/maven-.jar (38 kB at 152 kB/s)
[INFO] Downloaded from central: https://repo.maven.apache.org/maven2/org/apache/maven/plugin-tools/maven-plugin-annotations/3.1/maven-plugin-annotations-3.1.jar (14 kB at 55 kB/s)
[INFO] No tests to run.
[INFO] 
[INFO] --- maven-jar-plugin:2.4:jar (default-jar) @ AlchimiaVitae ---
[INFO] Building jar: /home/runner/work/builds/builds/SlimeTraditionalTranslation/AlchimiaVitae/master/files/target/AlchimiaVitae-6.jar
[INFO] 
[INFO] --- maven-shade-plugin:3.2.4:shade (default) @ AlchimiaVitae ---
[INFO] Downloading from central: https://repo.maven.apache.org/maven2/commons-codec/commons-codec/1.11/commons-codec-1.11.pom
[INFO] Downloaded from central: https://repo.maven.apache.org/maven2/commons-codec/commons-codec/1.11/commons-codec-1.11.pom (0 B at 0 B/s)
[INFO] Downloading from central: https://repo.maven.apache.org/maven2/org/apache/commons/commons-parent/42/commons-parent-42.pom
[INFO] Downloaded from central: https://repo.maven.apache.org/maven2/org/apache/commons/commons-parent/42/commons-parent-42.pom (0 B at 0 B/s)
[INFO] Including com.github.Mooy1:InfinityLib:jar:c1fe1d8 in the shaded jar.
[INFO] Including net.kyori:adventure-text-minimessage:jar:4.1.0-SNAPSHOT in the shaded jar.
[INFO] Including net.kyori:adventure-api:jar:4.8.1 in the shaded jar.
[INFO] Including net.kyori:adventure-key:jar:4.8.1 in the shaded jar.
[INFO] Including net.kyori:examination-api:jar:1.1.0 in the shaded jar.
[INFO] Including org.checkerframework:checker-qual:jar:3.10.0 in the shaded jar.
[INFO] Including net.kyori:examination-string:jar:1.1.0 in the shaded jar.
[INFO] Including org.jetbrains:annotations:jar:21.0.1 in the shaded jar.
[INFO] Including net.kyori:adventure-platform-bukkit:jar:4.0.0-SNAPSHOT in the shaded jar.
[INFO] Including net.kyori:adventure-platform-api:jar:4.0.0-SNAPSHOT in the shaded jar.
[INFO] Including net.kyori:adventure-text-serializer-craftbukkit:jar:4.0.0-SNAPSHOT in the shaded jar.
[INFO] Including net.kyori:adventure-text-serializer-gson-legacy-impl:jar:4.8.1 in the shaded jar.
[INFO] Including net.kyori:adventure-text-serializer-bungeecord:jar:4.0.0-SNAPSHOT in the shaded jar.
[INFO] Including net.kyori:adventure-text-serializer-legacy:jar:4.8.1 in the shaded jar.
[INFO] Including net.kyori:adventure-nbt:jar:4.8.1 in the shaded jar.
[INFO] Including net.kyori:adventure-text-serializer-gson:jar:4.8.1 in the shaded jar.
[INFO] Including net.kyori:adventure-platform-facet:jar:4.0.0-SNAPSHOT in the shaded jar.
[INFO] Including net.kyori:adventure-platform-viaversion:jar:4.0.0-SNAPSHOT in the shaded jar.
[INFO] Replacing original artifact with shaded artifact.
[INFO] Replacing /home/runner/work/builds/builds/SlimeTraditionalTranslation/AlchimiaVitae/master/files/target/AlchimiaVitae-6.jar with /home/runner/work/builds/builds/SlimeTraditionalTranslation/AlchimiaVitae/master/files/target/AlchimiaVitae-EFI - 6 (git bb1923eb)-shaded.jar
[INFO] Dependency-reduced POM written at: /home/runner/work/builds/builds/SlimeTraditionalTranslation/AlchimiaVitae/master/files/dependency-reduced-pom.xml
[INFO] ------------------------------------------------------------------------
[INFO] BUILD SUCCESS
[INFO] ------------------------------------------------------------------------
[INFO] Total time:  34.332 s
[INFO] Finished at: 2021-08-01T12:27:12Z
[INFO] ------------------------------------------------------------------------
