[INFO] Scanning for projects...
[INFO] 
[INFO] ----------------------< me.apeiros:AlchimiaVitae >----------------------
[INFO] Building AlchimiaVitae EFI - 20 (git bfde8195)
[INFO]   from pom.xml
[INFO] --------------------------------[ jar ]---------------------------------
[INFO] Downloading from maven-snapshots: https://repository.apache.org/content/repositories/snapshots/org/apache/maven/plugins/maven-compiler-plugin/3.8.1/maven-compiler-plugin-3.8.1.pom
[INFO] Downloading from central: https://repo.maven.apache.org/maven2/org/apache/maven/plugins/maven-compiler-plugin/3.8.1/maven-compiler-plugin-3.8.1.pom
[INFO] Downloaded from central: https://repo.maven.apache.org/maven2/org/apache/maven/plugins/maven-compiler-plugin/3.8.1/maven-compiler-plugin-3.8.1.pom (12 kB at 183 kB/s)
[INFO] Downloading from maven-snapshots: https://repository.apache.org/content/repositories/snapshots/org/apache/maven/plugins/maven-plugins/33/maven-plugins-33.pom
[INFO] Downloading from central: https://repo.maven.apache.org/maven2/org/apache/maven/plugins/maven-plugins/33/maven-plugins-33.pom
[INFO] Downloaded from central: https://repo.maven.apache.org/maven2/org/apache/maven/plugins/maven-plugins/33/maven-plugins-33.pom (11 kB at 668 kB/s)
[INFO] Downloading from maven-snapshots: https://repository.apache.org/content/repositories/snapshots/org/apache/maven/plugins/maven-compiler-plugin/3.8.1/maven-compiler-plugin-3.8.1.jar
[INFO] Downloading from central: https://repo.maven.apache.org/maven2/org/apache/maven/plugins/maven-compiler-plugin/3.8.1/maven-compiler-plugin-3.8.1.jar
[INFO] Downloaded from central: https://repo.maven.apache.org/maven2/org/apache/maven/plugins/maven-compiler-plugin/3.8.1/maven-compiler-plugin-3.8.1.jar (62 kB at 3.1 MB/s)
[INFO] Downloading from maven-snapshots: https://repository.apache.org/content/repositories/snapshots/org/apache/maven/plugins/maven-surefire-plugin/2.12.4/maven-surefire-plugin-2.12.4.pom
[INFO] Downloading from central: https://repo.maven.apache.org/maven2/org/apache/maven/plugins/maven-surefire-plugin/2.12.4/maven-surefire-plugin-2.12.4.pom
[INFO] Downloaded from central: https://repo.maven.apache.org/maven2/org/apache/maven/plugins/maven-surefire-plugin/2.12.4/maven-surefire-plugin-2.12.4.pom (10 kB at 806 kB/s)
[INFO] Downloading from maven-snapshots: https://repository.apache.org/content/repositories/snapshots/org/apache/maven/surefire/surefire/2.12.4/surefire-2.12.4.pom
[INFO] Downloading from central: https://repo.maven.apache.org/maven2/org/apache/maven/surefire/surefire/2.12.4/surefire-2.12.4.pom
[INFO] Downloaded from central: https://repo.maven.apache.org/maven2/org/apache/maven/surefire/surefire/2.12.4/surefire-2.12.4.pom (14 kB at 1.4 MB/s)
[INFO] Downloading from maven-snapshots: https://repository.apache.org/content/repositories/snapshots/org/apache/maven/plugins/maven-surefire-plugin/2.12.4/maven-surefire-plugin-2.12.4.jar
[INFO] Downloading from central: https://repo.maven.apache.org/maven2/org/apache/maven/plugins/maven-surefire-plugin/2.12.4/maven-surefire-plugin-2.12.4.jar
[INFO] Downloaded from central: https://repo.maven.apache.org/maven2/org/apache/maven/plugins/maven-surefire-plugin/2.12.4/maven-surefire-plugin-2.12.4.jar (30 kB at 2.5 MB/s)
[INFO] Downloading from maven-snapshots: https://repository.apache.org/content/repositories/snapshots/org/apache/maven/plugins/maven-shade-plugin/3.3.0/maven-shade-plugin-3.3.0.pom
[INFO] Downloading from central: https://repo.maven.apache.org/maven2/org/apache/maven/plugins/maven-shade-plugin/3.3.0/maven-shade-plugin-3.3.0.pom
[INFO] Downloaded from central: https://repo.maven.apache.org/maven2/org/apache/maven/plugins/maven-shade-plugin/3.3.0/maven-shade-plugin-3.3.0.pom (13 kB at 1.1 MB/s)
[INFO] Downloading from maven-snapshots: https://repository.apache.org/content/repositories/snapshots/org/apache/maven/plugins/maven-shade-plugin/3.3.0/maven-shade-plugin-3.3.0.jar
[INFO] Downloading from central: https://repo.maven.apache.org/maven2/org/apache/maven/plugins/maven-shade-plugin/3.3.0/maven-shade-plugin-3.3.0.jar
[INFO] Downloaded from central: https://repo.maven.apache.org/maven2/org/apache/maven/plugins/maven-shade-plugin/3.3.0/maven-shade-plugin-3.3.0.jar (141 kB at 7.4 MB/s)
[INFO] Downloading from sonatype-oss-snapshots: https://oss.sonatype.org/content/repositories/snapshots/org/spigotmc/spigot-api/1.17.1-R0.1-SNAPSHOT/maven-metadata.xml
[INFO] Downloading from papermc: https://papermc.io/repo/repository/maven-public/org/spigotmc/spigot-api/1.17.1-R0.1-SNAPSHOT/maven-metadata.xml
[INFO] Downloaded from papermc: https://papermc.io/repo/repository/maven-public/org/spigotmc/spigot-api/1.17.1-R0.1-SNAPSHOT/maven-metadata.xml (1.5 kB at 859 B/s)
[INFO] Downloading from jitpack.io: https://jitpack.io/com/github/Slimefun/Slimefun4/RC-28/Slimefun4-RC-28.pom
[INFO] Downloaded from jitpack.io: https://jitpack.io/com/github/Slimefun/Slimefun4/RC-28/Slimefun4-RC-28.pom (14 kB at 18 kB/s)
[INFO] Downloading from jitpack.io: https://jitpack.io/com/github/SlimeTraditionalTranslation/InfinityLib/7a28e65c33/InfinityLib-7a28e65c33.pom
[INFO] Downloaded from jitpack.io: https://jitpack.io/com/github/SlimeTraditionalTranslation/InfinityLib/7a28e65c33/InfinityLib-7a28e65c33.pom (6.0 kB at 32 kB/s)
[INFO] Downloading from jitpack.io: https://jitpack.io/net/kyori/adventure-text-minimessage/4.10.1/adventure-text-minimessage-4.10.1.pom
[INFO] Downloading from sonatype-oss-snapshots: https://oss.sonatype.org/content/repositories/snapshots/net/kyori/adventure-text-minimessage/4.10.1/adventure-text-minimessage-4.10.1.pom
[INFO] Downloading from papermc: https://papermc.io/repo/repository/maven-public/net/kyori/adventure-text-minimessage/4.10.1/adventure-text-minimessage-4.10.1.pom
[INFO] Downloaded from papermc: https://papermc.io/repo/repository/maven-public/net/kyori/adventure-text-minimessage/4.10.1/adventure-text-minimessage-4.10.1.pom (3.0 kB at 2.0 kB/s)
[INFO] Downloading from jitpack.io: https://jitpack.io/net/kyori/adventure-bom/4.10.1/adventure-bom-4.10.1.pom
[INFO] Downloading from sonatype-oss-snapshots: https://oss.sonatype.org/content/repositories/snapshots/net/kyori/adventure-bom/4.10.1/adventure-bom-4.10.1.pom
[INFO] Downloading from papermc: https://papermc.io/repo/repository/maven-public/net/kyori/adventure-bom/4.10.1/adventure-bom-4.10.1.pom
[INFO] Downloaded from papermc: https://papermc.io/repo/repository/maven-public/net/kyori/adventure-bom/4.10.1/adventure-bom-4.10.1.pom (4.4 kB at 2.8 kB/s)
[INFO] Downloading from jitpack.io: https://jitpack.io/net/kyori/adventure-api/4.10.1/adventure-api-4.10.1.pom
[INFO] Downloading from sonatype-oss-snapshots: https://oss.sonatype.org/content/repositories/snapshots/net/kyori/adventure-api/4.10.1/adventure-api-4.10.1.pom
[INFO] Downloading from papermc: https://papermc.io/repo/repository/maven-public/net/kyori/adventure-api/4.10.1/adventure-api-4.10.1.pom
[INFO] Downloaded from papermc: https://papermc.io/repo/repository/maven-public/net/kyori/adventure-api/4.10.1/adventure-api-4.10.1.pom (3.5 kB at 7.9 kB/s)
[INFO] Downloading from jitpack.io: https://jitpack.io/net/kyori/adventure-key/4.10.1/adventure-key-4.10.1.pom
[INFO] Downloading from sonatype-oss-snapshots: https://oss.sonatype.org/content/repositories/snapshots/net/kyori/adventure-key/4.10.1/adventure-key-4.10.1.pom
[INFO] Downloading from papermc: https://papermc.io/repo/repository/maven-public/net/kyori/adventure-key/4.10.1/adventure-key-4.10.1.pom
[INFO] Downloaded from papermc: https://papermc.io/repo/repository/maven-public/net/kyori/adventure-key/4.10.1/adventure-key-4.10.1.pom (3.3 kB at 8.1 kB/s)
[INFO] Downloading from jitpack.io: https://jitpack.io/net/kyori/examination-api/1.3.0/examination-api-1.3.0.pom
[INFO] Downloading from sonatype-oss-snapshots: https://oss.sonatype.org/content/repositories/snapshots/net/kyori/examination-api/1.3.0/examination-api-1.3.0.pom
[INFO] Downloading from papermc: https://papermc.io/repo/repository/maven-public/net/kyori/examination-api/1.3.0/examination-api-1.3.0.pom
[INFO] Downloaded from papermc: https://papermc.io/repo/repository/maven-public/net/kyori/examination-api/1.3.0/examination-api-1.3.0.pom (2.1 kB at 4.8 kB/s)
[INFO] Downloading from jitpack.io: https://jitpack.io/org/jetbrains/annotations/22.0.0/annotations-22.0.0.pom
[INFO] Downloading from sonatype-oss-snapshots: https://oss.sonatype.org/content/repositories/snapshots/org/jetbrains/annotations/22.0.0/annotations-22.0.0.pom
[INFO] Downloading from papermc: https://papermc.io/repo/repository/maven-public/org/jetbrains/annotations/22.0.0/annotations-22.0.0.pom
[INFO] Downloaded from papermc: https://papermc.io/repo/repository/maven-public/org/jetbrains/annotations/22.0.0/annotations-22.0.0.pom (1.3 kB at 3.0 kB/s)
[INFO] Downloading from jitpack.io: https://jitpack.io/net/kyori/examination-string/1.3.0/examination-string-1.3.0.pom
[INFO] Downloading from sonatype-oss-snapshots: https://oss.sonatype.org/content/repositories/snapshots/net/kyori/examination-string/1.3.0/examination-string-1.3.0.pom
[INFO] Downloading from papermc: https://papermc.io/repo/repository/maven-public/net/kyori/examination-string/1.3.0/examination-string-1.3.0.pom
[INFO] Downloaded from papermc: https://papermc.io/repo/repository/maven-public/net/kyori/examination-string/1.3.0/examination-string-1.3.0.pom (2.1 kB at 5.1 kB/s)
[INFO] Downloading from jitpack.io: https://jitpack.io/org/jetbrains/annotations/23.0.0/annotations-23.0.0.pom
[INFO] Downloading from sonatype-oss-snapshots: https://oss.sonatype.org/content/repositories/snapshots/org/jetbrains/annotations/23.0.0/annotations-23.0.0.pom
[INFO] Downloading from papermc: https://papermc.io/repo/repository/maven-public/org/jetbrains/annotations/23.0.0/annotations-23.0.0.pom
[INFO] Downloaded from papermc: https://papermc.io/repo/repository/maven-public/org/jetbrains/annotations/23.0.0/annotations-23.0.0.pom (1.4 kB at 3.2 kB/s)
[INFO] Downloading from jitpack.io: https://jitpack.io/net/kyori/adventure-text-serializer-legacy/4.10.1/adventure-text-serializer-legacy-4.10.1.pom
[INFO] Downloading from sonatype-oss-snapshots: https://oss.sonatype.org/content/repositories/snapshots/net/kyori/adventure-text-serializer-legacy/4.10.1/adventure-text-serializer-legacy-4.10.1.pom
[INFO] Downloading from papermc: https://papermc.io/repo/repository/maven-public/net/kyori/adventure-text-serializer-legacy/4.10.1/adventure-text-serializer-legacy-4.10.1.pom
[INFO] Downloaded from papermc: https://papermc.io/repo/repository/maven-public/net/kyori/adventure-text-serializer-legacy/4.10.1/adventure-text-serializer-legacy-4.10.1.pom (2.9 kB at 6.8 kB/s)
[INFO] Downloading from jitpack.io: https://jitpack.io/org/projectlombok/lombok/1.18.24/lombok-1.18.24.pom
[INFO] Downloading from sonatype-oss-snapshots: https://oss.sonatype.org/content/repositories/snapshots/org/projectlombok/lombok/1.18.24/lombok-1.18.24.pom
[INFO] Downloading from papermc: https://papermc.io/repo/repository/maven-public/org/projectlombok/lombok/1.18.24/lombok-1.18.24.pom
[INFO] Downloaded from papermc: https://papermc.io/repo/repository/maven-public/org/projectlombok/lombok/1.18.24/lombok-1.18.24.pom (1.5 kB at 3.7 kB/s)
[INFO] Downloading from papermc: https://papermc.io/repo/repository/maven-public/org/spigotmc/spigot-api/1.17.1-R0.1-SNAPSHOT/spigot-api-1.17.1-R0.1-20211121.234319-104.jar
[INFO] Downloaded from papermc: https://papermc.io/repo/repository/maven-public/org/spigotmc/spigot-api/1.17.1-R0.1-SNAPSHOT/spigot-api-1.17.1-R0.1-20211121.234319-104.jar (0 B at 0 B/s)
[INFO] Downloading from jitpack.io: https://jitpack.io/com/github/Slimefun/Slimefun4/RC-28/Slimefun4-RC-28.jar
[INFO] Downloading from jitpack.io: https://jitpack.io/com/github/SlimeTraditionalTranslation/InfinityLib/7a28e65c33/InfinityLib-7a28e65c33.jar
[INFO] Downloading from jitpack.io: https://jitpack.io/net/kyori/adventure-text-minimessage/4.10.1/adventure-text-minimessage-4.10.1.jar
[INFO] Downloading from jitpack.io: https://jitpack.io/net/kyori/adventure-api/4.10.1/adventure-api-4.10.1.jar
[INFO] Downloading from jitpack.io: https://jitpack.io/net/kyori/adventure-key/4.10.1/adventure-key-4.10.1.jar
[INFO] Downloading from jitpack.io: https://jitpack.io/net/kyori/examination-api/1.3.0/examination-api-1.3.0.jar
[INFO] Downloading from jitpack.io: https://jitpack.io/net/kyori/examination-string/1.3.0/examination-string-1.3.0.jar
[INFO] Downloading from jitpack.io: https://jitpack.io/org/jetbrains/annotations/23.0.0/annotations-23.0.0.jar
[INFO] Downloading from jitpack.io: https://jitpack.io/net/kyori/adventure-text-serializer-legacy/4.10.1/adventure-text-serializer-legacy-4.10.1.jar
[INFO] Downloading from jitpack.io: https://jitpack.io/org/projectlombok/lombok/1.18.24/lombok-1.18.24.jar
[INFO] Downloaded from jitpack.io: https://jitpack.io/com/github/SlimeTraditionalTranslation/InfinityLib/7a28e65c33/InfinityLib-7a28e65c33.jar (106 kB at 274 kB/s)
[INFO] Downloaded from jitpack.io: https://jitpack.io/com/github/Slimefun/Slimefun4/RC-28/Slimefun4-RC-28.jar (4.3 MB at 5.5 MB/s)
[INFO] Downloading from sonatype-oss-snapshots: https://oss.sonatype.org/content/repositories/snapshots/net/kyori/adventure-text-minimessage/4.10.1/adventure-text-minimessage-4.10.1.jar
[INFO] Downloading from sonatype-oss-snapshots: https://oss.sonatype.org/content/repositories/snapshots/net/kyori/adventure-api/4.10.1/adventure-api-4.10.1.jar
[INFO] Downloading from sonatype-oss-snapshots: https://oss.sonatype.org/content/repositories/snapshots/net/kyori/adventure-key/4.10.1/adventure-key-4.10.1.jar
[INFO] Downloading from sonatype-oss-snapshots: https://oss.sonatype.org/content/repositories/snapshots/net/kyori/examination-api/1.3.0/examination-api-1.3.0.jar
[INFO] Downloading from sonatype-oss-snapshots: https://oss.sonatype.org/content/repositories/snapshots/net/kyori/examination-string/1.3.0/examination-string-1.3.0.jar
[INFO] Downloading from sonatype-oss-snapshots: https://oss.sonatype.org/content/repositories/snapshots/org/jetbrains/annotations/23.0.0/annotations-23.0.0.jar
[INFO] Downloading from sonatype-oss-snapshots: https://oss.sonatype.org/content/repositories/snapshots/net/kyori/adventure-text-serializer-legacy/4.10.1/adventure-text-serializer-legacy-4.10.1.jar
[INFO] Downloading from sonatype-oss-snapshots: https://oss.sonatype.org/content/repositories/snapshots/org/projectlombok/lombok/1.18.24/lombok-1.18.24.jar
[INFO] Downloading from papermc: https://papermc.io/repo/repository/maven-public/net/kyori/adventure-text-minimessage/4.10.1/adventure-text-minimessage-4.10.1.jar
[INFO] Downloading from papermc: https://papermc.io/repo/repository/maven-public/net/kyori/adventure-api/4.10.1/adventure-api-4.10.1.jar
[INFO] Downloading from papermc: https://papermc.io/repo/repository/maven-public/net/kyori/adventure-key/4.10.1/adventure-key-4.10.1.jar
[INFO] Downloading from papermc: https://papermc.io/repo/repository/maven-public/net/kyori/examination-api/1.3.0/examination-api-1.3.0.jar
[INFO] Downloading from papermc: https://papermc.io/repo/repository/maven-public/net/kyori/examination-string/1.3.0/examination-string-1.3.0.jar
[INFO] Downloaded from papermc: https://papermc.io/repo/repository/maven-public/net/kyori/adventure-text-minimessage/4.10.1/adventure-text-minimessage-4.10.1.jar (144 kB at 356 kB/s)
[INFO] Downloading from papermc: https://papermc.io/repo/repository/maven-public/org/jetbrains/annotations/23.0.0/annotations-23.0.0.jar
[INFO] Downloaded from papermc: https://papermc.io/repo/repository/maven-public/net/kyori/adventure-key/4.10.1/adventure-key-4.10.1.jar (8.5 kB at 20 kB/s)
[INFO] Downloading from papermc: https://papermc.io/repo/repository/maven-public/net/kyori/adventure-text-serializer-legacy/4.10.1/adventure-text-serializer-legacy-4.10.1.jar
[INFO] Downloaded from papermc: https://papermc.io/repo/repository/maven-public/org/jetbrains/annotations/23.0.0/annotations-23.0.0.jar (29 kB at 37 kB/s)
[INFO] Downloading from papermc: https://papermc.io/repo/repository/maven-public/org/projectlombok/lombok/1.18.24/lombok-1.18.24.jar
[INFO] Downloaded from papermc: https://papermc.io/repo/repository/maven-public/net/kyori/adventure-text-serializer-legacy/4.10.1/adventure-text-serializer-legacy-4.10.1.jar (24 kB at 29 kB/s)
[INFO] Downloaded from papermc: https://papermc.io/repo/repository/maven-public/net/kyori/examination-string/1.3.0/examination-string-1.3.0.jar (13 kB at 14 kB/s)
[INFO] Downloaded from papermc: https://papermc.io/repo/repository/maven-public/net/kyori/examination-api/1.3.0/examination-api-1.3.0.jar (23 kB at 23 kB/s)
[INFO] Downloaded from papermc: https://papermc.io/repo/repository/maven-public/net/kyori/adventure-api/4.10.1/adventure-api-4.10.1.jar (309 kB at 298 kB/s)
[INFO] Downloaded from papermc: https://papermc.io/repo/repository/maven-public/org/projectlombok/lombok/1.18.24/lombok-1.18.24.jar (2.0 MB at 1.4 MB/s)
[INFO] 
[INFO] --- maven-clean-plugin:2.5:clean (default-clean) @ AlchimiaVitae ---
[INFO] 
[INFO] --- exec-maven-plugin:3.1.0:exec (translate-replace) @ AlchimiaVitae ---
Replaced 164/164 keys (100.00%) successfully.
[INFO] 
[INFO] --- maven-resources-plugin:2.6:resources (default-resources) @ AlchimiaVitae ---
[INFO] Using 'UTF-8' encoding to copy filtered resources.
[INFO] Copying 2 resources
[INFO] 
[INFO] --- maven-compiler-plugin:3.8.1:compile (default-compile) @ AlchimiaVitae ---
[INFO] Downloading from maven-snapshots: https://repository.apache.org/content/repositories/snapshots/org/codehaus/plexus/plexus-component-annotations/1.7.1/plexus-component-annotations-1.7.1.pom
[INFO] Downloading from central: https://repo.maven.apache.org/maven2/org/codehaus/plexus/plexus-component-annotations/1.7.1/plexus-component-annotations-1.7.1.pom
[INFO] Downloaded from central: https://repo.maven.apache.org/maven2/org/codehaus/plexus/plexus-component-annotations/1.7.1/plexus-component-annotations-1.7.1.pom (770 B at 86 kB/s)
[INFO] Downloading from maven-snapshots: https://repository.apache.org/content/repositories/snapshots/org/codehaus/plexus/plexus-containers/1.7.1/plexus-containers-1.7.1.pom
[INFO] Downloading from central: https://repo.maven.apache.org/maven2/org/codehaus/plexus/plexus-containers/1.7.1/plexus-containers-1.7.1.pom
[INFO] Downloaded from central: https://repo.maven.apache.org/maven2/org/codehaus/plexus/plexus-containers/1.7.1/plexus-containers-1.7.1.pom (5.0 kB at 629 kB/s)
[INFO] Downloading from maven-snapshots: https://repository.apache.org/content/repositories/snapshots/org/apache/maven/shared/maven-shared-utils/3.2.1/maven-shared-utils-3.2.1.pom
[INFO] Downloading from central: https://repo.maven.apache.org/maven2/org/apache/maven/shared/maven-shared-utils/3.2.1/maven-shared-utils-3.2.1.pom
[INFO] Downloaded from central: https://repo.maven.apache.org/maven2/org/apache/maven/shared/maven-shared-utils/3.2.1/maven-shared-utils-3.2.1.pom (5.6 kB at 805 kB/s)
[INFO] Downloading from maven-snapshots: https://repository.apache.org/content/repositories/snapshots/org/codehaus/plexus/plexus-java/0.9.10/plexus-java-0.9.10.pom
[INFO] Downloading from central: https://repo.maven.apache.org/maven2/org/codehaus/plexus/plexus-java/0.9.10/plexus-java-0.9.10.pom
[INFO] Downloaded from central: https://repo.maven.apache.org/maven2/org/codehaus/plexus/plexus-java/0.9.10/plexus-java-0.9.10.pom (5.1 kB at 319 kB/s)
[INFO] Downloading from maven-snapshots: https://repository.apache.org/content/repositories/snapshots/org/codehaus/plexus/plexus-languages/0.9.10/plexus-languages-0.9.10.pom
[INFO] Downloading from central: https://repo.maven.apache.org/maven2/org/codehaus/plexus/plexus-languages/0.9.10/plexus-languages-0.9.10.pom
[INFO] Downloaded from central: https://repo.maven.apache.org/maven2/org/codehaus/plexus/plexus-languages/0.9.10/plexus-languages-0.9.10.pom (4.1 kB at 153 kB/s)
[INFO] Downloading from maven-snapshots: https://repository.apache.org/content/repositories/snapshots/org/ow2/asm/asm/6.2/asm-6.2.pom
[INFO] Downloading from central: https://repo.maven.apache.org/maven2/org/ow2/asm/asm/6.2/asm-6.2.pom
[INFO] Downloaded from central: https://repo.maven.apache.org/maven2/org/ow2/asm/asm/6.2/asm-6.2.pom (2.9 kB at 419 kB/s)
[INFO] Downloading from maven-snapshots: https://repository.apache.org/content/repositories/snapshots/org/codehaus/plexus/plexus-compiler-api/2.8.4/plexus-compiler-api-2.8.4.pom
[INFO] Downloading from central: https://repo.maven.apache.org/maven2/org/codehaus/plexus/plexus-compiler-api/2.8.4/plexus-compiler-api-2.8.4.pom
[INFO] Downloaded from central: https://repo.maven.apache.org/maven2/org/codehaus/plexus/plexus-compiler-api/2.8.4/plexus-compiler-api-2.8.4.pom (867 B at 32 kB/s)
[INFO] Downloading from maven-snapshots: https://repository.apache.org/content/repositories/snapshots/org/codehaus/plexus/plexus-compiler/2.8.4/plexus-compiler-2.8.4.pom
[INFO] Downloading from central: https://repo.maven.apache.org/maven2/org/codehaus/plexus/plexus-compiler/2.8.4/plexus-compiler-2.8.4.pom
[INFO] Downloaded from central: https://repo.maven.apache.org/maven2/org/codehaus/plexus/plexus-compiler/2.8.4/plexus-compiler-2.8.4.pom (6.0 kB at 754 kB/s)
[INFO] Downloading from maven-snapshots: https://repository.apache.org/content/repositories/snapshots/org/codehaus/plexus/plexus-components/4.0/plexus-components-4.0.pom
[INFO] Downloading from central: https://repo.maven.apache.org/maven2/org/codehaus/plexus/plexus-components/4.0/plexus-components-4.0.pom
[INFO] Downloaded from central: https://repo.maven.apache.org/maven2/org/codehaus/plexus/plexus-components/4.0/plexus-components-4.0.pom (2.7 kB at 380 kB/s)
[INFO] Downloading from maven-snapshots: https://repository.apache.org/content/repositories/snapshots/org/codehaus/plexus/plexus-utils/3.0.22/plexus-utils-3.0.22.pom
[INFO] Downloading from central: https://repo.maven.apache.org/maven2/org/codehaus/plexus/plexus-utils/3.0.22/plexus-utils-3.0.22.pom
[INFO] Downloaded from central: https://repo.maven.apache.org/maven2/org/codehaus/plexus/plexus-utils/3.0.22/plexus-utils-3.0.22.pom (3.8 kB at 479 kB/s)
[INFO] Downloading from maven-snapshots: https://repository.apache.org/content/repositories/snapshots/org/codehaus/plexus/plexus-compiler-manager/2.8.4/plexus-compiler-manager-2.8.4.pom
[INFO] Downloading from central: https://repo.maven.apache.org/maven2/org/codehaus/plexus/plexus-compiler-manager/2.8.4/plexus-compiler-manager-2.8.4.pom
[INFO] Downloaded from central: https://repo.maven.apache.org/maven2/org/codehaus/plexus/plexus-compiler-manager/2.8.4/plexus-compiler-manager-2.8.4.pom (692 B at 99 kB/s)
[INFO] Downloading from maven-snapshots: https://repository.apache.org/content/repositories/snapshots/org/codehaus/plexus/plexus-compiler-javac/2.8.4/plexus-compiler-javac-2.8.4.pom
[INFO] Downloading from central: https://repo.maven.apache.org/maven2/org/codehaus/plexus/plexus-compiler-javac/2.8.4/plexus-compiler-javac-2.8.4.pom
[INFO] Downloaded from central: https://repo.maven.apache.org/maven2/org/codehaus/plexus/plexus-compiler-javac/2.8.4/plexus-compiler-javac-2.8.4.pom (771 B at 59 kB/s)
[INFO] Downloading from maven-snapshots: https://repository.apache.org/content/repositories/snapshots/org/codehaus/plexus/plexus-compilers/2.8.4/plexus-compilers-2.8.4.pom
[INFO] Downloading from central: https://repo.maven.apache.org/maven2/org/codehaus/plexus/plexus-compilers/2.8.4/plexus-compilers-2.8.4.pom
[INFO] Downloaded from central: https://repo.maven.apache.org/maven2/org/codehaus/plexus/plexus-compilers/2.8.4/plexus-compilers-2.8.4.pom (1.3 kB at 168 kB/s)
[INFO] Downloading from maven-snapshots: https://repository.apache.org/content/repositories/snapshots/org/codehaus/plexus/plexus-utils/2.0.4/plexus-utils-2.0.4.jar
[INFO] Downloading from maven-snapshots: https://repository.apache.org/content/repositories/snapshots/org/codehaus/plexus/plexus-component-annotations/1.7.1/plexus-component-annotations-1.7.1.jar
[INFO] Downloading from maven-snapshots: https://repository.apache.org/content/repositories/snapshots/org/apache/maven/shared/maven-shared-utils/3.2.1/maven-shared-utils-3.2.1.jar
[INFO] Downloading from maven-snapshots: https://repository.apache.org/content/repositories/snapshots/commons-io/commons-io/2.5/commons-io-2.5.jar
[INFO] Downloading from maven-snapshots: https://repository.apache.org/content/repositories/snapshots/org/codehaus/plexus/plexus-java/0.9.10/plexus-java-0.9.10.jar
[INFO] Downloading from maven-snapshots: https://repository.apache.org/content/repositories/snapshots/org/ow2/asm/asm/6.2/asm-6.2.jar
[INFO] Downloading from maven-snapshots: https://repository.apache.org/content/repositories/snapshots/org/codehaus/plexus/plexus-compiler-api/2.8.4/plexus-compiler-api-2.8.4.jar
[INFO] Downloading from maven-snapshots: https://repository.apache.org/content/repositories/snapshots/org/codehaus/plexus/plexus-compiler-manager/2.8.4/plexus-compiler-manager-2.8.4.jar
[INFO] Downloading from maven-snapshots: https://repository.apache.org/content/repositories/snapshots/org/codehaus/plexus/plexus-compiler-javac/2.8.4/plexus-compiler-javac-2.8.4.jar
[INFO] Downloading from central: https://repo.maven.apache.org/maven2/org/codehaus/plexus/plexus-utils/2.0.4/plexus-utils-2.0.4.jar
[INFO] Downloading from central: https://repo.maven.apache.org/maven2/org/apache/maven/shared/maven-shared-utils/3.2.1/maven-shared-utils-3.2.1.jar
[INFO] Downloading from central: https://repo.maven.apache.org/maven2/org/codehaus/plexus/plexus-component-annotations/1.7.1/plexus-component-annotations-1.7.1.jar
[INFO] Downloading from central: https://repo.maven.apache.org/maven2/org/codehaus/plexus/plexus-java/0.9.10/plexus-java-0.9.10.jar
[INFO] Downloading from central: https://repo.maven.apache.org/maven2/commons-io/commons-io/2.5/commons-io-2.5.jar
[INFO] Downloaded from central: https://repo.maven.apache.org/maven2/org/codehaus/plexus/plexus-component-annotations/1.7.1/plexus-component-annotations-1.7.1.jar (4.3 kB at 252 kB/s)
[INFO] Downloading from central: https://repo.maven.apache.org/maven2/org/ow2/asm/asm/6.2/asm-6.2.jar
[INFO] Downloaded from central: https://repo.maven.apache.org/maven2/commons-io/commons-io/2.5/commons-io-2.5.jar (209 kB at 6.3 MB/s)
[INFO] Downloading from central: https://repo.maven.apache.org/maven2/org/codehaus/plexus/plexus-compiler-api/2.8.4/plexus-compiler-api-2.8.4.jar
[INFO] Downloaded from central: https://repo.maven.apache.org/maven2/org/codehaus/plexus/plexus-utils/2.0.4/plexus-utils-2.0.4.jar (222 kB at 5.0 MB/s)
[INFO] Downloaded from central: https://repo.maven.apache.org/maven2/org/codehaus/plexus/plexus-java/0.9.10/plexus-java-0.9.10.jar (39 kB at 876 kB/s)
[INFO] Downloading from central: https://repo.maven.apache.org/maven2/org/codehaus/plexus/plexus-compiler-manager/2.8.4/plexus-compiler-manager-2.8.4.jar
[INFO] Downloading from central: https://repo.maven.apache.org/maven2/org/codehaus/plexus/plexus-compiler-javac/2.8.4/plexus-compiler-javac-2.8.4.jar
[INFO] Downloaded from central: https://repo.maven.apache.org/maven2/org/ow2/asm/asm/6.2/asm-6.2.jar (111 kB at 2.3 MB/s)
[INFO] Downloaded from central: https://repo.maven.apache.org/maven2/org/codehaus/plexus/plexus-compiler-api/2.8.4/plexus-compiler-api-2.8.4.jar (27 kB at 511 kB/s)
[INFO] Downloaded from central: https://repo.maven.apache.org/maven2/org/codehaus/plexus/plexus-compiler-manager/2.8.4/plexus-compiler-manager-2.8.4.jar (4.7 kB at 86 kB/s)
[INFO] Downloaded from central: https://repo.maven.apache.org/maven2/org/apache/maven/shared/maven-shared-utils/3.2.1/maven-shared-utils-3.2.1.jar (167 kB at 2.9 MB/s)
[INFO] Downloaded from central: https://repo.maven.apache.org/maven2/org/codehaus/plexus/plexus-compiler-javac/2.8.4/plexus-compiler-javac-2.8.4.jar (21 kB at 367 kB/s)
[INFO] Changes detected - recompiling the module!
[INFO] Compiling 22 source files to /home/runner/work/builds/builds/SlimeTraditionalTranslation/AlchimiaVitae/master/files/target/classes
[INFO] /home/runner/work/builds/builds/SlimeTraditionalTranslation/AlchimiaVitae/master/files/src/main/java/me/apeiros/alchimiavitae/setup/items/crafters/AbstractCrafter.java: /home/runner/work/builds/builds/SlimeTraditionalTranslation/AlchimiaVitae/master/files/src/main/java/me/apeiros/alchimiavitae/setup/items/crafters/AbstractCrafter.java uses or overrides a deprecated API.
[INFO] /home/runner/work/builds/builds/SlimeTraditionalTranslation/AlchimiaVitae/master/files/src/main/java/me/apeiros/alchimiavitae/setup/items/crafters/AbstractCrafter.java: Recompile with -Xlint:deprecation for details.
[INFO] 
[INFO] --- maven-resources-plugin:2.6:testResources (default-testResources) @ AlchimiaVitae ---
[INFO] Using 'UTF-8' encoding to copy filtered resources.
[INFO] skip non existing resourceDirectory /home/runner/work/builds/builds/SlimeTraditionalTranslation/AlchimiaVitae/master/files/src/test/resources
[INFO] 
[INFO] --- maven-compiler-plugin:3.8.1:testCompile (default-testCompile) @ AlchimiaVitae ---
[INFO] No sources to compile
[INFO] 
[INFO] --- maven-surefire-plugin:2.12.4:test (default-test) @ AlchimiaVitae ---
[INFO] Downloading from maven-snapshots: https://repository.apache.org/content/repositories/snapshots/org/apache/maven/surefire/surefire-booter/2.12.4/surefire-booter-2.12.4.pom
[INFO] Downloading from central: https://repo.maven.apache.org/maven2/org/apache/maven/surefire/surefire-booter/2.12.4/surefire-booter-2.12.4.pom
[INFO] Downloaded from central: https://repo.maven.apache.org/maven2/org/apache/maven/surefire/surefire-booter/2.12.4/surefire-booter-2.12.4.pom (3.0 kB at 379 kB/s)
[INFO] Downloading from maven-snapshots: https://repository.apache.org/content/repositories/snapshots/org/apache/maven/surefire/surefire-api/2.12.4/surefire-api-2.12.4.pom
[INFO] Downloading from central: https://repo.maven.apache.org/maven2/org/apache/maven/surefire/surefire-api/2.12.4/surefire-api-2.12.4.pom
[INFO] Downloaded from central: https://repo.maven.apache.org/maven2/org/apache/maven/surefire/surefire-api/2.12.4/surefire-api-2.12.4.pom (2.5 kB at 277 kB/s)
[INFO] Downloading from maven-snapshots: https://repository.apache.org/content/repositories/snapshots/org/apache/maven/surefire/maven-surefire-common/2.12.4/maven-surefire-common-2.12.4.pom
[INFO] Downloading from central: https://repo.maven.apache.org/maven2/org/apache/maven/surefire/maven-surefire-common/2.12.4/maven-surefire-common-2.12.4.pom
[INFO] Downloaded from central: https://repo.maven.apache.org/maven2/org/apache/maven/surefire/maven-surefire-common/2.12.4/maven-surefire-common-2.12.4.pom (5.5 kB at 614 kB/s)
[INFO] Downloading from maven-snapshots: https://repository.apache.org/content/repositories/snapshots/org/apache/maven/plugin-tools/maven-plugin-annotations/3.1/maven-plugin-annotations-3.1.pom
[INFO] Downloading from central: https://repo.maven.apache.org/maven2/org/apache/maven/plugin-tools/maven-plugin-annotations/3.1/maven-plugin-annotations-3.1.pom
[INFO] Downloaded from central: https://repo.maven.apache.org/maven2/org/apache/maven/plugin-tools/maven-plugin-annotations/3.1/maven-plugin-annotations-3.1.pom (1.6 kB at 203 kB/s)
[INFO] Downloading from maven-snapshots: https://repository.apache.org/content/repositories/snapshots/org/apache/maven/plugin-tools/maven-plugin-tools/3.1/maven-plugin-tools-3.1.pom
[INFO] Downloading from central: https://repo.maven.apache.org/maven2/org/apache/maven/plugin-tools/maven-plugin-tools/3.1/maven-plugin-tools-3.1.pom
[INFO] Downloaded from central: https://repo.maven.apache.org/maven2/org/apache/maven/plugin-tools/maven-plugin-tools/3.1/maven-plugin-tools-3.1.pom (16 kB at 2.3 MB/s)
[INFO] Downloading from maven-snapshots: https://repository.apache.org/content/repositories/snapshots/org/apache/maven/reporting/maven-reporting-api/2.0.9/maven-reporting-api-2.0.9.pom
[INFO] Downloading from central: https://repo.maven.apache.org/maven2/org/apache/maven/reporting/maven-reporting-api/2.0.9/maven-reporting-api-2.0.9.pom
[INFO] Downloaded from central: https://repo.maven.apache.org/maven2/org/apache/maven/reporting/maven-reporting-api/2.0.9/maven-reporting-api-2.0.9.pom (1.8 kB at 300 kB/s)
[INFO] Downloading from maven-snapshots: https://repository.apache.org/content/repositories/snapshots/org/apache/maven/reporting/maven-reporting/2.0.9/maven-reporting-2.0.9.pom
[INFO] Downloading from central: https://repo.maven.apache.org/maven2/org/apache/maven/reporting/maven-reporting/2.0.9/maven-reporting-2.0.9.pom
[INFO] Downloaded from central: https://repo.maven.apache.org/maven2/org/apache/maven/reporting/maven-reporting/2.0.9/maven-reporting-2.0.9.pom (1.5 kB at 246 kB/s)
[INFO] Downloading from maven-snapshots: https://repository.apache.org/content/repositories/snapshots/org/apache/maven/maven-toolchain/2.0.9/maven-toolchain-2.0.9.pom
[INFO] Downloading from central: https://repo.maven.apache.org/maven2/org/apache/maven/maven-toolchain/2.0.9/maven-toolchain-2.0.9.pom
[INFO] Downloaded from central: https://repo.maven.apache.org/maven2/org/apache/maven/maven-toolchain/2.0.9/maven-toolchain-2.0.9.pom (3.5 kB at 497 kB/s)
[INFO] Downloading from maven-snapshots: https://repository.apache.org/content/repositories/snapshots/org/apache/commons/commons-lang3/3.1/commons-lang3-3.1.pom
[INFO] Downloading from central: https://repo.maven.apache.org/maven2/org/apache/commons/commons-lang3/3.1/commons-lang3-3.1.pom
[INFO] Downloaded from central: https://repo.maven.apache.org/maven2/org/apache/commons/commons-lang3/3.1/commons-lang3-3.1.pom (17 kB at 1.0 MB/s)
[INFO] Downloading from maven-snapshots: https://repository.apache.org/content/repositories/snapshots/org/apache/commons/commons-parent/22/commons-parent-22.pom
[INFO] Downloading from central: https://repo.maven.apache.org/maven2/org/apache/commons/commons-parent/22/commons-parent-22.pom
[INFO] Downloaded from central: https://repo.maven.apache.org/maven2/org/apache/commons/commons-parent/22/commons-parent-22.pom (42 kB at 5.2 MB/s)
[INFO] Downloading from maven-snapshots: https://repository.apache.org/content/repositories/snapshots/org/apache/apache/9/apache-9.pom
[INFO] Downloading from central: https://repo.maven.apache.org/maven2/org/apache/apache/9/apache-9.pom
[INFO] Downloaded from central: https://repo.maven.apache.org/maven2/org/apache/apache/9/apache-9.pom (15 kB at 1.9 MB/s)
[INFO] Downloading from maven-snapshots: https://repository.apache.org/content/repositories/snapshots/org/apache/maven/shared/maven-common-artifact-filters/1.3/maven-common-artifact-filters-1.3.pom
[INFO] Downloading from central: https://repo.maven.apache.org/maven2/org/apache/maven/shared/maven-common-artifact-filters/1.3/maven-common-artifact-filters-1.3.pom
[INFO] Downloaded from central: https://repo.maven.apache.org/maven2/org/apache/maven/shared/maven-common-artifact-filters/1.3/maven-common-artifact-filters-1.3.pom (3.7 kB at 529 kB/s)
[INFO] Downloading from maven-snapshots: https://repository.apache.org/content/repositories/snapshots/org/apache/maven/shared/maven-shared-components/12/maven-shared-components-12.pom
[INFO] Downloading from central: https://repo.maven.apache.org/maven2/org/apache/maven/shared/maven-shared-components/12/maven-shared-components-12.pom
[INFO] Downloaded from central: https://repo.maven.apache.org/maven2/org/apache/maven/shared/maven-shared-components/12/maven-shared-components-12.pom (9.3 kB at 1.3 MB/s)
[INFO] Downloading from maven-snapshots: https://repository.apache.org/content/repositories/snapshots/org/apache/maven/maven-parent/13/maven-parent-13.pom
[INFO] Downloading from central: https://repo.maven.apache.org/maven2/org/apache/maven/maven-parent/13/maven-parent-13.pom
[INFO] Downloaded from central: https://repo.maven.apache.org/maven2/org/apache/maven/maven-parent/13/maven-parent-13.pom (23 kB at 3.2 MB/s)
[INFO] Downloading from maven-snapshots: https://repository.apache.org/content/repositories/snapshots/org/codehaus/plexus/plexus-container-default/1.0-alpha-9/plexus-container-default-1.0-alpha-9.pom
[INFO] Downloading from central: https://repo.maven.apache.org/maven2/org/codehaus/plexus/plexus-container-default/1.0-alpha-9/plexus-container-default-1.0-alpha-9.pom
[INFO] Downloaded from central: https://repo.maven.apache.org/maven2/org/codehaus/plexus/plexus-container-default/1.0-alpha-9/plexus-container-default-1.0-alpha-9.pom (1.2 kB at 206 kB/s)
[INFO] Downloading from maven-snapshots: https://repository.apache.org/content/repositories/snapshots/org/apache/maven/surefire/surefire-booter/2.12.4/surefire-booter-2.12.4.jar
[INFO] Downloading from maven-snapshots: https://repository.apache.org/content/repositories/snapshots/org/apache/maven/surefire/surefire-api/2.12.4/surefire-api-2.12.4.jar
[INFO] Downloading from maven-snapshots: https://repository.apache.org/content/repositories/snapshots/org/apache/maven/surefire/maven-surefire-common/2.12.4/maven-surefire-common-2.12.4.jar
[INFO] Downloading from maven-snapshots: https://repository.apache.org/content/repositories/snapshots/org/apache/commons/commons-lang3/3.1/commons-lang3-3.1.jar
[INFO] Downloading from maven-snapshots: https://repository.apache.org/content/repositories/snapshots/org/apache/maven/shared/maven-common-artifact-filters/1.3/maven-common-artifact-filters-1.3.jar
[INFO] Downloading from maven-snapshots: https://repository.apache.org/content/repositories/snapshots/org/codehaus/plexus/plexus-utils/3.0.8/plexus-utils-3.0.8.jar
[INFO] Downloading from maven-snapshots: https://repository.apache.org/content/repositories/snapshots/org/apache/maven/reporting/maven-reporting-api/2.0.9/maven-reporting-api-2.0.9.jar
[INFO] Downloading from maven-snapshots: https://repository.apache.org/content/repositories/snapshots/org/apache/maven/maven-toolchain/2.0.9/maven-toolchain-2.0.9.jar
[INFO] Downloading from maven-snapshots: https://repository.apache.org/content/repositories/snapshots/org/apache/maven/plugin-tools/maven-plugin-annotations/3.1/maven-plugin-annotations-3.1.jar
[INFO] Downloading from central: https://repo.maven.apache.org/maven2/org/apache/maven/surefire/surefire-booter/2.12.4/surefire-booter-2.12.4.jar
[INFO] Downloading from central: https://repo.maven.apache.org/maven2/org/apache/maven/surefire/surefire-api/2.12.4/surefire-api-2.12.4.jar
[INFO] Downloaded from central: https://repo.maven.apache.org/maven2/org/apache/maven/surefire/surefire-booter/2.12.4/surefire-booter-2.12.4.jar (35 kB at 2.9 MB/s)
[INFO] Downloading from central: https://repo.maven.apache.org/maven2/org/apache/maven/surefire/maven-surefire-common/2.12.4/maven-surefire-common-2.12.4.jar
[INFO] Downloading from central: https://repo.maven.apache.org/maven2/org/apache/commons/commons-lang3/3.1/commons-lang3-3.1.jar
[INFO] Downloading from central: https://repo.maven.apache.org/maven2/org/codehaus/plexus/plexus-utils/3.0.8/plexus-utils-3.0.8.jar
[INFO] Downloaded from central: https://repo.maven.apache.org/maven2/org/apache/maven/surefire/surefire-api/2.12.4/surefire-api-2.12.4.jar (118 kB at 3.9 MB/s)
[INFO] Downloading from central: https://repo.maven.apache.org/maven2/org/apache/maven/reporting/maven-reporting-api/2.0.9/maven-reporting-api-2.0.9.jar
[INFO] Downloading from central: https://repo.maven.apache.org/maven2/org/apache/maven/shared/maven-common-artifact-filters/1.3/maven-common-artifact-filters-1.3.jar
[INFO] Downloaded from central: https://repo.maven.apache.org/maven2/org/apache/maven/reporting/maven-reporting-api/2.0.9/maven-reporting-api-2.0.9.jar (10 kB at 922 kB/s)
[INFO] Downloading from central: https://repo.maven.apache.org/maven2/org/apache/maven/maven-toolchain/2.0.9/maven-toolchain-2.0.9.jar
[INFO] Downloaded from central: https://repo.maven.apache.org/maven2/org/codehaus/plexus/plexus-utils/3.0.8/plexus-utils-3.0.8.jar (232 kB at 18 MB/s)
[INFO] Downloading from central: https://repo.maven.apache.org/maven2/org/apache/maven/plugin-tools/maven-plugin-annotations/3.1/maven-plugin-annotations-3.1.jar
[INFO] Downloaded from central: https://repo.maven.apache.org/maven2/org/apache/maven/maven-toolchain/2.0.9/maven-toolchain-2.0.9.jar (38 kB at 1.5 MB/s)
[INFO] Downloaded from central: https://repo.maven.apache.org/maven2/org/apache/maven/surefire/maven-surefire-common/2.12.4/maven-surefire-common-2.12.4.jar (263 kB at 5.1 MB/s)
[INFO] Downloaded from central: https://repo.maven.apache.org/maven2/org/apache/maven/shared/maven-common-artifact-filters/1.3/maven-common-artifact-filters-1.3.jar (31 kB at 634 kB/s)
[INFO] Downloaded from central: https://repo.maven.apache.org/maven2/org/apache/commons/commons-lang3/3.1/commons-lang3-3.1.jar (316 kB at 5.2 MB/s)
[INFO] Downloaded from central: https://repo.maven.apache.org/maven2/org/apache/maven/plugin-tools/maven-plugin-annotations/3.1/maven-plugin-annotations-3.1.jar (14 kB at 286 kB/s)
[INFO] No tests to run.
[INFO] 
[INFO] --- maven-jar-plugin:2.4:jar (default-jar) @ AlchimiaVitae ---
[INFO] Building jar: /home/runner/work/builds/builds/SlimeTraditionalTranslation/AlchimiaVitae/master/files/target/AlchimiaVitae-20.jar
[INFO] 
[INFO] --- maven-shade-plugin:3.3.0:shade (default) @ AlchimiaVitae ---
[INFO] Downloading from maven-snapshots: https://repository.apache.org/content/repositories/snapshots/org/apache/maven/shared/maven-artifact-transfer/0.13.1/maven-artifact-transfer-0.13.1.pom
[INFO] Downloading from central: https://repo.maven.apache.org/maven2/org/apache/maven/shared/maven-artifact-transfer/0.13.1/maven-artifact-transfer-0.13.1.pom
[INFO] Downloaded from central: https://repo.maven.apache.org/maven2/org/apache/maven/shared/maven-artifact-transfer/0.13.1/maven-artifact-transfer-0.13.1.pom (11 kB at 416 kB/s)
[INFO] Downloading from maven-snapshots: https://repository.apache.org/content/repositories/snapshots/org/apache/maven/shared/maven-shared-components/34/maven-shared-components-34.pom
[INFO] Downloading from central: https://repo.maven.apache.org/maven2/org/apache/maven/shared/maven-shared-components/34/maven-shared-components-34.pom
[INFO] Downloaded from central: https://repo.maven.apache.org/maven2/org/apache/maven/shared/maven-shared-components/34/maven-shared-components-34.pom (5.1 kB at 566 kB/s)
[INFO] Downloading from maven-snapshots: https://repository.apache.org/content/repositories/snapshots/org/slf4j/slf4j-api/1.7.32/slf4j-api-1.7.32.pom
[INFO] Downloading from central: https://repo.maven.apache.org/maven2/org/slf4j/slf4j-api/1.7.32/slf4j-api-1.7.32.pom
[INFO] Downloaded from central: https://repo.maven.apache.org/maven2/org/slf4j/slf4j-api/1.7.32/slf4j-api-1.7.32.pom (3.8 kB at 384 kB/s)
[INFO] Downloading from maven-snapshots: https://repository.apache.org/content/repositories/snapshots/org/slf4j/slf4j-parent/1.7.32/slf4j-parent-1.7.32.pom
[INFO] Downloading from central: https://repo.maven.apache.org/maven2/org/slf4j/slf4j-parent/1.7.32/slf4j-parent-1.7.32.pom
[INFO] Downloaded from central: https://repo.maven.apache.org/maven2/org/slf4j/slf4j-parent/1.7.32/slf4j-parent-1.7.32.pom (14 kB at 1.7 MB/s)
[INFO] Downloading from maven-snapshots: https://repository.apache.org/content/repositories/snapshots/org/ow2/asm/asm/9.2/asm-9.2.pom
[INFO] Downloading from central: https://repo.maven.apache.org/maven2/org/ow2/asm/asm/9.2/asm-9.2.pom
[INFO] Downloaded from central: https://repo.maven.apache.org/maven2/org/ow2/asm/asm/9.2/asm-9.2.pom (2.4 kB at 296 kB/s)
[INFO] Downloading from maven-snapshots: https://repository.apache.org/content/repositories/snapshots/org/ow2/asm/asm-commons/9.2/asm-commons-9.2.pom
[INFO] Downloading from central: https://repo.maven.apache.org/maven2/org/ow2/asm/asm-commons/9.2/asm-commons-9.2.pom
[INFO] Downloaded from central: https://repo.maven.apache.org/maven2/org/ow2/asm/asm-commons/9.2/asm-commons-9.2.pom (3.0 kB at 423 kB/s)
[INFO] Downloading from maven-snapshots: https://repository.apache.org/content/repositories/snapshots/org/ow2/asm/asm-tree/9.2/asm-tree-9.2.pom
[INFO] Downloading from central: https://repo.maven.apache.org/maven2/org/ow2/asm/asm-tree/9.2/asm-tree-9.2.pom
[INFO] Downloaded from central: https://repo.maven.apache.org/maven2/org/ow2/asm/asm-tree/9.2/asm-tree-9.2.pom (2.6 kB at 324 kB/s)
[INFO] Downloading from maven-snapshots: https://repository.apache.org/content/repositories/snapshots/org/ow2/asm/asm-analysis/9.2/asm-analysis-9.2.pom
[INFO] Downloading from central: https://repo.maven.apache.org/maven2/org/ow2/asm/asm-analysis/9.2/asm-analysis-9.2.pom
[INFO] Downloaded from central: https://repo.maven.apache.org/maven2/org/ow2/asm/asm-analysis/9.2/asm-analysis-9.2.pom (2.6 kB at 327 kB/s)
[INFO] Downloading from maven-snapshots: https://repository.apache.org/content/repositories/snapshots/org/jdom/jdom2/2.0.6.1/jdom2-2.0.6.1.pom
[INFO] Downloading from central: https://repo.maven.apache.org/maven2/org/jdom/jdom2/2.0.6.1/jdom2-2.0.6.1.pom
[INFO] Downloaded from central: https://repo.maven.apache.org/maven2/org/jdom/jdom2/2.0.6.1/jdom2-2.0.6.1.pom (4.6 kB at 657 kB/s)
[INFO] Downloading from maven-snapshots: https://repository.apache.org/content/repositories/snapshots/org/vafer/jdependency/2.7.0/jdependency-2.7.0.pom
[INFO] Downloading from central: https://repo.maven.apache.org/maven2/org/vafer/jdependency/2.7.0/jdependency-2.7.0.pom
[INFO] Downloaded from central: https://repo.maven.apache.org/maven2/org/vafer/jdependency/2.7.0/jdependency-2.7.0.pom (14 kB at 1.7 MB/s)
[INFO] Downloading from maven-snapshots: https://repository.apache.org/content/repositories/snapshots/org/apache/commons/commons-lang3/3.8.1/commons-lang3-3.8.1.pom
[INFO] Downloading from central: https://repo.maven.apache.org/maven2/org/apache/commons/commons-lang3/3.8.1/commons-lang3-3.8.1.pom
[INFO] Downloaded from central: https://repo.maven.apache.org/maven2/org/apache/commons/commons-lang3/3.8.1/commons-lang3-3.8.1.pom (28 kB at 3.1 MB/s)
[INFO] Downloading from maven-snapshots: https://repository.apache.org/content/repositories/snapshots/org/apache/commons/commons-parent/47/commons-parent-47.pom
[INFO] Downloading from central: https://repo.maven.apache.org/maven2/org/apache/commons/commons-parent/47/commons-parent-47.pom
[INFO] Downloaded from central: https://repo.maven.apache.org/maven2/org/apache/commons/commons-parent/47/commons-parent-47.pom (78 kB at 8.6 MB/s)
[INFO] Downloading from maven-snapshots: https://repository.apache.org/content/repositories/snapshots/org/apache/apache/19/apache-19.pom
[INFO] Downloading from central: https://repo.maven.apache.org/maven2/org/apache/apache/19/apache-19.pom
[INFO] Downloaded from central: https://repo.maven.apache.org/maven2/org/apache/apache/19/apache-19.pom (15 kB at 2.2 MB/s)
[INFO] Downloading from maven-snapshots: https://repository.apache.org/content/repositories/snapshots/org/apache/commons/commons-collections4/4.2/commons-collections4-4.2.pom
[INFO] Downloading from central: https://repo.maven.apache.org/maven2/org/apache/commons/commons-collections4/4.2/commons-collections4-4.2.pom
[INFO] Downloaded from central: https://repo.maven.apache.org/maven2/org/apache/commons/commons-collections4/4.2/commons-collections4-4.2.pom (23 kB at 1.0 MB/s)
[INFO] Downloading from maven-snapshots: https://repository.apache.org/content/repositories/snapshots/org/apache/maven/shared/maven-artifact-transfer/0.13.1/maven-artifact-transfer-0.13.1.jar
[INFO] Downloading from maven-snapshots: https://repository.apache.org/content/repositories/snapshots/org/slf4j/slf4j-api/1.7.32/slf4j-api-1.7.32.jar
[INFO] Downloading from maven-snapshots: https://repository.apache.org/content/repositories/snapshots/org/ow2/asm/asm/9.2/asm-9.2.jar
[INFO] Downloading from maven-snapshots: https://repository.apache.org/content/repositories/snapshots/org/ow2/asm/asm-commons/9.2/asm-commons-9.2.jar
[INFO] Downloading from maven-snapshots: https://repository.apache.org/content/repositories/snapshots/org/ow2/asm/asm-tree/9.2/asm-tree-9.2.jar
[INFO] Downloading from maven-snapshots: https://repository.apache.org/content/repositories/snapshots/org/ow2/asm/asm-analysis/9.2/asm-analysis-9.2.jar
[INFO] Downloading from maven-snapshots: https://repository.apache.org/content/repositories/snapshots/org/jdom/jdom2/2.0.6.1/jdom2-2.0.6.1.jar
[INFO] Downloading from maven-snapshots: https://repository.apache.org/content/repositories/snapshots/org/vafer/jdependency/2.7.0/jdependency-2.7.0.jar
[INFO] Downloading from maven-snapshots: https://repository.apache.org/content/repositories/snapshots/org/apache/commons/commons-lang3/3.8.1/commons-lang3-3.8.1.jar
[INFO] Downloading from maven-snapshots: https://repository.apache.org/content/repositories/snapshots/org/apache/commons/commons-collections4/4.2/commons-collections4-4.2.jar
[INFO] Downloading from central: https://repo.maven.apache.org/maven2/org/apache/maven/shared/maven-artifact-transfer/0.13.1/maven-artifact-transfer-0.13.1.jar
[INFO] Downloading from central: https://repo.maven.apache.org/maven2/org/slf4j/slf4j-api/1.7.32/slf4j-api-1.7.32.jar
[INFO] Downloading from central: https://repo.maven.apache.org/maven2/org/ow2/asm/asm/9.2/asm-9.2.jar
[INFO] Downloading from central: https://repo.maven.apache.org/maven2/org/ow2/asm/asm-commons/9.2/asm-commons-9.2.jar
[INFO] Downloaded from central: https://repo.maven.apache.org/maven2/org/slf4j/slf4j-api/1.7.32/slf4j-api-1.7.32.jar (42 kB at 2.8 MB/s)
[INFO] Downloading from central: https://repo.maven.apache.org/maven2/org/ow2/asm/asm-analysis/9.2/asm-analysis-9.2.jar
[INFO] Downloaded from central: https://repo.maven.apache.org/maven2/org/apache/maven/shared/maven-artifact-transfer/0.13.1/maven-artifact-transfer-0.13.1.jar (159 kB at 8.0 MB/s)
[INFO] Downloading from central: https://repo.maven.apache.org/maven2/org/jdom/jdom2/2.0.6.1/jdom2-2.0.6.1.jar
[INFO] Downloading from central: https://repo.maven.apache.org/maven2/org/ow2/asm/asm-tree/9.2/asm-tree-9.2.jar
[INFO] Downloaded from central: https://repo.maven.apache.org/maven2/org/ow2/asm/asm-analysis/9.2/asm-analysis-9.2.jar (34 kB at 2.9 MB/s)
[INFO] Downloading from central: https://repo.maven.apache.org/maven2/org/vafer/jdependency/2.7.0/jdependency-2.7.0.jar
[INFO] Downloaded from central: https://repo.maven.apache.org/maven2/org/ow2/asm/asm/9.2/asm-9.2.jar (122 kB at 4.2 MB/s)
[INFO] Downloaded from central: https://repo.maven.apache.org/maven2/org/ow2/asm/asm-tree/9.2/asm-tree-9.2.jar (53 kB at 1.8 MB/s)
[INFO] Downloaded from central: https://repo.maven.apache.org/maven2/org/ow2/asm/asm-commons/9.2/asm-commons-9.2.jar (73 kB at 2.5 MB/s)
[INFO] Downloading from central: https://repo.maven.apache.org/maven2/org/apache/commons/commons-lang3/3.8.1/commons-lang3-3.8.1.jar
[INFO] Downloading from central: https://repo.maven.apache.org/maven2/org/apache/commons/commons-collections4/4.2/commons-collections4-4.2.jar
[INFO] Downloaded from central: https://repo.maven.apache.org/maven2/org/jdom/jdom2/2.0.6.1/jdom2-2.0.6.1.jar (328 kB at 13 MB/s)
[INFO] Downloaded from central: https://repo.maven.apache.org/maven2/org/apache/commons/commons-lang3/3.8.1/commons-lang3-3.8.1.jar (502 kB at 10 MB/s)
[INFO] Downloaded from central: https://repo.maven.apache.org/maven2/org/apache/commons/commons-collections4/4.2/commons-collections4-4.2.jar (753 kB at 15 MB/s)
[INFO] Downloaded from central: https://repo.maven.apache.org/maven2/org/vafer/jdependency/2.7.0/jdependency-2.7.0.jar (233 kB at 2.5 MB/s)
[INFO] Including com.github.SlimeTraditionalTranslation:InfinityLib:jar:7a28e65c33 in the shaded jar.
[INFO] Including net.kyori:adventure-text-minimessage:jar:4.10.1 in the shaded jar.
[INFO] Including net.kyori:adventure-api:jar:4.10.1 in the shaded jar.
[INFO] Including net.kyori:adventure-key:jar:4.10.1 in the shaded jar.
[INFO] Including net.kyori:examination-api:jar:1.3.0 in the shaded jar.
[INFO] Including net.kyori:examination-string:jar:1.3.0 in the shaded jar.
[INFO] Including org.jetbrains:annotations:jar:23.0.0 in the shaded jar.
[INFO] Including net.kyori:adventure-text-serializer-legacy:jar:4.10.1 in the shaded jar.
[INFO] Dependency-reduced POM written at: /home/runner/work/builds/builds/SlimeTraditionalTranslation/AlchimiaVitae/master/files/dependency-reduced-pom.xml
[WARNING] annotations-23.0.0.jar, examination-api-1.3.0.jar, examination-string-1.3.0.jar define 1 overlapping classes: 
[WARNING]   - META-INF.versions.9.module-info
[WARNING] maven-shade-plugin has detected that some class files are
[WARNING] present in two or more JARs. When this happens, only one
[WARNING] single version of the class is copied to the uber jar.
[WARNING] Usually this is not harmful and you can skip these warnings,
[WARNING] otherwise try to manually exclude artifacts based on
[WARNING] mvn dependency:tree -Ddetail=true and the above output.
[WARNING] See https://maven.apache.org/plugins/maven-shade-plugin/
[INFO] Replacing original artifact with shaded artifact.
[INFO] Replacing /home/runner/work/builds/builds/SlimeTraditionalTranslation/AlchimiaVitae/master/files/target/AlchimiaVitae-20.jar with /home/runner/work/builds/builds/SlimeTraditionalTranslation/AlchimiaVitae/master/files/target/AlchimiaVitae-EFI - 20 (git bfde8195)-shaded.jar
[INFO] ------------------------------------------------------------------------
[INFO] BUILD SUCCESS
[INFO] ------------------------------------------------------------------------
[INFO] Total time:  30.831 s
[INFO] Finished at: 2023-05-01T17:40:06Z
[INFO] ------------------------------------------------------------------------
