[INFO] Scanning for projects...
[INFO] 
[INFO] -----------------< io.github.thebusybiscuit:EcoPower >------------------
[INFO] Building EcoPower EFI - 8 (git b2c300d3)
[INFO] --------------------------------[ jar ]---------------------------------
[INFO] Downloading from codemc-repo: https://repo.codemc.org/repository/maven-public/org/spigotmc/spigot-api/1.16.5-R0.1-SNAPSHOT/maven-metadata.xml
[INFO] Downloading from paper-repo: https://repo.destroystokyo.com/repository/maven-public/org/spigotmc/spigot-api/1.16.5-R0.1-SNAPSHOT/spigot-api-1.16.5-R0.1-20210611.041013-99.jar
[INFO] Downloading from paper-repo: https://repo.destroystokyo.com/repository/maven-public/org/yaml/snakeyaml/1.27/snakeyaml-1.27.jar
[INFO] Downloaded from paper-repo: https://repo.destroystokyo.com/repository/maven-public/org/yaml/snakeyaml/1.27/snakeyaml-1.27.jar (310 kB at 158 kB/s)
[INFO] Downloaded from paper-repo: https://repo.destroystokyo.com/repository/maven-public/org/spigotmc/spigot-api/1.16.5-R0.1-SNAPSHOT/spigot-api-1.16.5-R0.1-20210611.041013-99.jar (1.3 MB at 649 kB/s)
[INFO] 
[INFO] --- maven-clean-plugin:2.5:clean (default-clean) @ EcoPower ---
[INFO] 
[INFO] --- maven-resources-plugin:2.6:resources (default-resources) @ EcoPower ---
[INFO] Using 'UTF-8' encoding to copy filtered resources.
[INFO] Copying 2 resources
[INFO] Copying 1 resource
[INFO] 
[INFO] --- maven-compiler-plugin:3.1:compile (default-compile) @ EcoPower ---
[INFO] Changes detected - recompiling the module!
[INFO] Compiling 9 source files to /home/runner/work/builds/builds/SlimeTraditionalTranslation/EcoPower/master/files/target/classes
[INFO] 
[INFO] --- maven-resources-plugin:2.6:testResources (default-testResources) @ EcoPower ---
[INFO] Using 'UTF-8' encoding to copy filtered resources.
[INFO] skip non existing resourceDirectory /home/runner/work/builds/builds/SlimeTraditionalTranslation/EcoPower/master/files/src/test/resources
[INFO] 
[INFO] --- maven-compiler-plugin:3.1:testCompile (default-testCompile) @ EcoPower ---
[INFO] No sources to compile
[INFO] 
[INFO] --- maven-surefire-plugin:2.12.4:test (default-test) @ EcoPower ---
[INFO] No tests to run.
[INFO] 
[INFO] --- maven-jar-plugin:2.4:jar (default-jar) @ EcoPower ---
[INFO] Building jar: /home/runner/work/builds/builds/SlimeTraditionalTranslation/EcoPower/master/files/target/EcoPower-8.jar
[INFO] 
[INFO] --- maven-shade-plugin:3.2.4:shade (default) @ EcoPower ---
[INFO] Including org.bstats:bstats-bukkit:jar:2.2.1 in the shaded jar.
[INFO] Including org.bstats:bstats-base:jar:2.2.1 in the shaded jar.
[INFO] Replacing original artifact with shaded artifact.
[INFO] Replacing /home/runner/work/builds/builds/SlimeTraditionalTranslation/EcoPower/master/files/target/EcoPower-8.jar with /home/runner/work/builds/builds/SlimeTraditionalTranslation/EcoPower/master/files/target/EcoPower-EFI - 8 (git b2c300d3)-shaded.jar
[INFO] Dependency-reduced POM written at: /home/runner/work/builds/builds/SlimeTraditionalTranslation/EcoPower/master/files/dependency-reduced-pom.xml
[INFO] ------------------------------------------------------------------------
[INFO] BUILD SUCCESS
[INFO] ------------------------------------------------------------------------
[INFO] Total time:  6.706 s
[INFO] Finished at: 2021-09-07T15:09:59Z
[INFO] ------------------------------------------------------------------------
